Archive member included to satisfy reference by file (symbol)

C:/ST/STM32CubeIDE_1.13.2/STM32CubeIDE/plugins/com.st.stm32cube.ide.mcu.externaltools.gnu-tools-for-stm32.11.3.rel1.win32_1.1.100.202309141235/tools/bin/../lib/gcc/arm-none-eabi/11.3.1/../../../../arm-none-eabi/lib/thumb/v7e-m+fp/hard\libc_nano.a(libc_a-exit.o)
                              C:/ST/STM32CubeIDE_1.13.2/STM32CubeIDE/plugins/com.st.stm32cube.ide.mcu.externaltools.gnu-tools-for-stm32.11.3.rel1.win32_1.1.100.202309141235/tools/bin/../lib/gcc/arm-none-eabi/11.3.1/../../../../arm-none-eabi/lib/thumb/v7e-m+fp/hard/crt0.o (exit)
C:/ST/STM32CubeIDE_1.13.2/STM32CubeIDE/plugins/com.st.stm32cube.ide.mcu.externaltools.gnu-tools-for-stm32.11.3.rel1.win32_1.1.100.202309141235/tools/bin/../lib/gcc/arm-none-eabi/11.3.1/../../../../arm-none-eabi/lib/thumb/v7e-m+fp/hard\libc_nano.a(libc_a-rand.o)
                              ./Core/Src/snake.o (rand)
C:/ST/STM32CubeIDE_1.13.2/STM32CubeIDE/plugins/com.st.stm32cube.ide.mcu.externaltools.gnu-tools-for-stm32.11.3.rel1.win32_1.1.100.202309141235/tools/bin/../lib/gcc/arm-none-eabi/11.3.1/../../../../arm-none-eabi/lib/thumb/v7e-m+fp/hard\libc_nano.a(libc_a-findfp.o)
                              C:/ST/STM32CubeIDE_1.13.2/STM32CubeIDE/plugins/com.st.stm32cube.ide.mcu.externaltools.gnu-tools-for-stm32.11.3.rel1.win32_1.1.100.202309141235/tools/bin/../lib/gcc/arm-none-eabi/11.3.1/../../../../arm-none-eabi/lib/thumb/v7e-m+fp/hard\libc_nano.a(libc_a-exit.o) (__stdio_exit_handler)
C:/ST/STM32CubeIDE_1.13.2/STM32CubeIDE/plugins/com.st.stm32cube.ide.mcu.externaltools.gnu-tools-for-stm32.11.3.rel1.win32_1.1.100.202309141235/tools/bin/../lib/gcc/arm-none-eabi/11.3.1/../../../../arm-none-eabi/lib/thumb/v7e-m+fp/hard\libc_nano.a(libc_a-fwalk.o)
                              C:/ST/STM32CubeIDE_1.13.2/STM32CubeIDE/plugins/com.st.stm32cube.ide.mcu.externaltools.gnu-tools-for-stm32.11.3.rel1.win32_1.1.100.202309141235/tools/bin/../lib/gcc/arm-none-eabi/11.3.1/../../../../arm-none-eabi/lib/thumb/v7e-m+fp/hard\libc_nano.a(libc_a-findfp.o) (_fwalk_sglue)
C:/ST/STM32CubeIDE_1.13.2/STM32CubeIDE/plugins/com.st.stm32cube.ide.mcu.externaltools.gnu-tools-for-stm32.11.3.rel1.win32_1.1.100.202309141235/tools/bin/../lib/gcc/arm-none-eabi/11.3.1/../../../../arm-none-eabi/lib/thumb/v7e-m+fp/hard\libc_nano.a(libc_a-snprintf.o)
                              ./Core/Src/uart.o (snprintf)
C:/ST/STM32CubeIDE_1.13.2/STM32CubeIDE/plugins/com.st.stm32cube.ide.mcu.externaltools.gnu-tools-for-stm32.11.3.rel1.win32_1.1.100.202309141235/tools/bin/../lib/gcc/arm-none-eabi/11.3.1/../../../../arm-none-eabi/lib/thumb/v7e-m+fp/hard\libc_nano.a(libc_a-sprintf.o)
                              ./Core/Src/uart.o (sprintf)
C:/ST/STM32CubeIDE_1.13.2/STM32CubeIDE/plugins/com.st.stm32cube.ide.mcu.externaltools.gnu-tools-for-stm32.11.3.rel1.win32_1.1.100.202309141235/tools/bin/../lib/gcc/arm-none-eabi/11.3.1/../../../../arm-none-eabi/lib/thumb/v7e-m+fp/hard\libc_nano.a(libc_a-stdio.o)
                              C:/ST/STM32CubeIDE_1.13.2/STM32CubeIDE/plugins/com.st.stm32cube.ide.mcu.externaltools.gnu-tools-for-stm32.11.3.rel1.win32_1.1.100.202309141235/tools/bin/../lib/gcc/arm-none-eabi/11.3.1/../../../../arm-none-eabi/lib/thumb/v7e-m+fp/hard\libc_nano.a(libc_a-findfp.o) (__sread)
C:/ST/STM32CubeIDE_1.13.2/STM32CubeIDE/plugins/com.st.stm32cube.ide.mcu.externaltools.gnu-tools-for-stm32.11.3.rel1.win32_1.1.100.202309141235/tools/bin/../lib/gcc/arm-none-eabi/11.3.1/../../../../arm-none-eabi/lib/thumb/v7e-m+fp/hard\libc_nano.a(libc_a-memset.o)
                              C:/ST/STM32CubeIDE_1.13.2/STM32CubeIDE/plugins/com.st.stm32cube.ide.mcu.externaltools.gnu-tools-for-stm32.11.3.rel1.win32_1.1.100.202309141235/tools/bin/../lib/gcc/arm-none-eabi/11.3.1/../../../../arm-none-eabi/lib/thumb/v7e-m+fp/hard/crt0.o (memset)
C:/ST/STM32CubeIDE_1.13.2/STM32CubeIDE/plugins/com.st.stm32cube.ide.mcu.externaltools.gnu-tools-for-stm32.11.3.rel1.win32_1.1.100.202309141235/tools/bin/../lib/gcc/arm-none-eabi/11.3.1/../../../../arm-none-eabi/lib/thumb/v7e-m+fp/hard\libc_nano.a(libc_a-strcat.o)
                              ./Core/Src/uart.o (strcat)
C:/ST/STM32CubeIDE_1.13.2/STM32CubeIDE/plugins/com.st.stm32cube.ide.mcu.externaltools.gnu-tools-for-stm32.11.3.rel1.win32_1.1.100.202309141235/tools/bin/../lib/gcc/arm-none-eabi/11.3.1/../../../../arm-none-eabi/lib/thumb/v7e-m+fp/hard\libc_nano.a(libc_a-closer.o)
                              C:/ST/STM32CubeIDE_1.13.2/STM32CubeIDE/plugins/com.st.stm32cube.ide.mcu.externaltools.gnu-tools-for-stm32.11.3.rel1.win32_1.1.100.202309141235/tools/bin/../lib/gcc/arm-none-eabi/11.3.1/../../../../arm-none-eabi/lib/thumb/v7e-m+fp/hard\libc_nano.a(libc_a-stdio.o) (_close_r)
C:/ST/STM32CubeIDE_1.13.2/STM32CubeIDE/plugins/com.st.stm32cube.ide.mcu.externaltools.gnu-tools-for-stm32.11.3.rel1.win32_1.1.100.202309141235/tools/bin/../lib/gcc/arm-none-eabi/11.3.1/../../../../arm-none-eabi/lib/thumb/v7e-m+fp/hard\libc_nano.a(libc_a-reent.o)
[...]
Memory Configuration

Name             Origin             Length             Attributes
CCMRAM           0x0000000010000000 0x0000000000010000 xrw
RAM              0x0000000020000000 0x0000000000020000 xrw
FLASH            0x0000000008000000 0x0000000000100000 xr
*default*        0x0000000000000000 0xffffffffffffffff

Linker script and memory map

LOAD C:/ST/STM32CubeIDE_1.13.2/STM32CubeIDE/plugins/com.st.stm32cube.ide.mcu.externaltools.gnu-tools-for-stm32.11.3.rel1.win32_1.1.100.202309141235/tools/bin/../lib/gcc/arm-none-eabi/11.3.1/thumb/v7e-m+fp/hard/crti.o
LOAD C:/ST/STM32CubeIDE_1.13.2/STM32CubeIDE/plugins/com.st.stm32cube.ide.mcu.externaltools.gnu-tools-for-stm32.11.3.rel1.win32_1.1.100.202309141235/tools/bin/../lib/gcc/arm-none-eabi/11.3.1/thumb/v7e-m+fp/hard/crtbegin.o
LOAD C:/ST/STM32CubeIDE_1.13.2/STM32CubeIDE/plugins/com.st.stm32cube.ide.mcu.externaltools.gnu-tools-for-stm32.11.3.rel1.win32_1.1.100.202309141235/tools/bin/../lib/gcc/arm-none-eabi/11.3.1/../../../../arm-none-eabi/lib/thumb/v7e-m+fp/hard/crt0.o
LOAD ./Core/Src/UI.o
LOAD ./Core/Src/adc.o
LOAD ./Core/Src/at24c.o
LOAD ./Core/Src/button.o
LOAD ./Core/Src/buzzer.o
LOAD ./Core/Src/dma.o
LOAD ./Core/Src/ds3231.o
LOAD ./Core/Src/fsmc.o
LOAD ./Core/Src/gpio.o
LOAD ./Core/Src/i2c.o
LOAD ./Core/Src/lcd.o
LOAD ./Core/Src/led_7seg.o
LOAD ./Core/Src/light_control.o
LOAD ./Core/Src/main.o
LOAD ./Core/Src/picture.o
LOAD ./Core/Src/sensor.o
LOAD ./Core/Src/snake.o
LOAD ./Core/Src/software_timer.o
LOAD ./Core/Src/spi.o
LOAD ./Core/Src/stm32f4xx_hal_msp.o
LOAD ./Core/Src/stm32f4xx_it.o
LOAD ./Core/Src/syscalls.o
LOAD ./Core/Src/sysmem.o
LOAD ./Core/Src/system_stm32f4xx.o
LOAD ./Core/Src/tim.o
LOAD ./Core/Src/touch.o
LOAD ./Core/Src/uart.o
LOAD ./Core/Src/usart.o
LOAD ./Core/Src/utils.o
LOAD ./Core/Startup/startup_stm32f407zetx.o
LOAD ./Drivers/STM32F4xx_HAL_Driver/Src/stm32f4xx_hal.o
LOAD ./Drivers/STM32F4xx_HAL_Driver/Src/stm32f4xx_hal_adc.o
LOAD ./Drivers/STM32F4xx_HAL_Driver/Src/stm32f4xx_hal_adc_ex.o
LOAD ./Drivers/STM32F4xx_HAL_Driver/Src/stm32f4xx_hal_cortex.o
LOAD ./Drivers/STM32F4xx_HAL_Driver/Src/stm32f4xx_hal_dma.o
LOAD ./Drivers/STM32F4xx_HAL_Driver/Src/stm32f4xx_hal_dma_ex.o
LOAD ./Drivers/STM32F4xx_HAL_Driver/Src/stm32f4xx_hal_exti.o
LOAD ./Drivers/STM32F4xx_HAL_Driver/Src/stm32f4xx_hal_flash.o
LOAD ./Drivers/STM32F4xx_HAL_Driver/Src/stm32f4xx_hal_flash_ex.o
LOAD ./Drivers/STM32F4xx_HAL_Driver/Src/stm32f4xx_hal_flash_ramfunc.o
LOAD ./Drivers/STM32F4xx_HAL_Driver/Src/stm32f4xx_hal_gpio.o
LOAD ./Drivers/STM32F4xx_HAL_Driver/Src/stm32f4xx_hal_i2c.o
LOAD ./Drivers/STM32F4xx_HAL_Driver/Src/stm32f4xx_hal_i2c_ex.o
LOAD ./Drivers/STM32F4xx_HAL_Driver/Src/stm32f4xx_hal_pwr.o
LOAD ./Drivers/STM32F4xx_HAL_Driver/Src/stm32f4xx_hal_pwr_ex.o
LOAD ./Drivers/STM32F4xx_HAL_Driver/Src/stm32f4xx_hal_rcc.o
LOAD ./Drivers/STM32F4xx_HAL_Driver/Src/stm32f4xx_hal_rcc_ex.o
LOAD ./Drivers/STM32F4xx_HAL_Driver/Src/stm32f4xx_hal_spi.o
LOAD ./Drivers/STM32F4xx_HAL_Driver/Src/stm32f4xx_hal_sram.o
LOAD ./Drivers/STM32F4xx_HAL_Driver/Src/stm32f4xx_hal_tim.o
LOAD ./Drivers/STM32F4xx_HAL_Driver/Src/stm32f4xx_hal_tim_ex.o
LOAD ./Drivers/STM32F4xx_HAL_Driver/Src/stm32f4xx_hal_uart.o
LOAD ./Drivers/STM32F4xx_HAL_Driver/Src/stm32f4xx_ll_adc.o
LOAD ./Drivers/STM32F4xx_HAL_Driver/Src/stm32f4xx_ll_fsmc.o
START GROUP
LOAD C:/ST/STM32CubeIDE_1.13.2/STM32CubeIDE/plugins/com.st.stm32cube.ide.mcu.externaltools.gnu-tools-for-stm32.11.3.rel1.win32_1.1.100.202309141235/tools/bin/../lib/gcc/arm-none-eabi/11.3.1/../../../../arm-none-eabi/lib/thumb/v7e-m+fp/hard\libc_nano.a
LOAD C:/ST/STM32CubeIDE_1.13.2/STM32CubeIDE/plugins/com.st.stm32cube.ide.mcu.externaltools.gnu-tools-for-stm32.11.3.rel1.win32_1.1.100.202309141235/tools/bin/../lib/gcc/arm-none-eabi/11.3.1/../../../../arm-none-eabi/lib/thumb/v7e-m+fp/hard\libm.a
END GROUP
START GROUP
LOAD C:/ST/STM32CubeIDE_1.13.2/STM32CubeIDE/plugins/com.st.stm32cube.ide.mcu.externaltools.gnu-tools-for-stm32.11.3.rel1.win32_1.1.100.202309141235/tools/bin/../lib/gcc/arm-none-eabi/11.3.1/thumb/v7e-m+fp/hard\libgcc.a
LOAD C:/ST/STM32CubeIDE_1.13.2/STM32CubeIDE/plugins/com.st.stm32cube.ide.mcu.externaltools.gnu-tools-for-stm32.11.3.rel1.win32_1.1.100.202309141235/tools/bin/../lib/gcc/arm-none-eabi/11.3.1/../../../../arm-none-eabi/lib/thumb/v7e-m+fp/hard\libc_nano.a
END GROUP
START GROUP
LOAD C:/ST/STM32CubeIDE_1.13.2/STM32CubeIDE/plugins/com.st.stm32cube.ide.mcu.externaltools.gnu-tools-for-stm32.11.3.rel1.win32_1.1.100.202309141235/tools/bin/../lib/gcc/arm-none-eabi/11.3.1/thumb/v7e-m+fp/hard\libgcc.a
LOAD C:/ST/STM32CubeIDE_1.13.2/STM32CubeIDE/plugins/com.st.stm32cube.ide.mcu.externaltools.gnu-tools-for-stm32.11.3.rel1.win32_1.1.100.202309141235/tools/bin/../lib/gcc/arm-none-eabi/11.3.1/../../../../arm-none-eabi/lib/thumb/v7e-m+fp/hard\libc_nano.a
LOAD C:/ST/STM32CubeIDE_1.13.2/STM32CubeIDE/plugins/com.st.stm32cube.ide.mcu.externaltools.gnu-tools-for-stm32.11.3.rel1.win32_1.1.100.202309141235/tools/bin/../lib/gcc/arm-none-eabi/11.3.1/../../../../arm-none-eabi/lib/thumb/v7e-m+fp/hard\libnosys.a
END GROUP
START GROUP
LOAD C:/ST/STM32CubeIDE_1.13.2/STM32CubeIDE/plugins/com.st.stm32cube.ide.mcu.externaltools.gnu-tools-for-stm32.11.3.rel1.win32_1.1.100.202309141235/tools/bin/../lib/gcc/arm-none-eabi/11.3.1/thumb/v7e-m+fp/hard\libgcc.a
LOAD C:/ST/STM32CubeIDE_1.13.2/STM32CubeIDE/plugins/com.st.stm32cube.ide.mcu.externaltools.gnu-tools-for-stm32.11.3.rel1.win32_1.1.100.202309141235/tools/bin/../lib/gcc/arm-none-eabi/11.3.1/../../../../arm-none-eabi/lib/thumb/v7e-m+fp/hard\libc_nano.a
LOAD C:/ST/STM32CubeIDE_1.13.2/STM32CubeIDE/plugins/com.st.stm32cube.ide.mcu.externaltools.gnu-tools-for-stm32.11.3.rel1.win32_1.1.100.202309141235/tools/bin/../lib/gcc/arm-none-eabi/11.3.1/../../../../arm-none-eabi/lib/thumb/v7e-m+fp/hard\libnosys.a
END GROUP
LOAD C:/ST/STM32CubeIDE_1.13.2/STM32CubeIDE/plugins/com.st.stm32cube.ide.mcu.externaltools.gnu-tools-for-stm32.11.3.rel1.win32_1.1.100.202309141235/tools/bin/../lib/gcc/arm-none-eabi/11.3.1/thumb/v7e-m+fp/hard/crtend.o
LOAD C:/ST/STM32CubeIDE_1.13.2/STM32CubeIDE/plugins/com.st.stm32cube.ide.mcu.externaltools.gnu-tools-for-stm32.11.3.rel1.win32_1.1.100.202309141235/tools/bin/../lib/gcc/arm-none-eabi/11.3.1/thumb/v7e-m+fp/hard/crtn.o
                0x0000000020020000                _estack = (ORIGIN (RAM) + LENGTH (RAM))
                0x0000000000000200                _Min_Heap_Size = 0x200
                0x0000000000000400                _Min_Stack_Size = 0x400

.isr_vector     0x0000000008000000      0x188
                0x0000000008000000                . = ALIGN (0x4)
 *(.isr_vector)
 .isr_vector    0x0000000008000000      0x188 ./Core/Startup/startup_stm32f407zetx.o
                0x0000000008000000                g_pfnVectors
                0x0000000008000188                . = ALIGN (0x4)

.text           0x0000000008000190     0xa8dc
                0x0000000008000190                . = ALIGN (0x4)
 *(.text)
 .text          0x0000000008000190       0x40 C:/ST/STM32CubeIDE_1.13.2/STM32CubeIDE/plugins/com.st.stm32cube.ide.mcu.externaltools.gnu-tools-for-stm32.11.3.rel1.win32_1.1.100.202309141235/tools/bin/../lib/gcc/arm-none-eabi/11.3.1/thumb/v7e-m+fp/hard/crtbegin.o
 .text          0x00000000080001d0       0x10 C:/ST/STM32CubeIDE_1.13.2/STM32CubeIDE/plugins/com.st.stm32cube.ide.mcu.externaltools.gnu-tools-for-stm32.11.3.rel1.win32_1.1.100.202309141235/tools/bin/../lib/gcc/arm-none-eabi/11.3.1/../../../../arm-none-eabi/lib/thumb/v7e-m+fp/hard\libc_nano.a(libc_a-strlen.o)
                0x00000000080001d0                strlen
 .text          0x00000000080001e0       0xa0 C:/ST/STM32CubeIDE_1.13.2/STM32CubeIDE/plugins/com.st.stm32cube.ide.mcu.externaltools.gnu-tools-for-stm32.11.3.rel1.win32_1.1.100.202309141235/tools/bin/../lib/gcc/arm-none-eabi/11.3.1/../../../../arm-none-eabi/lib/thumb/v7e-m+fp/hard\libc_nano.a(libc_a-memchr.o)
                0x00000000080001e0                memchr
 .text          0x0000000008000280       0x30 C:/ST/STM32CubeIDE_1.13.2/STM32CubeIDE/plugins/com.st.stm32cube.ide.mcu.externaltools.gnu-tools-for-stm32.11.3.rel1.win32_1.1.100.202309141235/tools/bin/../lib/gcc/arm-none-eabi/11.3.1/thumb/v7e-m+fp/hard\libgcc.a(_aeabi_uldivmod.o)
                0x0000000008000280                __aeabi_uldivmod
 .text          0x00000000080002b0      0x2c8 C:/ST/STM32CubeIDE_1.13.2/STM32CubeIDE/plugins/com.st.stm32cube.ide.mcu.externaltools.gnu-tools-for-stm32.11.3.rel1.win32_1.1.100.202309141235/tools/bin/../lib/gcc/arm-none-eabi/11.3.1/thumb/v7e-m+fp/hard\libgcc.a(_udivmoddi4.o)
                0x00000000080002b0                __udivmoddi4
 .text          0x0000000008000578        0x4 C:/ST/STM32CubeIDE_1.13.2/STM32CubeIDE/plugins/com.st.stm32cube.ide.mcu.externaltools.gnu-tools-for-stm32.11.3.rel1.win32_1.1.100.202309141235/tools/bin/../lib/gcc/arm-none-eabi/11.3.1/thumb/v7e-m+fp/hard\libgcc.a(_dvmd_tls.o)
                0x0000000008000578                __aeabi_idiv0
                0x0000000008000578                __aeabi_ldiv0
 *(.text*)
 .text.MX_ADC1_Init
                0x000000000800057c      0x114 ./Core/Src/adc.o
                0x000000000800057c                MX_ADC1_Init
 .text.HAL_ADC_MspInit
                0x0000000008000690      0x128 ./Core/Src/adc.o
                0x0000000008000690                HAL_ADC_MspInit
 .text.button_init
                0x00000000080007b8       0x18 ./Core/Src/button.o
                0x00000000080007b8                button_init
 .text.button_Scan
                0x00000000080007d0       0xd8 ./Core/Src/button.o
                0x00000000080007d0                button_Scan
 .text.MX_DMA_Init
                0x00000000080008a8       0x40 ./Core/Src/dma.o
                0x00000000080008a8                MX_DMA_Init
 .text.MX_FSMC_Init
                0x00000000080008e8       0xf4 ./Core/Src/fsmc.o
                0x00000000080008e8                MX_FSMC_Init
 .text.HAL_FSMC_MspInit
                0x00000000080009dc       0x98 ./Core/Src/fsmc.o
 .text.HAL_SRAM_MspInit
                0x0000000008000a74       0x14 ./Core/Src/fsmc.o
                0x0000000008000a74                HAL_SRAM_MspInit
 .text.MX_GPIO_Init
                0x0000000008000a88      0x274 ./Core/Src/gpio.o
                0x0000000008000a88                MX_GPIO_Init
 .text.MX_I2C1_Init
                0x0000000008000cfc       0x5c ./Core/Src/i2c.o
                0x0000000008000cfc                MX_I2C1_Init
 .text.HAL_I2C_MspInit
                0x0000000008000d58       0x90 ./Core/Src/i2c.o
                0x0000000008000d58                HAL_I2C_MspInit
 .text.LCD_WR_REG
                0x0000000008000de8       0x20 ./Core/Src/lcd.o
                0x0000000008000de8                LCD_WR_REG
 .text.LCD_WR_DATA
                0x0000000008000e08       0x20 ./Core/Src/lcd.o
 .text.LCD_RD_DATA
                0x0000000008000e28       0x24 ./Core/Src/lcd.o
 .text.lcd_AddressSet
                0x0000000008000e4c       0x98 ./Core/Src/lcd.o
                0x0000000008000e4c                lcd_AddressSet
 .text.lcd_Clear
                0x0000000008000ee4       0x64 ./Core/Src/lcd.o
                0x0000000008000ee4                lcd_Clear
 .text.lcd_Fill
                0x0000000008000f48       0x6c ./Core/Src/lcd.o
                0x0000000008000f48                lcd_Fill
 .text.lcd_DrawPoint
                0x0000000008000fb4       0x2e ./Core/Src/lcd.o
                0x0000000008000fb4                lcd_DrawPoint
 .text.lcd_DrawLine
                0x0000000008000fe2      0x108 ./Core/Src/lcd.o
                0x0000000008000fe2                lcd_DrawLine
 .text.lcd_DrawRectangle
                0x00000000080010ea       0x6e ./Core/Src/lcd.o
                0x00000000080010ea                lcd_DrawRectangle
 .text.lcd_ShowChar
                0x0000000008001158      0x1a0 ./Core/Src/lcd.o
                0x0000000008001158                lcd_ShowChar
 .text.mypow    0x00000000080012f8       0x38 ./Core/Src/lcd.o
                0x00000000080012f8                mypow
 .text.lcd_ShowIntNum
                0x0000000008001330       0xfc ./Core/Src/lcd.o
                0x0000000008001330                lcd_ShowIntNum
 .text.lcd_ShowPicture
                0x000000000800142c       0xac ./Core/Src/lcd.o
                0x000000000800142c                lcd_ShowPicture
 .text.lcd_SetDir
                0x00000000080014d8       0x48 ./Core/Src/lcd.o
                0x00000000080014d8                lcd_SetDir
 .text.lcd_init
                0x0000000008001520      0x2c0 ./Core/Src/lcd.o
                0x0000000008001520                lcd_init
 .text.lcd_ShowStr
                0x00000000080017e0       0xc8 ./Core/Src/lcd.o
                0x00000000080017e0                lcd_ShowStr
 .text.led7_init
                0x00000000080018a8       0x18 ./Core/Src/led_7seg.o
                0x00000000080018a8                led7_init
 .text.led7_Scan
                0x00000000080018c0      0x118 ./Core/Src/led_7seg.o
                0x00000000080018c0                led7_Scan
 .text.led7_SetDigit
                0x00000000080019d8       0x48 ./Core/Src/led_7seg.o
                0x00000000080019d8                led7_SetDigit
 .text.main     0x0000000008001a20      0x108 ./Core/Src/main.o
                0x0000000008001a20                main
 .text.SystemClock_Config
                0x0000000008001b28       0xd4 ./Core/Src/main.o
                0x0000000008001b28                SystemClock_Config
 .text.system_init
                0x0000000008001bfc       0x50 ./Core/Src/main.o
                0x0000000008001bfc                system_init
 .text.display_UI
                0x0000000008001c4c       0xf4 ./Core/Src/main.o
                0x0000000008001c4c                display_UI
 .text.choose_level
                0x0000000008001d40      0x100 ./Core/Src/main.o
                0x0000000008001d40                choose_level
 .text.display_UI_Snake_Game
                0x0000000008001e40       0xc4 ./Core/Src/main.o
                0x0000000008001e40                display_UI_Snake_Game
 .text.Error_Handler
                0x0000000008001f04        0xa ./Core/Src/main.o
                0x0000000008001f04                Error_Handler
 *fill*         0x0000000008001f0e        0x2 
 .text.sensor_init
                0x0000000008001f10       0x1c ./Core/Src/sensor.o
                0x0000000008001f10                sensor_init
 .text.sensor_Read
                0x0000000008001f2c       0x1c ./Core/Src/sensor.o
                0x0000000008001f2c                sensor_Read
 .text.sensor_GetLight
                0x0000000008001f48       0x18 ./Core/Src/sensor.o
                0x0000000008001f48                sensor_GetLight
 .text.sensor_GetPotentiometer
                0x0000000008001f60       0x18 ./Core/Src/sensor.o
                0x0000000008001f60                sensor_GetPotentiometer
 .text.sensor_GetTemperature
                0x0000000008001f78       0x3c ./Core/Src/sensor.o
                0x0000000008001f78                sensor_GetTemperature
 .text.random_eat
                0x0000000008001fb4       0x38 ./Core/Src/snake.o
                0x0000000008001fb4                random_eat
 .text.createWall_color
                0x0000000008001fec       0x30 ./Core/Src/snake.o
                0x0000000008001fec                createWall_color
 .text.createWall
                0x000000000800201c       0x64 ./Core/Src/snake.o
                0x000000000800201c                createWall
 .text.snake_init
                0x0000000008002080       0x38 ./Core/Src/snake.o
                0x0000000008002080                snake_init
 .text.reset_game
                0x00000000080020b8      0x190 ./Core/Src/snake.o
                0x00000000080020b8                reset_game
 .text.game_over
                0x0000000008002248      0x10c ./Core/Src/snake.o
                0x0000000008002248                game_over
 .text.checkBite
                0x0000000008002354      0x1b4 ./Core/Src/snake.o
                0x0000000008002354                checkBite
 .text.snakeSelfBite
                0x0000000008002508       0x84 ./Core/Src/snake.o
                0x0000000008002508                snakeSelfBite
 .text.moveWall
                0x000000000800258c      0x2c0 ./Core/Src/snake.o
                0x000000000800258c                moveWall
 .text.checkCollision
                0x000000000800284c      0x180 ./Core/Src/snake.o
                0x000000000800284c                checkCollision
 .text.delete_path
                0x00000000080029cc      0x2ec ./Core/Src/snake.o
                0x00000000080029cc                delete_path
 .text.right    0x0000000008002cb8      0x204 ./Core/Src/snake.o
                0x0000000008002cb8                right
 .text.left     0x0000000008002ebc      0x204 ./Core/Src/snake.o
                0x0000000008002ebc                left
 .text.up       0x00000000080030c0      0x21c ./Core/Src/snake.o
                0x00000000080030c0                up
 .text.down     0x00000000080032dc      0x204 ./Core/Src/snake.o
                0x00000000080032dc                down
 .text.eat_food_success
                0x00000000080034e0       0x64 ./Core/Src/snake.o
                0x00000000080034e0                eat_food_success
 .text.food     0x0000000008003544      0x220 ./Core/Src/snake.o
                0x0000000008003544                food
 .text.move     0x0000000008003764      0x1e8 ./Core/Src/snake.o
                0x0000000008003764                move
 .text.wall     0x000000000800394c      0x154 ./Core/Src/snake.o
                0x000000000800394c                wall
 .text.timer_init
                0x0000000008003aa0       0x1c ./Core/Src/software_timer.o
                0x0000000008003aa0                timer_init
 .text.setTimer2
                0x0000000008003abc       0x38 ./Core/Src/software_timer.o
                0x0000000008003abc                setTimer2
 .text.setTimerSendSensor
                0x0000000008003af4       0x38 ./Core/Src/software_timer.o
                0x0000000008003af4                setTimerSendSensor
 .text.HAL_TIM_PeriodElapsedCallback
                0x0000000008003b2c       0x8c ./Core/Src/software_timer.o
                0x0000000008003b2c                HAL_TIM_PeriodElapsedCallback
 .text.MX_SPI1_Init
                0x0000000008003bb8       0x6c ./Core/Src/spi.o
                0x0000000008003bb8                MX_SPI1_Init
 .text.HAL_SPI_MspInit
                0x0000000008003c24       0x90 ./Core/Src/spi.o
                0x0000000008003c24                HAL_SPI_MspInit
 .text.HAL_MspInit
                0x0000000008003cb4       0x50 ./Core/Src/stm32f4xx_hal_msp.o
                0x0000000008003cb4                HAL_MspInit
 .text.NMI_Handler
                0x0000000008003d04        0x6 ./Core/Src/stm32f4xx_it.o
                0x0000000008003d04                NMI_Handler
 .text.HardFault_Handler
                0x0000000008003d0a        0x6 ./Core/Src/stm32f4xx_it.o
                0x0000000008003d0a                HardFault_Handler
 .text.MemManage_Handler
                0x0000000008003d10        0x6 ./Core/Src/stm32f4xx_it.o
                0x0000000008003d10                MemManage_Handler
 .text.BusFault_Handler
                0x0000000008003d16        0x6 ./Core/Src/stm32f4xx_it.o
                0x0000000008003d16                BusFault_Handler
 .text.UsageFault_Handler
                0x0000000008003d1c        0x6 ./Core/Src/stm32f4xx_it.o
                0x0000000008003d1c                UsageFault_Handler
 .text.SVC_Handler
                0x0000000008003d22        0xe ./Core/Src/stm32f4xx_it.o
                0x0000000008003d22                SVC_Handler
 .text.DebugMon_Handler
                0x0000000008003d30        0xe ./Core/Src/stm32f4xx_it.o
                0x0000000008003d30                DebugMon_Handler
 .text.PendSV_Handler
                0x0000000008003d3e        0xe ./Core/Src/stm32f4xx_it.o
                0x0000000008003d3e                PendSV_Handler
 .text.SysTick_Handler
                0x0000000008003d4c        0xc ./Core/Src/stm32f4xx_it.o
                0x0000000008003d4c                SysTick_Handler
 .text.TIM2_IRQHandler
                0x0000000008003d58       0x14 ./Core/Src/stm32f4xx_it.o
                0x0000000008003d58                TIM2_IRQHandler
 .text.USART1_IRQHandler
                0x0000000008003d6c       0x14 ./Core/Src/stm32f4xx_it.o
                0x0000000008003d6c                USART1_IRQHandler
 .text.USART2_IRQHandler
                0x0000000008003d80       0x14 ./Core/Src/stm32f4xx_it.o
                0x0000000008003d80                USART2_IRQHandler
 .text.DMA2_Stream0_IRQHandler
                0x0000000008003d94       0x14 ./Core/Src/stm32f4xx_it.o
                0x0000000008003d94                DMA2_Stream0_IRQHandler
 .text._getpid  0x0000000008003da8       0x10 ./Core/Src/syscalls.o
                0x0000000008003da8                _getpid
 .text._kill    0x0000000008003db8       0x20 ./Core/Src/syscalls.o
                0x0000000008003db8                _kill
 .text._exit    0x0000000008003dd8       0x14 ./Core/Src/syscalls.o
                0x0000000008003dd8                _exit
 .text._read    0x0000000008003dec       0x3a ./Core/Src/syscalls.o
                0x0000000008003dec                _read
 .text._write   0x0000000008003e26       0x38 ./Core/Src/syscalls.o
                0x0000000008003e26                _write
 .text._close   0x0000000008003e5e       0x18 ./Core/Src/syscalls.o
                0x0000000008003e5e                _close
 .text._fstat   0x0000000008003e76       0x20 ./Core/Src/syscalls.o
                0x0000000008003e76                _fstat
 .text._isatty  0x0000000008003e96       0x16 ./Core/Src/syscalls.o
                0x0000000008003e96                _isatty
 .text._lseek   0x0000000008003eac       0x1a ./Core/Src/syscalls.o
                0x0000000008003eac                _lseek
 *fill*         0x0000000008003ec6        0x2 
 .text._sbrk    0x0000000008003ec8       0x6c ./Core/Src/sysmem.o
                0x0000000008003ec8                _sbrk
 .text.SystemInit
                0x0000000008003f34       0x24 ./Core/Src/system_stm32f4xx.o
                0x0000000008003f34                SystemInit
 .text.MX_TIM1_Init
                0x0000000008003f58       0xa0 ./Core/Src/tim.o
                0x0000000008003f58                MX_TIM1_Init
 .text.MX_TIM2_Init
                0x0000000008003ff8       0x98 ./Core/Src/tim.o
                0x0000000008003ff8                MX_TIM2_Init
 .text.MX_TIM13_Init
                0x0000000008004090       0x9c ./Core/Src/tim.o
                0x0000000008004090                MX_TIM13_Init
 .text.HAL_TIM_Base_MspInit
                0x000000000800412c       0xa4 ./Core/Src/tim.o
                0x000000000800412c                HAL_TIM_Base_MspInit
 .text.HAL_TIM_MspPostInit
                0x00000000080041d0       0x74 ./Core/Src/tim.o
                0x00000000080041d0                HAL_TIM_MspPostInit
 .text.uart_init_esp
                0x0000000008004244       0x2c ./Core/Src/uart.o
                0x0000000008004244                uart_init_esp
 .text.uart_EspSendBytes
                0x0000000008004270       0x24 ./Core/Src/uart.o
                0x0000000008004270                uart_EspSendBytes
 .text.HAL_UART_RxCpltCallback
                0x0000000008004294       0x94 ./Core/Src/uart.o
                0x0000000008004294                HAL_UART_RxCpltCallback
 .text.uartSendSensor
                0x0000000008004328       0xf0 ./Core/Src/uart.o
                0x0000000008004328                uartSendSensor
 .text.MX_USART1_UART_Init
                0x0000000008004418       0x54 ./Core/Src/usart.o
                0x0000000008004418                MX_USART1_UART_Init
 .text.MX_USART2_UART_Init
                0x000000000800446c       0x54 ./Core/Src/usart.o
                0x000000000800446c                MX_USART2_UART_Init
 .text.HAL_UART_MspInit
                0x00000000080044c0      0x118 ./Core/Src/usart.o
                0x00000000080044c0                HAL_UART_MspInit
 .text.Reset_Handler
                0x00000000080045d8       0x50 ./Core/Startup/startup_stm32f407zetx.o
                0x00000000080045d8                Reset_Handler
 .text.Default_Handler
                0x0000000008004628        0x2 ./Core/Startup/startup_stm32f407zetx.o
                0x0000000008004628                RTC_Alarm_IRQHandler
                0x0000000008004628                HASH_RNG_IRQHandler
                0x0000000008004628                EXTI2_IRQHandler
                0x0000000008004628                TIM8_CC_IRQHandler
                0x0000000008004628                TIM1_CC_IRQHandler
                0x0000000008004628                DMA2_Stream5_IRQHandler
                0x0000000008004628                DMA1_Stream5_IRQHandler
                0x0000000008004628                PVD_IRQHandler
                0x0000000008004628                SDIO_IRQHandler
                0x0000000008004628                TAMP_STAMP_IRQHandler
                0x0000000008004628                CAN2_RX1_IRQHandler
                0x0000000008004628                EXTI3_IRQHandler
                0x0000000008004628                TIM8_TRG_COM_TIM14_IRQHandler
                0x0000000008004628                TIM1_UP_TIM10_IRQHandler
                0x0000000008004628                TIM8_UP_TIM13_IRQHandler
                0x0000000008004628                I2C3_ER_IRQHandler
                0x0000000008004628                EXTI0_IRQHandler
                0x0000000008004628                I2C2_EV_IRQHandler
                0x0000000008004628                DMA1_Stream2_IRQHandler
                0x0000000008004628                CAN1_RX0_IRQHandler
                0x0000000008004628                FPU_IRQHandler
                0x0000000008004628                OTG_HS_WKUP_IRQHandler
                0x0000000008004628                CAN2_SCE_IRQHandler
                0x0000000008004628                DMA2_Stream2_IRQHandler
                0x0000000008004628                SPI1_IRQHandler
                0x0000000008004628                TIM6_DAC_IRQHandler
                0x0000000008004628                TIM1_BRK_TIM9_IRQHandler
                0x0000000008004628                DCMI_IRQHandler
                0x0000000008004628                CAN2_RX0_IRQHandler
                0x0000000008004628                DMA2_Stream3_IRQHandler
                0x0000000008004628                USART6_IRQHandler
                0x0000000008004628                USART3_IRQHandler
                0x0000000008004628                CAN1_RX1_IRQHandler
                0x0000000008004628                UART5_IRQHandler
                0x0000000008004628                TIM4_IRQHandler
                0x0000000008004628                I2C1_EV_IRQHandler
                0x0000000008004628                DMA1_Stream6_IRQHandler
                0x0000000008004628                DMA1_Stream1_IRQHandler
                0x0000000008004628                UART4_IRQHandler
                0x0000000008004628                TIM3_IRQHandler
                0x0000000008004628                RCC_IRQHandler
                0x0000000008004628                TIM8_BRK_TIM12_IRQHandler
                0x0000000008004628                Default_Handler
                0x0000000008004628                EXTI15_10_IRQHandler
                0x0000000008004628                ADC_IRQHandler
                0x0000000008004628                DMA1_Stream7_IRQHandler
                0x0000000008004628                TIM7_IRQHandler
                0x0000000008004628                CAN2_TX_IRQHandler
                0x0000000008004628                TIM5_IRQHandler
                0x0000000008004628                DMA2_Stream7_IRQHandler
                0x0000000008004628                I2C3_EV_IRQHandler
                0x0000000008004628                EXTI9_5_IRQHandler
                0x0000000008004628                RTC_WKUP_IRQHandler
                0x0000000008004628                ETH_WKUP_IRQHandler
                0x0000000008004628                SPI2_IRQHandler
                0x0000000008004628                OTG_HS_EP1_IN_IRQHandler
                0x0000000008004628                DMA1_Stream0_IRQHandler
                0x0000000008004628                CAN1_TX_IRQHandler
                0x0000000008004628                EXTI4_IRQHandler
                0x0000000008004628                FSMC_IRQHandler
                0x0000000008004628                ETH_IRQHandler
                0x0000000008004628                OTG_HS_EP1_OUT_IRQHandler
                0x0000000008004628                WWDG_IRQHandler
                0x0000000008004628                OTG_FS_WKUP_IRQHandler
                0x0000000008004628                TIM1_TRG_COM_TIM11_IRQHandler
                0x0000000008004628                OTG_HS_IRQHandler
                0x0000000008004628                EXTI1_IRQHandler
                0x0000000008004628                I2C2_ER_IRQHandler
                0x0000000008004628                DMA2_Stream1_IRQHandler
                0x0000000008004628                CAN1_SCE_IRQHandler
                0x0000000008004628                FLASH_IRQHandler
                0x0000000008004628                DMA2_Stream4_IRQHandler
                0x0000000008004628                OTG_FS_IRQHandler
                0x0000000008004628                SPI3_IRQHandler
                0x0000000008004628                DMA1_Stream4_IRQHandler
                0x0000000008004628                I2C1_ER_IRQHandler
                0x0000000008004628                DMA2_Stream6_IRQHandler
                0x0000000008004628                DMA1_Stream3_IRQHandler
 *fill*         0x000000000800462a        0x2 
 .text.HAL_Init
                0x000000000800462c       0x44 ./Drivers/STM32F4xx_HAL_Driver/Src/stm32f4xx_hal.o
                0x000000000800462c                HAL_Init
 .text.HAL_InitTick
                0x0000000008004670       0x60 ./Drivers/STM32F4xx_HAL_Driver/Src/stm32f4xx_hal.o
                0x0000000008004670                HAL_InitTick
 .text.HAL_IncTick
                0x00000000080046d0       0x28 ./Drivers/STM32F4xx_HAL_Driver/Src/stm32f4xx_hal.o
                0x00000000080046d0                HAL_IncTick
 .text.HAL_GetTick
                0x00000000080046f8       0x18 ./Drivers/STM32F4xx_HAL_Driver/Src/stm32f4xx_hal.o
                0x00000000080046f8                HAL_GetTick
 .text.HAL_Delay
                0x0000000008004710       0x48 ./Drivers/STM32F4xx_HAL_Driver/Src/stm32f4xx_hal.o
                0x0000000008004710                HAL_Delay
 .text.HAL_ADC_Init
                0x0000000008004758       0x86 ./Drivers/STM32F4xx_HAL_Driver/Src/stm32f4xx_hal_adc.o
                0x0000000008004758                HAL_ADC_Init
 *fill*         0x00000000080047de        0x2 
 .text.HAL_ADC_Start_DMA
                0x00000000080047e0      0x220 ./Drivers/STM32F4xx_HAL_Driver/Src/stm32f4xx_hal_adc.o
                0x00000000080047e0                HAL_ADC_Start_DMA
 .text.HAL_ADC_ConvCpltCallback
                0x0000000008004a00       0x14 ./Drivers/STM32F4xx_HAL_Driver/Src/stm32f4xx_hal_adc.o
                0x0000000008004a00                HAL_ADC_ConvCpltCallback
 .text.HAL_ADC_ConvHalfCpltCallback
                0x0000000008004a14       0x14 ./Drivers/STM32F4xx_HAL_Driver/Src/stm32f4xx_hal_adc.o
                0x0000000008004a14                HAL_ADC_ConvHalfCpltCallback
 .text.HAL_ADC_ErrorCallback
                0x0000000008004a28       0x14 ./Drivers/STM32F4xx_HAL_Driver/Src/stm32f4xx_hal_adc.o
                0x0000000008004a28                HAL_ADC_ErrorCallback
 .text.HAL_ADC_ConfigChannel
                0x0000000008004a3c      0x244 ./Drivers/STM32F4xx_HAL_Driver/Src/stm32f4xx_hal_adc.o
                0x0000000008004a3c                HAL_ADC_ConfigChannel
 .text.ADC_Init
                0x0000000008004c80      0x1f8 ./Drivers/STM32F4xx_HAL_Driver/Src/stm32f4xx_hal_adc.o
 .text.ADC_DMAConvCplt
                0x0000000008004e78       0xba ./Drivers/STM32F4xx_HAL_Driver/Src/stm32f4xx_hal_adc.o
 .text.ADC_DMAHalfConvCplt
                0x0000000008004f32       0x1c ./Drivers/STM32F4xx_HAL_Driver/Src/stm32f4xx_hal_adc.o
 .text.ADC_DMAError
                0x0000000008004f4e       0x2e ./Drivers/STM32F4xx_HAL_Driver/Src/stm32f4xx_hal_adc.o
 .text.__NVIC_SetPriorityGrouping
                0x0000000008004f7c       0x48 ./Drivers/STM32F4xx_HAL_Driver/Src/stm32f4xx_hal_cortex.o
 .text.__NVIC_GetPriorityGrouping
                0x0000000008004fc4       0x1c ./Drivers/STM32F4xx_HAL_Driver/Src/stm32f4xx_hal_cortex.o
 .text.__NVIC_EnableIRQ
                0x0000000008004fe0       0x3c ./Drivers/STM32F4xx_HAL_Driver/Src/stm32f4xx_hal_cortex.o
 .text.__NVIC_SetPriority
                0x000000000800501c       0x54 ./Drivers/STM32F4xx_HAL_Driver/Src/stm32f4xx_hal_cortex.o
 .text.NVIC_EncodePriority
                0x0000000008005070       0x66 ./Drivers/STM32F4xx_HAL_Driver/Src/stm32f4xx_hal_cortex.o
 *fill*         0x00000000080050d6        0x2 
 .text.SysTick_Config
                0x00000000080050d8       0x44 ./Drivers/STM32F4xx_HAL_Driver/Src/stm32f4xx_hal_cortex.o
 .text.HAL_NVIC_SetPriorityGrouping
                0x000000000800511c       0x16 ./Drivers/STM32F4xx_HAL_Driver/Src/stm32f4xx_hal_cortex.o
                0x000000000800511c                HAL_NVIC_SetPriorityGrouping
 .text.HAL_NVIC_SetPriority
                0x0000000008005132       0x38 ./Drivers/STM32F4xx_HAL_Driver/Src/stm32f4xx_hal_cortex.o
                0x0000000008005132                HAL_NVIC_SetPriority
 .text.HAL_NVIC_EnableIRQ
                0x000000000800516a       0x1c ./Drivers/STM32F4xx_HAL_Driver/Src/stm32f4xx_hal_cortex.o
                0x000000000800516a                HAL_NVIC_EnableIRQ
 .text.HAL_SYSTICK_Config
                0x0000000008005186       0x18 ./Drivers/STM32F4xx_HAL_Driver/Src/stm32f4xx_hal_cortex.o
                0x0000000008005186                HAL_SYSTICK_Config
 *fill*         0x000000000800519e        0x2 
 .text.HAL_DMA_Init
                0x00000000080051a0      0x15c ./Drivers/STM32F4xx_HAL_Driver/Src/stm32f4xx_hal_dma.o
                0x00000000080051a0                HAL_DMA_Init
 .text.HAL_DMA_Start_IT
                0x00000000080052fc       0xb0 ./Drivers/STM32F4xx_HAL_Driver/Src/stm32f4xx_hal_dma.o
                0x00000000080052fc                HAL_DMA_Start_IT
 .text.HAL_DMA_Abort
                0x00000000080053ac       0xe0 ./Drivers/STM32F4xx_HAL_Driver/Src/stm32f4xx_hal_dma.o
                0x00000000080053ac                HAL_DMA_Abort
 .text.HAL_DMA_Abort_IT
                0x000000000800548c       0x44 ./Drivers/STM32F4xx_HAL_Driver/Src/stm32f4xx_hal_dma.o
                0x000000000800548c                HAL_DMA_Abort_IT
 .text.HAL_DMA_IRQHandler
                0x00000000080054d0      0x314 ./Drivers/STM32F4xx_HAL_Driver/Src/stm32f4xx_hal_dma.o
                0x00000000080054d0                HAL_DMA_IRQHandler
 .text.DMA_SetConfig
                0x00000000080057e4       0x5c ./Drivers/STM32F4xx_HAL_Driver/Src/stm32f4xx_hal_dma.o
 .text.DMA_CalcBaseAndBitshift
                0x0000000008005840       0x6c ./Drivers/STM32F4xx_HAL_Driver/Src/stm32f4xx_hal_dma.o
 .text.DMA_CheckFifoParam
                0x00000000080058ac       0xf8 ./Drivers/STM32F4xx_HAL_Driver/Src/stm32f4xx_hal_dma.o
 .text.HAL_GPIO_Init
                0x00000000080059a4      0x338 ./Drivers/STM32F4xx_HAL_Driver/Src/stm32f4xx_hal_gpio.o
                0x00000000080059a4                HAL_GPIO_Init
 .text.HAL_GPIO_WritePin
                0x0000000008005cdc       0x32 ./Drivers/STM32F4xx_HAL_Driver/Src/stm32f4xx_hal_gpio.o
                0x0000000008005cdc                HAL_GPIO_WritePin
 *fill*         0x0000000008005d0e        0x2 
 .text.HAL_I2C_Init
                0x0000000008005d10      0x288 ./Drivers/STM32F4xx_HAL_Driver/Src/stm32f4xx_hal_i2c.o
                0x0000000008005d10                HAL_I2C_Init
 .text.HAL_RCC_OscConfig
                0x0000000008005f98      0x4f0 ./Drivers/STM32F4xx_HAL_Driver/Src/stm32f4xx_hal_rcc.o
                0x0000000008005f98                HAL_RCC_OscConfig
 .text.HAL_RCC_ClockConfig
                0x0000000008006488      0x1cc ./Drivers/STM32F4xx_HAL_Driver/Src/stm32f4xx_hal_rcc.o
                0x0000000008006488                HAL_RCC_ClockConfig
 .text.HAL_RCC_GetSysClockFreq
                0x0000000008006654      0x20c ./Drivers/STM32F4xx_HAL_Driver/Src/stm32f4xx_hal_rcc.o
                0x0000000008006654                HAL_RCC_GetSysClockFreq
 .text.HAL_RCC_GetHCLKFreq
                0x0000000008006860       0x18 ./Drivers/STM32F4xx_HAL_Driver/Src/stm32f4xx_hal_rcc.o
                0x0000000008006860                HAL_RCC_GetHCLKFreq
 .text.HAL_RCC_GetPCLK1Freq
                0x0000000008006878       0x28 ./Drivers/STM32F4xx_HAL_Driver/Src/stm32f4xx_hal_rcc.o
                0x0000000008006878                HAL_RCC_GetPCLK1Freq
 .text.HAL_RCC_GetPCLK2Freq
                0x00000000080068a0       0x28 ./Drivers/STM32F4xx_HAL_Driver/Src/stm32f4xx_hal_rcc.o
                0x00000000080068a0                HAL_RCC_GetPCLK2Freq
 .text.HAL_SPI_Init
                0x00000000080068c8      0x112 ./Drivers/STM32F4xx_HAL_Driver/Src/stm32f4xx_hal_spi.o
                0x00000000080068c8                HAL_SPI_Init
 .text.HAL_SPI_Transmit
                0x00000000080069da      0x278 ./Drivers/STM32F4xx_HAL_Driver/Src/stm32f4xx_hal_spi.o
                0x00000000080069da                HAL_SPI_Transmit
 .text.HAL_SPI_Receive
                0x0000000008006c52      0x222 ./Drivers/STM32F4xx_HAL_Driver/Src/stm32f4xx_hal_spi.o
                0x0000000008006c52                HAL_SPI_Receive
 .text.HAL_SPI_TransmitReceive
                0x0000000008006e74      0x344 ./Drivers/STM32F4xx_HAL_Driver/Src/stm32f4xx_hal_spi.o
                0x0000000008006e74                HAL_SPI_TransmitReceive
 .text.SPI_WaitFlagStateUntilTimeout
                0x00000000080071b8      0x110 ./Drivers/STM32F4xx_HAL_Driver/Src/stm32f4xx_hal_spi.o
 .text.SPI_EndRxTransaction
                0x00000000080072c8       0xca ./Drivers/STM32F4xx_HAL_Driver/Src/stm32f4xx_hal_spi.o
 *fill*         0x0000000008007392        0x2 
 .text.SPI_EndRxTxTransaction
                0x0000000008007394       0x84 ./Drivers/STM32F4xx_HAL_Driver/Src/stm32f4xx_hal_spi.o
 .text.HAL_SRAM_Init
                0x0000000008007418       0x88 ./Drivers/STM32F4xx_HAL_Driver/Src/stm32f4xx_hal_sram.o
                0x0000000008007418                HAL_SRAM_Init
 .text.HAL_TIM_Base_Init
                0x00000000080074a0       0x9e ./Drivers/STM32F4xx_HAL_Driver/Src/stm32f4xx_hal_tim.o
                0x00000000080074a0                HAL_TIM_Base_Init
 *fill*         0x000000000800753e        0x2 
 .text.HAL_TIM_Base_Start
                0x0000000008007540       0xd0 ./Drivers/STM32F4xx_HAL_Driver/Src/stm32f4xx_hal_tim.o
                0x0000000008007540                HAL_TIM_Base_Start
 .text.HAL_TIM_Base_Start_IT
                0x0000000008007610       0xe0 ./Drivers/STM32F4xx_HAL_Driver/Src/stm32f4xx_hal_tim.o
                0x0000000008007610                HAL_TIM_Base_Start_IT
 .text.HAL_TIM_PWM_Init
                0x00000000080076f0       0x9e ./Drivers/STM32F4xx_HAL_Driver/Src/stm32f4xx_hal_tim.o
                0x00000000080076f0                HAL_TIM_PWM_Init
 .text.HAL_TIM_PWM_MspInit
                0x000000000800778e       0x14 ./Drivers/STM32F4xx_HAL_Driver/Src/stm32f4xx_hal_tim.o
                0x000000000800778e                HAL_TIM_PWM_MspInit
 .text.HAL_TIM_IRQHandler
                0x00000000080077a2      0x210 ./Drivers/STM32F4xx_HAL_Driver/Src/stm32f4xx_hal_tim.o
                0x00000000080077a2                HAL_TIM_IRQHandler
 *fill*         0x00000000080079b2        0x2 
 .text.HAL_TIM_PWM_ConfigChannel
                0x00000000080079b4      0x184 ./Drivers/STM32F4xx_HAL_Driver/Src/stm32f4xx_hal_tim.o
                0x00000000080079b4                HAL_TIM_PWM_ConfigChannel
 .text.HAL_TIM_ConfigClockSource
                0x0000000008007b38      0x18e ./Drivers/STM32F4xx_HAL_Driver/Src/stm32f4xx_hal_tim.o
                0x0000000008007b38                HAL_TIM_ConfigClockSource
 .text.HAL_TIM_OC_DelayElapsedCallback
                0x0000000008007cc6       0x14 ./Drivers/STM32F4xx_HAL_Driver/Src/stm32f4xx_hal_tim.o
                0x0000000008007cc6                HAL_TIM_OC_DelayElapsedCallback
 .text.HAL_TIM_IC_CaptureCallback
                0x0000000008007cda       0x14 ./Drivers/STM32F4xx_HAL_Driver/Src/stm32f4xx_hal_tim.o
                0x0000000008007cda                HAL_TIM_IC_CaptureCallback
 .text.HAL_TIM_PWM_PulseFinishedCallback
                0x0000000008007cee       0x14 ./Drivers/STM32F4xx_HAL_Driver/Src/stm32f4xx_hal_tim.o
                0x0000000008007cee                HAL_TIM_PWM_PulseFinishedCallback
 .text.HAL_TIM_TriggerCallback
                0x0000000008007d02       0x14 ./Drivers/STM32F4xx_HAL_Driver/Src/stm32f4xx_hal_tim.o
                0x0000000008007d02                HAL_TIM_TriggerCallback
 *fill*         0x0000000008007d16        0x2 
 .text.TIM_Base_SetConfig
                0x0000000008007d18      0x140 ./Drivers/STM32F4xx_HAL_Driver/Src/stm32f4xx_hal_tim.o
                0x0000000008007d18                TIM_Base_SetConfig
 .text.TIM_OC1_SetConfig
                0x0000000008007e58       0xe0 ./Drivers/STM32F4xx_HAL_Driver/Src/stm32f4xx_hal_tim.o
 .text.TIM_OC2_SetConfig
                0x0000000008007f38       0xec ./Drivers/STM32F4xx_HAL_Driver/Src/stm32f4xx_hal_tim.o
                0x0000000008007f38                TIM_OC2_SetConfig
 .text.TIM_OC3_SetConfig
                0x0000000008008024       0xe8 ./Drivers/STM32F4xx_HAL_Driver/Src/stm32f4xx_hal_tim.o
 .text.TIM_OC4_SetConfig
                0x000000000800810c       0xac ./Drivers/STM32F4xx_HAL_Driver/Src/stm32f4xx_hal_tim.o
 .text.TIM_TI1_ConfigInputStage
                0x00000000080081b8       0x5e ./Drivers/STM32F4xx_HAL_Driver/Src/stm32f4xx_hal_tim.o
 .text.TIM_TI2_ConfigInputStage
                0x0000000008008216       0x60 ./Drivers/STM32F4xx_HAL_Driver/Src/stm32f4xx_hal_tim.o
 .text.TIM_ITRx_SetConfig
                0x0000000008008276       0x36 ./Drivers/STM32F4xx_HAL_Driver/Src/stm32f4xx_hal_tim.o
 .text.TIM_ETR_SetConfig
                0x00000000080082ac       0x40 ./Drivers/STM32F4xx_HAL_Driver/Src/stm32f4xx_hal_tim.o
                0x00000000080082ac                TIM_ETR_SetConfig
 .text.HAL_TIMEx_MasterConfigSynchronization
                0x00000000080082ec       0xf8 ./Drivers/STM32F4xx_HAL_Driver/Src/stm32f4xx_hal_tim_ex.o
                0x00000000080082ec                HAL_TIMEx_MasterConfigSynchronization
 .text.HAL_TIMEx_CommutCallback
                0x00000000080083e4       0x14 ./Drivers/STM32F4xx_HAL_Driver/Src/stm32f4xx_hal_tim_ex.o
                0x00000000080083e4                HAL_TIMEx_CommutCallback
 .text.HAL_TIMEx_BreakCallback
                0x00000000080083f8       0x14 ./Drivers/STM32F4xx_HAL_Driver/Src/stm32f4xx_hal_tim_ex.o
                0x00000000080083f8                HAL_TIMEx_BreakCallback
 .text.HAL_UART_Init
                0x000000000800840c       0x9a ./Drivers/STM32F4xx_HAL_Driver/Src/stm32f4xx_hal_uart.o
                0x000000000800840c                HAL_UART_Init
 .text.HAL_UART_Transmit
                0x00000000080084a6      0x124 ./Drivers/STM32F4xx_HAL_Driver/Src/stm32f4xx_hal_uart.o
                0x00000000080084a6                HAL_UART_Transmit
 .text.HAL_UART_Receive_IT
                0x00000000080085ca       0x60 ./Drivers/STM32F4xx_HAL_Driver/Src/stm32f4xx_hal_uart.o
                0x00000000080085ca                HAL_UART_Receive_IT
 *fill*         0x000000000800862a        0x2 
 .text.HAL_UART_IRQHandler
                0x000000000800862c      0x51c ./Drivers/STM32F4xx_HAL_Driver/Src/stm32f4xx_hal_uart.o
                0x000000000800862c                HAL_UART_IRQHandler
 .text.HAL_UART_TxCpltCallback
                0x0000000008008b48       0x14 ./Drivers/STM32F4xx_HAL_Driver/Src/stm32f4xx_hal_uart.o
                0x0000000008008b48                HAL_UART_TxCpltCallback
 .text.HAL_UART_ErrorCallback
                0x0000000008008b5c       0x14 ./Drivers/STM32F4xx_HAL_Driver/Src/stm32f4xx_hal_uart.o
                0x0000000008008b5c                HAL_UART_ErrorCallback
 .text.HAL_UARTEx_RxEventCallback
                0x0000000008008b70       0x18 ./Drivers/STM32F4xx_HAL_Driver/Src/stm32f4xx_hal_uart.o
                0x0000000008008b70                HAL_UARTEx_RxEventCallback
 .text.UART_WaitOnFlagUntilTimeout
                0x0000000008008b88       0xdc ./Drivers/STM32F4xx_HAL_Driver/Src/stm32f4xx_hal_uart.o
 .text.UART_Start_Receive_IT
                0x0000000008008c64       0x74 ./Drivers/STM32F4xx_HAL_Driver/Src/stm32f4xx_hal_uart.o
                0x0000000008008c64                UART_Start_Receive_IT
 .text.UART_EndRxTransfer
                0x0000000008008cd8       0xc6 ./Drivers/STM32F4xx_HAL_Driver/Src/stm32f4xx_hal_uart.o
 .text.UART_DMAAbortOnError
                0x0000000008008d9e       0x28 ./Drivers/STM32F4xx_HAL_Driver/Src/stm32f4xx_hal_uart.o
 .text.UART_Transmit_IT
                0x0000000008008dc6       0xa0 ./Drivers/STM32F4xx_HAL_Driver/Src/stm32f4xx_hal_uart.o
 .text.UART_EndTransmit_IT
                0x0000000008008e66       0x30 ./Drivers/STM32F4xx_HAL_Driver/Src/stm32f4xx_hal_uart.o
 .text.UART_Receive_IT
                0x0000000008008e96      0x176 ./Drivers/STM32F4xx_HAL_Driver/Src/stm32f4xx_hal_uart.o
 .text.UART_SetConfig
                0x000000000800900c      0x4e8 ./Drivers/STM32F4xx_HAL_Driver/Src/stm32f4xx_hal_uart.o
 .text.FSMC_NORSRAM_Init
                0x00000000080094f4       0xa4 ./Drivers/STM32F4xx_HAL_Driver/Src/stm32f4xx_ll_fsmc.o
                0x00000000080094f4                FSMC_NORSRAM_Init
 .text.FSMC_NORSRAM_Timing_Init
                0x0000000008009598       0x7a ./Drivers/STM32F4xx_HAL_Driver/Src/stm32f4xx_ll_fsmc.o
                0x0000000008009598                FSMC_NORSRAM_Timing_Init
 *fill*         0x0000000008009612        0x2 
 .text.FSMC_NORSRAM_Extended_Timing_Init
                0x0000000008009614       0x80 ./Drivers/STM32F4xx_HAL_Driver/Src/stm32f4xx_ll_fsmc.o
                0x0000000008009614                FSMC_NORSRAM_Extended_Timing_Init
 .text.rand     0x0000000008009694       0x7c C:/ST/STM32CubeIDE_1.13.2/STM32CubeIDE/plugins/com.st.stm32cube.ide.mcu.externaltools.gnu-tools-for-stm32.11.3.rel1.win32_1.1.100.202309141235/tools/bin/../lib/gcc/arm-none-eabi/11.3.1/../../../../arm-none-eabi/lib/thumb/v7e-m+fp/hard\libc_nano.a(libc_a-rand.o)
                0x0000000008009694                rand
 .text.std      0x0000000008009710       0x6c C:/ST/STM32CubeIDE_1.13.2/STM32CubeIDE/plugins/com.st.stm32cube.ide.mcu.externaltools.gnu-tools-for-stm32.11.3.rel1.win32_1.1.100.202309141235/tools/bin/../lib/gcc/arm-none-eabi/11.3.1/../../../../arm-none-eabi/lib/thumb/v7e-m+fp/hard\libc_nano.a(libc_a-findfp.o)
 .text.stdio_exit_handler
                0x000000000800977c       0x18 C:/ST/STM32CubeIDE_1.13.2/STM32CubeIDE/plugins/com.st.stm32cube.ide.mcu.externaltools.gnu-tools-for-stm32.11.3.rel1.win32_1.1.100.202309141235/tools/bin/../lib/gcc/arm-none-eabi/11.3.1/../../../../arm-none-eabi/lib/thumb/v7e-m+fp/hard\libc_nano.a(libc_a-findfp.o)
 .text.cleanup_stdio
                0x0000000008009794       0x40 C:/ST/STM32CubeIDE_1.13.2/STM32CubeIDE/plugins/com.st.stm32cube.ide.mcu.externaltools.gnu-tools-for-stm32.11.3.rel1.win32_1.1.100.202309141235/tools/bin/../lib/gcc/arm-none-eabi/11.3.1/../../../../arm-none-eabi/lib/thumb/v7e-m+fp/hard\libc_nano.a(libc_a-findfp.o)
 .text.global_stdio_init.part.0
                0x00000000080097d4       0x3c C:/ST/STM32CubeIDE_1.13.2/STM32CubeIDE/plugins/com.st.stm32cube.ide.mcu.externaltools.gnu-tools-for-stm32.11.3.rel1.win32_1.1.100.202309141235/tools/bin/../lib/gcc/arm-none-eabi/11.3.1/../../../../arm-none-eabi/lib/thumb/v7e-m+fp/hard\libc_nano.a(libc_a-findfp.o)
 .text.__sfp_lock_acquire
                0x0000000008009810        0xc C:/ST/STM32CubeIDE_1.13.2/STM32CubeIDE/plugins/com.st.stm32cube.ide.mcu.externaltools.gnu-tools-for-stm32.11.3.rel1.win32_1.1.100.202309141235/tools/bin/../lib/gcc/arm-none-eabi/11.3.1/../../../../arm-none-eabi/lib/thumb/v7e-m+fp/hard\libc_nano.a(libc_a-findfp.o)
                0x0000000008009810                __sfp_lock_acquire
 .text.__sfp_lock_release
                0x000000000800981c        0xc C:/ST/STM32CubeIDE_1.13.2/STM32CubeIDE/plugins/com.st.stm32cube.ide.mcu.externaltools.gnu-tools-for-stm32.11.3.rel1.win32_1.1.100.202309141235/tools/bin/../lib/gcc/arm-none-eabi/11.3.1/../../../../arm-none-eabi/lib/thumb/v7e-m+fp/hard\libc_nano.a(libc_a-findfp.o)
                0x000000000800981c                __sfp_lock_release
 .text.__sinit  0x0000000008009828       0x30 C:/ST/STM32CubeIDE_1.13.2/STM32CubeIDE/plugins/com.st.stm32cube.ide.mcu.externaltools.gnu-tools-for-stm32.11.3.rel1.win32_1.1.100.202309141235/tools/bin/../lib/gcc/arm-none-eabi/11.3.1/../../../../arm-none-eabi/lib/thumb/v7e-m+fp/hard\libc_nano.a(libc_a-findfp.o)
                0x0000000008009828                __sinit
 .text._fwalk_sglue
                0x0000000008009858       0x3c C:/ST/STM32CubeIDE_1.13.2/STM32CubeIDE/plugins/com.st.stm32cube.ide.mcu.externaltools.gnu-tools-for-stm32.11.3.rel1.win32_1.1.100.202309141235/tools/bin/../lib/gcc/arm-none-eabi/11.3.1/../../../../arm-none-eabi/lib/thumb/v7e-m+fp/hard\libc_nano.a(libc_a-fwalk.o)
                0x0000000008009858                _fwalk_sglue
 .text.snprintf
                0x0000000008009894       0x68 C:/ST/STM32CubeIDE_1.13.2/STM32CubeIDE/plugins/com.st.stm32cube.ide.mcu.externaltools.gnu-tools-for-stm32.11.3.rel1.win32_1.1.100.202309141235/tools/bin/../lib/gcc/arm-none-eabi/11.3.1/../../../../arm-none-eabi/lib/thumb/v7e-m+fp/hard\libc_nano.a(libc_a-snprintf.o)
                0x0000000008009894                sniprintf
                0x0000000008009894                snprintf
 .text.__sread  0x00000000080098fc       0x22 C:/ST/STM32CubeIDE_1.13.2/STM32CubeIDE/plugins/com.st.stm32cube.ide.mcu.externaltools.gnu-tools-for-stm32.11.3.rel1.win32_1.1.100.202309141235/tools/bin/../lib/gcc/arm-none-eabi/11.3.1/../../../../arm-none-eabi/lib/thumb/v7e-m+fp/hard\libc_nano.a(libc_a-stdio.o)
                0x00000000080098fc                __sread
 .text.__swrite
                0x000000000800991e       0x38 C:/ST/STM32CubeIDE_1.13.2/STM32CubeIDE/plugins/com.st.stm32cube.ide.mcu.externaltools.gnu-tools-for-stm32.11.3.rel1.win32_1.1.100.202309141235/tools/bin/../lib/gcc/arm-none-eabi/11.3.1/../../../../arm-none-eabi/lib/thumb/v7e-m+fp/hard\libc_nano.a(libc_a-stdio.o)
                0x000000000800991e                __swrite
 .text.__sseek  0x0000000008009956       0x24 C:/ST/STM32CubeIDE_1.13.2/STM32CubeIDE/plugins/com.st.stm32cube.ide.mcu.externaltools.gnu-tools-for-stm32.11.3.rel1.win32_1.1.100.202309141235/tools/bin/../lib/gcc/arm-none-eabi/11.3.1/../../../../arm-none-eabi/lib/thumb/v7e-m+fp/hard\libc_nano.a(libc_a-stdio.o)
                0x0000000008009956                __sseek
 .text.__sclose
                0x000000000800997a        0x8 C:/ST/STM32CubeIDE_1.13.2/STM32CubeIDE/plugins/com.st.stm32cube.ide.mcu.externaltools.gnu-tools-for-stm32.11.3.rel1.win32_1.1.100.202309141235/tools/bin/../lib/gcc/arm-none-eabi/11.3.1/../../../../arm-none-eabi/lib/thumb/v7e-m+fp/hard\libc_nano.a(libc_a-stdio.o)
                0x000000000800997a                __sclose
 .text.memset   0x0000000008009982       0x10 C:/ST/STM32CubeIDE_1.13.2/STM32CubeIDE/plugins/com.st.stm32cube.ide.mcu.externaltools.gnu-tools-for-stm32.11.3.rel1.win32_1.1.100.202309141235/tools/bin/../lib/gcc/arm-none-eabi/11.3.1/../../../../arm-none-eabi/lib/thumb/v7e-m+fp/hard\libc_nano.a(libc_a-memset.o)
                0x0000000008009982                memset
 .text.strcat   0x0000000008009992       0x1e C:/ST/STM32CubeIDE_1.13.2/STM32CubeIDE/plugins/com.st.stm32cube.ide.mcu.externaltools.gnu-tools-for-stm32.11.3.rel1.win32_1.1.100.202309141235/tools/bin/../lib/gcc/arm-none-eabi/11.3.1/../../../../arm-none-eabi/lib/thumb/v7e-m+fp/hard\libc_nano.a(libc_a-strcat.o)
                0x0000000008009992                strcat
 .text._close_r
                0x00000000080099b0       0x20 C:/ST/STM32CubeIDE_1.13.2/STM32CubeIDE/plugins/com.st.stm32cube.ide.mcu.externaltools.gnu-tools-for-stm32.11.3.rel1.win32_1.1.100.202309141235/tools/bin/../lib/gcc/arm-none-eabi/11.3.1/../../../../arm-none-eabi/lib/thumb/v7e-m+fp/hard\libc_nano.a(libc_a-closer.o)
                0x00000000080099b0                _close_r
 .text._lseek_r
                0x00000000080099d0       0x24 C:/ST/STM32CubeIDE_1.13.2/STM32CubeIDE/plugins/com.st.stm32cube.ide.mcu.externaltools.gnu-tools-for-stm32.11.3.rel1.win32_1.1.100.202309141235/tools/bin/../lib/gcc/arm-none-eabi/11.3.1/../../../../arm-none-eabi/lib/thumb/v7e-m+fp/hard\libc_nano.a(libc_a-lseekr.o)
                0x00000000080099d0                _lseek_r
 .text._read_r  0x00000000080099f4       0x24 C:/ST/STM32CubeIDE_1.13.2/STM32CubeIDE/plugins/com.st.stm32cube.ide.mcu.externaltools.gnu-tools-for-stm32.11.3.rel1.win32_1.1.100.202309141235/tools/bin/../lib/gcc/arm-none-eabi/11.3.1/../../../../arm-none-eabi/lib/thumb/v7e-m+fp/hard\libc_nano.a(libc_a-readr.o)
                0x00000000080099f4                _read_r
 .text._write_r
                0x0000000008009a18       0x24 C:/ST/STM32CubeIDE_1.13.2/STM32CubeIDE/plugins/com.st.stm32cube.ide.mcu.externaltools.gnu-tools-for-stm32.11.3.rel1.win32_1.1.100.202309141235/tools/bin/../lib/gcc/arm-none-eabi/11.3.1/../../../../arm-none-eabi/lib/thumb/v7e-m+fp/hard\libc_nano.a(libc_a-writer.o)
                0x0000000008009a18                _write_r
 .text.__errno  0x0000000008009a3c        0xc C:/ST/STM32CubeIDE_1.13.2/STM32CubeIDE/plugins/com.st.stm32cube.ide.mcu.externaltools.gnu-tools-for-stm32.11.3.rel1.win32_1.1.100.202309141235/tools/bin/../lib/gcc/arm-none-eabi/11.3.1/../../../../arm-none-eabi/lib/thumb/v7e-m+fp/hard\libc_nano.a(libc_a-errno.o)
                0x0000000008009a3c                __errno
 .text.__libc_init_array
                0x0000000008009a48       0x48 C:/ST/STM32CubeIDE_1.13.2/STM32CubeIDE/plugins/com.st.stm32cube.ide.mcu.externaltools.gnu-tools-for-stm32.11.3.rel1.win32_1.1.100.202309141235/tools/bin/../lib/gcc/arm-none-eabi/11.3.1/../../../../arm-none-eabi/lib/thumb/v7e-m+fp/hard\libc_nano.a(libc_a-init.o)
                0x0000000008009a48                __libc_init_array
 .text.__retarget_lock_init_recursive
                0x0000000008009a90        0x2 C:/ST/STM32CubeIDE_1.13.2/STM32CubeIDE/plugins/com.st.stm32cube.ide.mcu.externaltools.gnu-tools-for-stm32.11.3.rel1.win32_1.1.100.202309141235/tools/bin/../lib/gcc/arm-none-eabi/11.3.1/../../../../arm-none-eabi/lib/thumb/v7e-m+fp/hard\libc_nano.a(libc_a-lock.o)
                0x0000000008009a90                __retarget_lock_init_recursive
 .text.__retarget_lock_acquire_recursive
                0x0000000008009a92        0x2 C:/ST/STM32CubeIDE_1.13.2/STM32CubeIDE/plugins/com.st.stm32cube.ide.mcu.externaltools.gnu-tools-for-stm32.11.3.rel1.win32_1.1.100.202309141235/tools/bin/../lib/gcc/arm-none-eabi/11.3.1/../../../../arm-none-eabi/lib/thumb/v7e-m+fp/hard\libc_nano.a(libc_a-lock.o)
                0x0000000008009a92                __retarget_lock_acquire_recursive
 .text.__retarget_lock_release_recursive
                0x0000000008009a94        0x2 C:/ST/STM32CubeIDE_1.13.2/STM32CubeIDE/plugins/com.st.stm32cube.ide.mcu.externaltools.gnu-tools-for-stm32.11.3.rel1.win32_1.1.100.202309141235/tools/bin/../lib/gcc/arm-none-eabi/11.3.1/../../../../arm-none-eabi/lib/thumb/v7e-m+fp/hard\libc_nano.a(libc_a-lock.o)
                0x0000000008009a94                __retarget_lock_release_recursive
 *fill*         0x0000000008009a96        0x2 
 .text.__assert_func
                0x0000000008009a98       0x3c C:/ST/STM32CubeIDE_1.13.2/STM32CubeIDE/plugins/com.st.stm32cube.ide.mcu.externaltools.gnu-tools-for-stm32.11.3.rel1.win32_1.1.100.202309141235/tools/bin/../lib/gcc/arm-none-eabi/11.3.1/../../../../arm-none-eabi/lib/thumb/v7e-m+fp/hard\libc_nano.a(libc_a-assert.o)
                0x0000000008009a98                __assert_func
 .text._free_r  0x0000000008009ad4       0x98 C:/ST/STM32CubeIDE_1.13.2/STM32CubeIDE/plugins/com.st.stm32cube.ide.mcu.externaltools.gnu-tools-for-stm32.11.3.rel1.win32_1.1.100.202309141235/tools/bin/../lib/gcc/arm-none-eabi/11.3.1/../../../../arm-none-eabi/lib/thumb/v7e-m+fp/hard\libc_nano.a(libc_a-freer.o)
                0x0000000008009ad4                _free_r
 .text.malloc   0x0000000008009b6c       0x10 C:/ST/STM32CubeIDE_1.13.2/STM32CubeIDE/plugins/com.st.stm32cube.ide.mcu.externaltools.gnu-tools-for-stm32.11.3.rel1.win32_1.1.100.202309141235/tools/bin/../lib/gcc/arm-none-eabi/11.3.1/../../../../arm-none-eabi/lib/thumb/v7e-m+fp/hard\libc_nano.a(libc_a-malloc.o)
                0x0000000008009b6c                malloc
 .text.sbrk_aligned
                0x0000000008009b7c       0x40 C:/ST/STM32CubeIDE_1.13.2/STM32CubeIDE/plugins/com.st.stm32cube.ide.mcu.externaltools.gnu-tools-for-stm32.11.3.rel1.win32_1.1.100.202309141235/tools/bin/../lib/gcc/arm-none-eabi/11.3.1/../../../../arm-none-eabi/lib/thumb/v7e-m+fp/hard\libc_nano.a(libc_a-mallocr.o)
 .text._malloc_r
                0x0000000008009bbc      0x100 C:/ST/STM32CubeIDE_1.13.2/STM32CubeIDE/plugins/com.st.stm32cube.ide.mcu.externaltools.gnu-tools-for-stm32.11.3.rel1.win32_1.1.100.202309141235/tools/bin/../lib/gcc/arm-none-eabi/11.3.1/../../../../arm-none-eabi/lib/thumb/v7e-m+fp/hard\libc_nano.a(libc_a-mallocr.o)
                0x0000000008009bbc                _malloc_r
 .text.__malloc_lock
                0x0000000008009cbc        0xc C:/ST/STM32CubeIDE_1.13.2/STM32CubeIDE/plugins/com.st.stm32cube.ide.mcu.externaltools.gnu-tools-for-stm32.11.3.rel1.win32_1.1.100.202309141235/tools/bin/../lib/gcc/arm-none-eabi/11.3.1/../../../../arm-none-eabi/lib/thumb/v7e-m+fp/hard\libc_nano.a(libc_a-mlock.o)
                0x0000000008009cbc                __malloc_lock
 .text.__malloc_unlock
                0x0000000008009cc8        0xc C:/ST/STM32CubeIDE_1.13.2/STM32CubeIDE/plugins/com.st.stm32cube.ide.mcu.externaltools.gnu-tools-for-stm32.11.3.rel1.win32_1.1.100.202309141235/tools/bin/../lib/gcc/arm-none-eabi/11.3.1/../../../../arm-none-eabi/lib/thumb/v7e-m+fp/hard\libc_nano.a(libc_a-mlock.o)
                0x0000000008009cc8                __malloc_unlock
 .text.__ssputs_r
                0x0000000008009cd4       0xb4 C:/ST/STM32CubeIDE_1.13.2/STM32CubeIDE/plugins/com.st.stm32cube.ide.mcu.externaltools.gnu-tools-for-stm32.11.3.rel1.win32_1.1.100.202309141235/tools/bin/../lib/gcc/arm-none-eabi/11.3.1/../../../../arm-none-eabi/lib/thumb/v7e-m+fp/hard\libc_nano.a(libc_a-nano-svfprintf.o)
                0x0000000008009cd4                __ssputs_r
 .text._svfprintf_r
                0x0000000008009d88      0x1fc C:/ST/STM32CubeIDE_1.13.2/STM32CubeIDE/plugins/com.st.stm32cube.ide.mcu.externaltools.gnu-tools-for-stm32.11.3.rel1.win32_1.1.100.202309141235/tools/bin/../lib/gcc/arm-none-eabi/11.3.1/../../../../arm-none-eabi/lib/thumb/v7e-m+fp/hard\libc_nano.a(libc_a-nano-svfprintf.o)
                0x0000000008009d88                _svfiprintf_r
                0x0000000008009d88                _svfprintf_r
 .text._printf_common
                0x0000000008009f84       0xda C:/ST/STM32CubeIDE_1.13.2/STM32CubeIDE/plugins/com.st.stm32cube.ide.mcu.externaltools.gnu-tools-for-stm32.11.3.rel1.win32_1.1.100.202309141235/tools/bin/../lib/gcc/arm-none-eabi/11.3.1/../../../../arm-none-eabi/lib/thumb/v7e-m+fp/hard\libc_nano.a(libc_a-nano-vfprintf_i.o)
                0x0000000008009f84                _printf_common
 *fill*         0x000000000800a05e        0x2 
 .text._printf_i
                0x000000000800a060      0x244 C:/ST/STM32CubeIDE_1.13.2/STM32CubeIDE/plugins/com.st.stm32cube.ide.mcu.externaltools.gnu-tools-for-stm32.11.3.rel1.win32_1.1.100.202309141235/tools/bin/../lib/gcc/arm-none-eabi/11.3.1/../../../../arm-none-eabi/lib/thumb/v7e-m+fp/hard\libc_nano.a(libc_a-nano-vfprintf_i.o)
                0x000000000800a060                _printf_i
 .text.__sflush_r
                0x000000000800a2a4      0x10c C:/ST/STM32CubeIDE_1.13.2/STM32CubeIDE/plugins/com.st.stm32cube.ide.mcu.externaltools.gnu-tools-for-stm32.11.3.rel1.win32_1.1.100.202309141235/tools/bin/../lib/gcc/arm-none-eabi/11.3.1/../../../../arm-none-eabi/lib/thumb/v7e-m+fp/hard\libc_nano.a(libc_a-fflush.o)
                0x000000000800a2a4                __sflush_r
 .text._fflush_r
                0x000000000800a3b0       0x50 C:/ST/STM32CubeIDE_1.13.2/STM32CubeIDE/plugins/com.st.stm32cube.ide.mcu.externaltools.gnu-tools-for-stm32.11.3.rel1.win32_1.1.100.202309141235/tools/bin/../lib/gcc/arm-none-eabi/11.3.1/../../../../arm-none-eabi/lib/thumb/v7e-m+fp/hard\libc_nano.a(libc_a-fflush.o)
                0x000000000800a3b0                _fflush_r
 .text.fprintf  0x000000000800a400       0x24 C:/ST/STM32CubeIDE_1.13.2/STM32CubeIDE/plugins/com.st.stm32cube.ide.mcu.externaltools.gnu-tools-for-stm32.11.3.rel1.win32_1.1.100.202309141235/tools/bin/../lib/gcc/arm-none-eabi/11.3.1/../../../../arm-none-eabi/lib/thumb/v7e-m+fp/hard\libc_nano.a(libc_a-fprintf.o)
                0x000000000800a400                fiprintf
                0x000000000800a400                fprintf
 .text.memmove  0x000000000800a424       0x34 C:/ST/STM32CubeIDE_1.13.2/STM32CubeIDE/plugins/com.st.stm32cube.ide.mcu.externaltools.gnu-tools-for-stm32.11.3.rel1.win32_1.1.100.202309141235/tools/bin/../lib/gcc/arm-none-eabi/11.3.1/../../../../arm-none-eabi/lib/thumb/v7e-m+fp/hard\libc_nano.a(libc_a-memmove.o)
                0x000000000800a424                memmove
 .text._sbrk_r  0x000000000800a458       0x20 C:/ST/STM32CubeIDE_1.13.2/STM32CubeIDE/plugins/com.st.stm32cube.ide.mcu.externaltools.gnu-tools-for-stm32.11.3.rel1.win32_1.1.100.202309141235/tools/bin/../lib/gcc/arm-none-eabi/11.3.1/../../../../arm-none-eabi/lib/thumb/v7e-m+fp/hard\libc_nano.a(libc_a-sbrkr.o)
                0x000000000800a458                _sbrk_r
 .text.memcpy   0x000000000800a478       0x1c C:/ST/STM32CubeIDE_1.13.2/STM32CubeIDE/plugins/com.st.stm32cube.ide.mcu.externaltools.gnu-tools-for-stm32.11.3.rel1.win32_1.1.100.202309141235/tools/bin/../lib/gcc/arm-none-eabi/11.3.1/../../../../arm-none-eabi/lib/thumb/v7e-m+fp/hard\libc_nano.a(libc_a-memcpy-stub.o)
                0x000000000800a478                memcpy
 .text.abort    0x000000000800a494        0xe C:/ST/STM32CubeIDE_1.13.2/STM32CubeIDE/plugins/com.st.stm32cube.ide.mcu.externaltools.gnu-tools-for-stm32.11.3.rel1.win32_1.1.100.202309141235/tools/bin/../lib/gcc/arm-none-eabi/11.3.1/../../../../arm-none-eabi/lib/thumb/v7e-m+fp/hard\libc_nano.a(libc_a-abort.o)
                0x000000000800a494                abort
 .text._realloc_r
                0x000000000800a4a2       0x5e C:/ST/STM32CubeIDE_1.13.2/STM32CubeIDE/plugins/com.st.stm32cube.ide.mcu.externaltools.gnu-tools-for-stm32.11.3.rel1.win32_1.1.100.202309141235/tools/bin/../lib/gcc/arm-none-eabi/11.3.1/../../../../arm-none-eabi/lib/thumb/v7e-m+fp/hard\libc_nano.a(libc_a-reallocr.o)
                0x000000000800a4a2                _realloc_r
 .text.__sfputc_r
                0x000000000800a500       0x2e C:/ST/STM32CubeIDE_1.13.2/STM32CubeIDE/plugins/com.st.stm32cube.ide.mcu.externaltools.gnu-tools-for-stm32.11.3.rel1.win32_1.1.100.202309141235/tools/bin/../lib/gcc/arm-none-eabi/11.3.1/../../../../arm-none-eabi/lib/thumb/v7e-m+fp/hard\libc_nano.a(libc_a-nano-vfprintf.o)
 .text.__sfputs_r
                0x000000000800a52e       0x24 C:/ST/STM32CubeIDE_1.13.2/STM32CubeIDE/plugins/com.st.stm32cube.ide.mcu.externaltools.gnu-tools-for-stm32.11.3.rel1.win32_1.1.100.202309141235/tools/bin/../lib/gcc/arm-none-eabi/11.3.1/../../../../arm-none-eabi/lib/thumb/v7e-m+fp/hard\libc_nano.a(libc_a-nano-vfprintf.o)
                0x000000000800a52e                __sfputs_r
 *fill*         0x000000000800a552        0x2 
 .text._vfprintf_r
                0x000000000800a554      0x234 C:/ST/STM32CubeIDE_1.13.2/STM32CubeIDE/plugins/com.st.stm32cube.ide.mcu.externaltools.gnu-tools-for-stm32.11.3.rel1.win32_1.1.100.202309141235/tools/bin/../lib/gcc/arm-none-eabi/11.3.1/../../../../arm-none-eabi/lib/thumb/v7e-m+fp/hard\libc_nano.a(libc_a-nano-vfprintf.o)
                0x000000000800a554                _vfprintf_r
                0x000000000800a554                _vfiprintf_r
 .text.__swbuf_r
                0x000000000800a788       0x7a C:/ST/STM32CubeIDE_1.13.2/STM32CubeIDE/plugins/com.st.stm32cube.ide.mcu.externaltools.gnu-tools-for-stm32.11.3.rel1.win32_1.1.100.202309141235/tools/bin/../lib/gcc/arm-none-eabi/11.3.1/../../../../arm-none-eabi/lib/thumb/v7e-m+fp/hard\libc_nano.a(libc_a-wbuf.o)
                0x000000000800a788                __swbuf_r
 *fill*         0x000000000800a802        0x2 
 .text.__swsetup_r
                0x000000000800a804       0xb0 C:/ST/STM32CubeIDE_1.13.2/STM32CubeIDE/plugins/com.st.stm32cube.ide.mcu.externaltools.gnu-tools-for-stm32.11.3.rel1.win32_1.1.100.202309141235/tools/bin/../lib/gcc/arm-none-eabi/11.3.1/../../../../arm-none-eabi/lib/thumb/v7e-m+fp/hard\libc_nano.a(libc_a-wsetup.o)
                0x000000000800a804                __swsetup_r
 .text._raise_r
                0x000000000800a8b4       0x50 C:/ST/STM32CubeIDE_1.13.2/STM32CubeIDE/plugins/com.st.stm32cube.ide.mcu.externaltools.gnu-tools-for-stm32.11.3.rel1.win32_1.1.100.202309141235/tools/bin/../lib/gcc/arm-none-eabi/11.3.1/../../../../arm-none-eabi/lib/thumb/v7e-m+fp/hard\libc_nano.a(libc_a-signal.o)
                0x000000000800a8b4                _raise_r
 .text.raise    0x000000000800a904       0x10 C:/ST/STM32CubeIDE_1.13.2/STM32CubeIDE/plugins/com.st.stm32cube.ide.mcu.externaltools.gnu-tools-for-stm32.11.3.rel1.win32_1.1.100.202309141235/tools/bin/../lib/gcc/arm-none-eabi/11.3.1/../../../../arm-none-eabi/lib/thumb/v7e-m+fp/hard\libc_nano.a(libc_a-signal.o)
                0x000000000800a904                raise
 .text._kill_r  0x000000000800a914       0x24 C:/ST/STM32CubeIDE_1.13.2/STM32CubeIDE/plugins/com.st.stm32cube.ide.mcu.externaltools.gnu-tools-for-stm32.11.3.rel1.win32_1.1.100.202309141235/tools/bin/../lib/gcc/arm-none-eabi/11.3.1/../../../../arm-none-eabi/lib/thumb/v7e-m+fp/hard\libc_nano.a(libc_a-signalr.o)
                0x000000000800a914                _kill_r
 .text._getpid_r
                0x000000000800a938        0x4 C:/ST/STM32CubeIDE_1.13.2/STM32CubeIDE/plugins/com.st.stm32cube.ide.mcu.externaltools.gnu-tools-for-stm32.11.3.rel1.win32_1.1.100.202309141235/tools/bin/../lib/gcc/arm-none-eabi/11.3.1/../../../../arm-none-eabi/lib/thumb/v7e-m+fp/hard\libc_nano.a(libc_a-signalr.o)
                0x000000000800a938                _getpid_r
 .text._malloc_usable_size_r
                0x000000000800a93c       0x10 C:/ST/STM32CubeIDE_1.13.2/STM32CubeIDE/plugins/com.st.stm32cube.ide.mcu.externaltools.gnu-tools-for-stm32.11.3.rel1.win32_1.1.100.202309141235/tools/bin/../lib/gcc/arm-none-eabi/11.3.1/../../../../arm-none-eabi/lib/thumb/v7e-m+fp/hard\libc_nano.a(libc_a-msizer.o)
                0x000000000800a93c                _malloc_usable_size_r
 .text.__swhatbuf_r
                0x000000000800a94c       0x4c C:/ST/STM32CubeIDE_1.13.2/STM32CubeIDE/plugins/com.st.stm32cube.ide.mcu.externaltools.gnu-tools-for-stm32.11.3.rel1.win32_1.1.100.202309141235/tools/bin/../lib/gcc/arm-none-eabi/11.3.1/../../../../arm-none-eabi/lib/thumb/v7e-m+fp/hard\libc_nano.a(libc_a-makebuf.o)
                0x000000000800a94c                __swhatbuf_r
 .text.__smakebuf_r
                0x000000000800a998       0x78 C:/ST/STM32CubeIDE_1.13.2/STM32CubeIDE/plugins/com.st.stm32cube.ide.mcu.externaltools.gnu-tools-for-stm32.11.3.rel1.win32_1.1.100.202309141235/tools/bin/../lib/gcc/arm-none-eabi/11.3.1/../../../../arm-none-eabi/lib/thumb/v7e-m+fp/hard\libc_nano.a(libc_a-makebuf.o)
                0x000000000800a998                __smakebuf_r
 .text._fstat_r
                0x000000000800aa10       0x24 C:/ST/STM32CubeIDE_1.13.2/STM32CubeIDE/plugins/com.st.stm32cube.ide.mcu.externaltools.gnu-tools-for-stm32.11.3.rel1.win32_1.1.100.202309141235/tools/bin/../lib/gcc/arm-none-eabi/11.3.1/../../../../arm-none-eabi/lib/thumb/v7e-m+fp/hard\libc_nano.a(libc_a-fstatr.o)
                0x000000000800aa10                _fstat_r
 .text._isatty_r
                0x000000000800aa34       0x20 C:/ST/STM32CubeIDE_1.13.2/STM32CubeIDE/plugins/com.st.stm32cube.ide.mcu.externaltools.gnu-tools-for-stm32.11.3.rel1.win32_1.1.100.202309141235/tools/bin/../lib/gcc/arm-none-eabi/11.3.1/../../../../arm-none-eabi/lib/thumb/v7e-m+fp/hard\libc_nano.a(libc_a-isattyr.o)
                0x000000000800aa34                _isatty_r
 *(.glue_7)
 .glue_7        0x000000000800aa54        0x0 linker stubs
 *(.glue_7t)
 .glue_7t       0x000000000800aa54        0x0 linker stubs
 *(.eh_frame)
 .eh_frame      0x000000000800aa54        0x0 C:/ST/STM32CubeIDE_1.13.2/STM32CubeIDE/plugins/com.st.stm32cube.ide.mcu.externaltools.gnu-tools-for-stm32.11.3.rel1.win32_1.1.100.202309141235/tools/bin/../lib/gcc/arm-none-eabi/11.3.1/thumb/v7e-m+fp/hard/crtbegin.o
 *(.init)
 .init          0x000000000800aa54        0x4 C:/ST/STM32CubeIDE_1.13.2/STM32CubeIDE/plugins/com.st.stm32cube.ide.mcu.externaltools.gnu-tools-for-stm32.11.3.rel1.win32_1.1.100.202309141235/tools/bin/../lib/gcc/arm-none-eabi/11.3.1/thumb/v7e-m+fp/hard/crti.o
                0x000000000800aa54                _init
 .init          0x000000000800aa58        0x8 C:/ST/STM32CubeIDE_1.13.2/STM32CubeIDE/plugins/com.st.stm32cube.ide.mcu.externaltools.gnu-tools-for-stm32.11.3.rel1.win32_1.1.100.202309141235/tools/bin/../lib/gcc/arm-none-eabi/11.3.1/thumb/v7e-m+fp/hard/crtn.o
 *(.fini)
 .fini          0x000000000800aa60        0x4 C:/ST/STM32CubeIDE_1.13.2/STM32CubeIDE/plugins/com.st.stm32cube.ide.mcu.externaltools.gnu-tools-for-stm32.11.3.rel1.win32_1.1.100.202309141235/tools/bin/../lib/gcc/arm-none-eabi/11.3.1/thumb/v7e-m+fp/hard/crti.o
                0x000000000800aa60                _fini
 .fini          0x000000000800aa64        0x8 C:/ST/STM32CubeIDE_1.13.2/STM32CubeIDE/plugins/com.st.stm32cube.ide.mcu.externaltools.gnu-tools-for-stm32.11.3.rel1.win32_1.1.100.202309141235/tools/bin/../lib/gcc/arm-none-eabi/11.3.1/thumb/v7e-m+fp/hard/crtn.o
                0x000000000800aa6c                . = ALIGN (0x4)
                0x000000000800aa6c                _etext = .

.vfp11_veneer   0x000000000800aa6c        0x0
 .vfp11_veneer  0x000000000800aa6c        0x0 linker stubs

.v4_bx          0x000000000800aa6c        0x0
 .v4_bx         0x000000000800aa6c        0x0 linker stubs

.iplt           0x000000000800aa6c        0x0
 .iplt          0x000000000800aa6c        0x0 C:/ST/STM32CubeIDE_1.13.2/STM32CubeIDE/plugins/com.st.stm32cube.ide.mcu.externaltools.gnu-tools-for-stm32.11.3.rel1.win32_1.1.100.202309141235/tools/bin/../lib/gcc/arm-none-eabi/11.3.1/thumb/v7e-m+fp/hard/crtbegin.o

.rodata         0x000000000800aa6c     0x7144
                0x000000000800aa6c                . = ALIGN (0x4)
 *(.rodata)
 .rodata        0x000000000800aa6c       0xb1 ./Core/Src/main.o
 *fill*         0x000000000800ab1d        0x3 
 .rodata        0x000000000800ab20       0xa5 ./Core/Src/snake.o
 *fill*         0x000000000800abc5        0x3 
 .rodata        0x000000000800abc8       0x20 ./Core/Src/uart.o
 *(.rodata*)
 .rodata.ascii_1608
                0x000000000800abe8      0x5f0 ./Core/Src/lcd.o
                0x000000000800abe8                ascii_1608
 .rodata.ascii_2412
                0x000000000800b1d8     0x11d0 ./Core/Src/lcd.o
                0x000000000800b1d8                ascii_2412
 .rodata.ascii_3216
                0x000000000800c3a8     0x17c0 ./Core/Src/lcd.o
                0x000000000800c3a8                ascii_3216
 .rodata.gImage_logo
                0x000000000800db68     0x3f48 ./Core/Src/picture.o
                0x000000000800db68                gImage_logo
 .rodata.AHBPrescTable
                0x0000000008011ab0       0x10 ./Core/Src/system_stm32f4xx.o
                0x0000000008011ab0                AHBPrescTable
 .rodata.APBPrescTable
                0x0000000008011ac0        0x8 ./Core/Src/system_stm32f4xx.o
                0x0000000008011ac0                APBPrescTable
 .rodata.flagBitshiftOffset.0
                0x0000000008011ac8        0x8 ./Drivers/STM32F4xx_HAL_Driver/Src/stm32f4xx_hal_dma.o
 .rodata.srand.str1.1
                0x0000000008011ad0       0x6f C:/ST/STM32CubeIDE_1.13.2/STM32CubeIDE/plugins/com.st.stm32cube.ide.mcu.externaltools.gnu-tools-for-stm32.11.3.rel1.win32_1.1.100.202309141235/tools/bin/../lib/gcc/arm-none-eabi/11.3.1/../../../../arm-none-eabi/lib/thumb/v7e-m+fp/hard\libc_nano.a(libc_a-rand.o)
 .rodata.__assert_func.str1.1
                0x0000000008011b3f       0x3c C:/ST/STM32CubeIDE_1.13.2/STM32CubeIDE/plugins/com.st.stm32cube.ide.mcu.externaltools.gnu-tools-for-stm32.11.3.rel1.win32_1.1.100.202309141235/tools/bin/../lib/gcc/arm-none-eabi/11.3.1/../../../../arm-none-eabi/lib/thumb/v7e-m+fp/hard\libc_nano.a(libc_a-assert.o)
                                         0x3d (size before relaxing)
 .rodata._svfprintf_r.str1.1
                0x0000000008011b7b       0x11 C:/ST/STM32CubeIDE_1.13.2/STM32CubeIDE/plugins/com.st.stm32cube.ide.mcu.externaltools.gnu-tools-for-stm32.11.3.rel1.win32_1.1.100.202309141235/tools/bin/../lib/gcc/arm-none-eabi/11.3.1/../../../../arm-none-eabi/lib/thumb/v7e-m+fp/hard\libc_nano.a(libc_a-nano-svfprintf.o)
 .rodata._printf_i.str1.1
                0x0000000008011b8c       0x22 C:/ST/STM32CubeIDE_1.13.2/STM32CubeIDE/plugins/com.st.stm32cube.ide.mcu.externaltools.gnu-tools-for-stm32.11.3.rel1.win32_1.1.100.202309141235/tools/bin/../lib/gcc/arm-none-eabi/11.3.1/../../../../arm-none-eabi/lib/thumb/v7e-m+fp/hard\libc_nano.a(libc_a-nano-vfprintf_i.o)
 .rodata._vfprintf_r.str1.1
                0x0000000008011bae       0x11 C:/ST/STM32CubeIDE_1.13.2/STM32CubeIDE/plugins/com.st.stm32cube.ide.mcu.externaltools.gnu-tools-for-stm32.11.3.rel1.win32_1.1.100.202309141235/tools/bin/../lib/gcc/arm-none-eabi/11.3.1/../../../../arm-none-eabi/lib/thumb/v7e-m+fp/hard\libc_nano.a(libc_a-nano-vfprintf.o)
                0x0000000008011bc0                . = ALIGN (0x4)
 *fill*         0x0000000008011bae        0x2 

.ARM.extab      0x0000000008011bb0        0x0
                0x0000000008011bb0                . = ALIGN (0x4)
 *(.ARM.extab* .gnu.linkonce.armextab.*)
                0x0000000008011bb0                . = ALIGN (0x4)

.ARM            0x0000000008011bb0        0x8
                0x0000000008011bb0                . = ALIGN (0x4)
                0x0000000008011bb0                __exidx_start = .
 *(.ARM.exidx*)
 .ARM.exidx     0x0000000008011bb0        0x8 C:/ST/STM32CubeIDE_1.13.2/STM32CubeIDE/plugins/com.st.stm32cube.ide.mcu.externaltools.gnu-tools-for-stm32.11.3.rel1.win32_1.1.100.202309141235/tools/bin/../lib/gcc/arm-none-eabi/11.3.1/thumb/v7e-m+fp/hard\libgcc.a(_udivmoddi4.o)
                0x0000000008011bb8                __exidx_end = .
                0x0000000008011bb8                . = ALIGN (0x4)

.rel.dyn        0x0000000008011bb8        0x0
 .rel.iplt      0x0000000008011bb8        0x0 C:/ST/STM32CubeIDE_1.13.2/STM32CubeIDE/plugins/com.st.stm32cube.ide.mcu.externaltools.gnu-tools-for-stm32.11.3.rel1.win32_1.1.100.202309141235/tools/bin/../lib/gcc/arm-none-eabi/11.3.1/thumb/v7e-m+fp/hard/crtbegin.o

.preinit_array  0x0000000008011bb8        0x0
                0x0000000008011bb8                . = ALIGN (0x4)
                0x0000000008011bb8                PROVIDE (__preinit_array_start = .)
 *(.preinit_array*)
                0x0000000008011bb8                PROVIDE (__preinit_array_end = .)
                0x0000000008011bb8                . = ALIGN (0x4)

.init_array     0x0000000008011bb8        0x4
                0x0000000008011bb8                . = ALIGN (0x4)
                0x0000000008011bb8                PROVIDE (__init_array_start = .)
 *(SORT_BY_NAME(.init_array.*))
 *(.init_array*)
 .init_array    0x0000000008011bb8        0x4 C:/ST/STM32CubeIDE_1.13.2/STM32CubeIDE/plugins/com.st.stm32cube.ide.mcu.externaltools.gnu-tools-for-stm32.11.3.rel1.win32_1.1.100.202309141235/tools/bin/../lib/gcc/arm-none-eabi/11.3.1/thumb/v7e-m+fp/hard/crtbegin.o
                0x0000000008011bbc                PROVIDE (__init_array_end = .)
                0x0000000008011bbc                . = ALIGN (0x4)

.fini_array     0x0000000008011bbc        0x4
                0x0000000008011bbc                . = ALIGN (0x4)
                [!provide]                        PROVIDE (__fini_array_start = .)
 *(SORT_BY_NAME(.fini_array.*))
 *(.fini_array*)
 .fini_array    0x0000000008011bbc        0x4 C:/ST/STM32CubeIDE_1.13.2/STM32CubeIDE/plugins/com.st.stm32cube.ide.mcu.externaltools.gnu-tools-for-stm32.11.3.rel1.win32_1.1.100.202309141235/tools/bin/../lib/gcc/arm-none-eabi/11.3.1/thumb/v7e-m+fp/hard/crtbegin.o
                [!provide]                        PROVIDE (__fini_array_end = .)
                0x0000000008011bc0                . = ALIGN (0x4)
                0x0000000008011bc0                _sidata = LOADADDR (.data)

.data           0x0000000020000000      0x11c load address 0x0000000008011bc0
                0x0000000020000000                . = ALIGN (0x4)
                0x0000000020000000                _sdata = .
 *(.data)
 *(.data*)
 .data.led7seg  0x0000000020000000        0x4 ./Core/Src/led_7seg.o
                0x0000000020000000                led7seg
 .data.arrayOfNum
                0x0000000020000004        0xa ./Core/Src/led_7seg.o
                0x0000000020000004                arrayOfNum
 .data.spi_buffer
                0x000000002000000e        0x2 ./Core/Src/led_7seg.o
                0x000000002000000e                spi_buffer
 .data.difficult
                0x0000000020000010        0x2 ./Core/Src/main.o
                0x0000000020000010                difficult
 .data.x1       0x0000000020000012        0x2 ./Core/Src/snake.o
                0x0000000020000012                x1
 .data.y1       0x0000000020000014        0x2 ./Core/Src/snake.o
                0x0000000020000014                y1
 .data.x2       0x0000000020000016        0x2 ./Core/Src/snake.o
                0x0000000020000016                x2
 .data.y2       0x0000000020000018        0x2 ./Core/Src/snake.o
                0x0000000020000018                y2
 .data.firstState
                0x000000002000001a        0x1 ./Core/Src/snake.o
                0x000000002000001a                firstState
 .data.prevState
                0x000000002000001b        0x1 ./Core/Src/snake.o
                0x000000002000001b                prevState
 .data.init_len
                0x000000002000001c        0x2 ./Core/Src/snake.o
                0x000000002000001c                init_len
 .data.snakeTailLen
                0x000000002000001e        0x2 ./Core/Src/snake.o
                0x000000002000001e                snakeTailLen
 .data.speed    0x0000000020000020        0x2 ./Core/Src/snake.o
                0x0000000020000020                speed
 .data.CREATE_FOOD
                0x0000000020000022        0x2 ./Core/Src/snake.o
                0x0000000020000022                CREATE_FOOD
 .data.obstacles
                0x0000000020000024       0x90 ./Core/Src/snake.o
                0x0000000020000024                obstacles
 .data.SystemCoreClock
                0x00000000200000b4        0x4 ./Core/Src/system_stm32f4xx.o
                0x00000000200000b4                SystemCoreClock
 .data.uwTickPrio
                0x00000000200000b8        0x4 ./Drivers/STM32F4xx_HAL_Driver/Src/stm32f4xx_hal.o
                0x00000000200000b8                uwTickPrio
 .data.uwTickFreq
                0x00000000200000bc        0x1 ./Drivers/STM32F4xx_HAL_Driver/Src/stm32f4xx_hal.o
                0x00000000200000bc                uwTickFreq
 *fill*         0x00000000200000bd        0x3 
 .data.__sglue  0x00000000200000c0        0xc C:/ST/STM32CubeIDE_1.13.2/STM32CubeIDE/plugins/com.st.stm32cube.ide.mcu.externaltools.gnu-tools-for-stm32.11.3.rel1.win32_1.1.100.202309141235/tools/bin/../lib/gcc/arm-none-eabi/11.3.1/../../../../arm-none-eabi/lib/thumb/v7e-m+fp/hard\libc_nano.a(libc_a-findfp.o)
                0x00000000200000c0                __sglue
 .data._impure_data
                0x00000000200000cc       0x4c C:/ST/STM32CubeIDE_1.13.2/STM32CubeIDE/plugins/com.st.stm32cube.ide.mcu.externaltools.gnu-tools-for-stm32.11.3.rel1.win32_1.1.100.202309141235/tools/bin/../lib/gcc/arm-none-eabi/11.3.1/../../../../arm-none-eabi/lib/thumb/v7e-m+fp/hard\libc_nano.a(libc_a-impure.o)
                0x00000000200000cc                _impure_data
 .data._impure_ptr
                0x0000000020000118        0x4 C:/ST/STM32CubeIDE_1.13.2/STM32CubeIDE/plugins/com.st.stm32cube.ide.mcu.externaltools.gnu-tools-for-stm32.11.3.rel1.win32_1.1.100.202309141235/tools/bin/../lib/gcc/arm-none-eabi/11.3.1/../../../../arm-none-eabi/lib/thumb/v7e-m+fp/hard\libc_nano.a(libc_a-impure.o)
                0x0000000020000118                _impure_ptr
 *(.RamFunc)
 *(.RamFunc*)
                0x000000002000011c                . = ALIGN (0x4)
                0x000000002000011c                _edata = .
                0x0000000008011cdc                _siccmram = LOADADDR (.ccmram)

.igot.plt       0x000000002000011c        0x0 load address 0x0000000008011cdc
 .igot.plt      0x000000002000011c        0x0 C:/ST/STM32CubeIDE_1.13.2/STM32CubeIDE/plugins/com.st.stm32cube.ide.mcu.externaltools.gnu-tools-for-stm32.11.3.rel1.win32_1.1.100.202309141235/tools/bin/../lib/gcc/arm-none-eabi/11.3.1/thumb/v7e-m+fp/hard/crtbegin.o

.ccmram         0x0000000010000000        0x0 load address 0x0000000008011cdc
                0x0000000010000000                . = ALIGN (0x4)
                0x0000000010000000                _sccmram = .
 *(.ccmram)
 *(.ccmram*)
                0x0000000010000000                . = ALIGN (0x4)
                0x0000000010000000                _eccmram = .
                0x0000000010000000                . = ALIGN (0x4)

.bss            0x000000002000011c      0x7a8
                0x000000002000011c                _sbss = .
                0x000000002000011c                __bss_start__ = _sbss
 *(.bss)
 .bss           0x000000002000011c       0x1c C:/ST/STM32CubeIDE_1.13.2/STM32CubeIDE/plugins/com.st.stm32cube.ide.mcu.externaltools.gnu-tools-for-stm32.11.3.rel1.win32_1.1.100.202309141235/tools/bin/../lib/gcc/arm-none-eabi/11.3.1/thumb/v7e-m+fp/hard/crtbegin.o
 *(.bss*)
 .bss.hadc1     0x0000000020000138       0x48 ./Core/Src/adc.o
                0x0000000020000138                hadc1
 .bss.hdma_adc1
                0x0000000020000180       0x60 ./Core/Src/adc.o
                0x0000000020000180                hdma_adc1
 .bss.button_count
                0x00000000200001e0       0x20 ./Core/Src/button.o
                0x00000000200001e0                button_count
 .bss.spi_button
                0x0000000020000200        0x2 ./Core/Src/button.o
                0x0000000020000200                spi_button
 *fill*         0x0000000020000202        0x2 
 .bss.hsram1    0x0000000020000204       0x50 ./Core/Src/fsmc.o
                0x0000000020000204                hsram1
 .bss.FSMC_Initialized
                0x0000000020000254        0x4 ./Core/Src/fsmc.o
 .bss.hi2c1     0x0000000020000258       0x54 ./Core/Src/i2c.o
                0x0000000020000258                hi2c1
 .bss.lcddev    0x00000000200002ac        0x6 ./Core/Src/lcd.o
                0x00000000200002ac                lcddev
 *fill*         0x00000000200002b2        0x2 
 .bss.led7_index
                0x00000000200002b4        0x4 ./Core/Src/led_7seg.o
                0x00000000200002b4                led7_index
 .bss.light_status
                0x00000000200002b8        0x1 ./Core/Src/light_control.o
                0x00000000200002b8                light_status
 *fill*         0x00000000200002b9        0x1 
 .bss.status    0x00000000200002ba        0x2 ./Core/Src/main.o
                0x00000000200002ba                status
 .bss.adc_receive
                0x00000000200002bc        0xa ./Core/Src/sensor.o
                0x00000000200002bc                adc_receive
 .bss.level     0x00000000200002c6        0x2 ./Core/Src/snake.o
                0x00000000200002c6                level
 .bss.currentIndex
                0x00000000200002c8        0x1 ./Core/Src/snake.o
                0x00000000200002c8                currentIndex
 *fill*         0x00000000200002c9        0x3 
 .bss.allPath   0x00000000200002cc      0x2d0 ./Core/Src/snake.o
                0x00000000200002cc                allPath
 .bss.flag      0x000000002000059c        0x1 ./Core/Src/snake.o
                0x000000002000059c                flag
 .bss.flag1     0x000000002000059d        0x1 ./Core/Src/snake.o
                0x000000002000059d                flag1
 .bss.flag2     0x000000002000059e        0x1 ./Core/Src/snake.o
                0x000000002000059e                flag2
 *fill*         0x000000002000059f        0x1 
 .bss.x_food    0x00000000200005a0        0x2 ./Core/Src/snake.o
                0x00000000200005a0                x_food
 .bss.y_food    0x00000000200005a2        0x2 ./Core/Src/snake.o
                0x00000000200005a2                y_food
 .bss.count     0x00000000200005a4        0x2 ./Core/Src/snake.o
                0x00000000200005a4                count
 .bss.max_count
                0x00000000200005a6        0x2 ./Core/Src/snake.o
                0x00000000200005a6                max_count
 .bss.flag_timer2
                0x00000000200005a8        0x2 ./Core/Src/software_timer.o
                0x00000000200005a8                flag_timer2
 .bss.timer2_counter
                0x00000000200005aa        0x2 ./Core/Src/software_timer.o
                0x00000000200005aa                timer2_counter
 .bss.timer2_MUL
                0x00000000200005ac        0x2 ./Core/Src/software_timer.o
                0x00000000200005ac                timer2_MUL
 .bss.flag_Sensor
                0x00000000200005ae        0x2 ./Core/Src/software_timer.o
                0x00000000200005ae                flag_Sensor
 .bss.timer_Sensor
                0x00000000200005b0        0x2 ./Core/Src/software_timer.o
                0x00000000200005b0                timer_Sensor
 .bss.timer_Sensor_MUL
                0x00000000200005b2        0x2 ./Core/Src/software_timer.o
                0x00000000200005b2                timer_Sensor_MUL
 .bss.hspi1     0x00000000200005b4       0x58 ./Core/Src/spi.o
                0x00000000200005b4                hspi1
 .bss.__sbrk_heap_end
                0x000000002000060c        0x4 ./Core/Src/sysmem.o
 .bss.htim1     0x0000000020000610       0x48 ./Core/Src/tim.o
                0x0000000020000610                htim1
 .bss.htim2     0x0000000020000658       0x48 ./Core/Src/tim.o
                0x0000000020000658                htim2
 .bss.htim13    0x00000000200006a0       0x48 ./Core/Src/tim.o
                0x00000000200006a0                htim13
 .bss.receive_buffer1
                0x00000000200006e8        0x1 ./Core/Src/uart.o
                0x00000000200006e8                receive_buffer1
 .bss.receive_buffer2
                0x00000000200006e9        0x1 ./Core/Src/uart.o
                0x00000000200006e9                receive_buffer2
 .bss.check_esp
                0x00000000200006ea        0x1 ./Core/Src/uart.o
                0x00000000200006ea                check_esp
 *fill*         0x00000000200006eb        0x1 
 .bss.huart1    0x00000000200006ec       0x44 ./Core/Src/usart.o
                0x00000000200006ec                huart1
 .bss.huart2    0x0000000020000730       0x44 ./Core/Src/usart.o
                0x0000000020000730                huart2
 .bss.uwTick    0x0000000020000774        0x4 ./Drivers/STM32F4xx_HAL_Driver/Src/stm32f4xx_hal.o
                0x0000000020000774                uwTick
 .bss.__sf      0x0000000020000778      0x138 C:/ST/STM32CubeIDE_1.13.2/STM32CubeIDE/plugins/com.st.stm32cube.ide.mcu.externaltools.gnu-tools-for-stm32.11.3.rel1.win32_1.1.100.202309141235/tools/bin/../lib/gcc/arm-none-eabi/11.3.1/../../../../arm-none-eabi/lib/thumb/v7e-m+fp/hard\libc_nano.a(libc_a-findfp.o)
                0x0000000020000778                __sf
 .bss.__stdio_exit_handler
                0x00000000200008b0        0x4 C:/ST/STM32CubeIDE_1.13.2/STM32CubeIDE/plugins/com.st.stm32cube.ide.mcu.externaltools.gnu-tools-for-stm32.11.3.rel1.win32_1.1.100.202309141235/tools/bin/../lib/gcc/arm-none-eabi/11.3.1/../../../../arm-none-eabi/lib/thumb/v7e-m+fp/hard\libc_nano.a(libc_a-findfp.o)
                0x00000000200008b0                __stdio_exit_handler
 .bss.errno     0x00000000200008b4        0x4 C:/ST/STM32CubeIDE_1.13.2/STM32CubeIDE/plugins/com.st.stm32cube.ide.mcu.externaltools.gnu-tools-for-stm32.11.3.rel1.win32_1.1.100.202309141235/tools/bin/../lib/gcc/arm-none-eabi/11.3.1/../../../../arm-none-eabi/lib/thumb/v7e-m+fp/hard\libc_nano.a(libc_a-reent.o)
                0x00000000200008b4                errno
 .bss.__lock___malloc_recursive_mutex
                0x00000000200008b8        0x1 C:/ST/STM32CubeIDE_1.13.2/STM32CubeIDE/plugins/com.st.stm32cube.ide.mcu.externaltools.gnu-tools-for-stm32.11.3.rel1.win32_1.1.100.202309141235/tools/bin/../lib/gcc/arm-none-eabi/11.3.1/../../../../arm-none-eabi/lib/thumb/v7e-m+fp/hard\libc_nano.a(libc_a-lock.o)
                0x00000000200008b8                __lock___malloc_recursive_mutex
 .bss.__lock___sfp_recursive_mutex
                0x00000000200008b9        0x1 C:/ST/STM32CubeIDE_1.13.2/STM32CubeIDE/plugins/com.st.stm32cube.ide.mcu.externaltools.gnu-tools-for-stm32.11.3.rel1.win32_1.1.100.202309141235/tools/bin/../lib/gcc/arm-none-eabi/11.3.1/../../../../arm-none-eabi/lib/thumb/v7e-m+fp/hard\libc_nano.a(libc_a-lock.o)
                0x00000000200008b9                __lock___sfp_recursive_mutex
 *fill*         0x00000000200008ba        0x2 
 .bss.__malloc_free_list
                0x00000000200008bc        0x4 C:/ST/STM32CubeIDE_1.13.2/STM32CubeIDE/plugins/com.st.stm32cube.ide.mcu.externaltools.gnu-tools-for-stm32.11.3.rel1.win32_1.1.100.202309141235/tools/bin/../lib/gcc/arm-none-eabi/11.3.1/../../../../arm-none-eabi/lib/thumb/v7e-m+fp/hard\libc_nano.a(libc_a-mallocr.o)
                0x00000000200008bc                __malloc_free_list
 .bss.__malloc_sbrk_start
                0x00000000200008c0        0x4 C:/ST/STM32CubeIDE_1.13.2/STM32CubeIDE/plugins/com.st.stm32cube.ide.mcu.externaltools.gnu-tools-for-stm32.11.3.rel1.win32_1.1.100.202309141235/tools/bin/../lib/gcc/arm-none-eabi/11.3.1/../../../../arm-none-eabi/lib/thumb/v7e-m+fp/hard\libc_nano.a(libc_a-mallocr.o)
                0x00000000200008c0                __malloc_sbrk_start
 *(COMMON)
                0x00000000200008c4                . = ALIGN (0x4)
                0x00000000200008c4                _ebss = .
                0x00000000200008c4                __bss_end__ = _ebss

._user_heap_stack
                0x00000000200008c4      0x604
                0x00000000200008c8                . = ALIGN (0x8)
 *fill*         0x00000000200008c4        0x4 
                [!provide]                        PROVIDE (end = .)
                0x00000000200008c8                PROVIDE (_end = .)
                0x0000000020000ac8                . = (. + _Min_Heap_Size)
 *fill*         0x00000000200008c8      0x200 
                0x0000000020000ec8                . = (. + _Min_Stack_Size)
 *fill*         0x0000000020000ac8      0x400 
                0x0000000020000ec8                . = ALIGN (0x8)

/DISCARD/
 libc.a(*)
 libm.a(*)
 libgcc.a(*)

.ARM.attributes
                0x0000000000000000       0x30
 *(.ARM.attributes)
 .ARM.attributes
                0x0000000000000000       0x1e C:/ST/STM32CubeIDE_1.13.2/STM32CubeIDE/plugins/com.st.stm32cube.ide.mcu.externaltools.gnu-tools-for-stm32.11.3.rel1.win32_1.1.100.202309141235/tools/bin/../lib/gcc/arm-none-eabi/11.3.1/thumb/v7e-m+fp/hard/crti.o
 .ARM.attributes
                0x000000000000001e       0x34 C:/ST/STM32CubeIDE_1.13.2/STM32CubeIDE/plugins/com.st.stm32cube.ide.mcu.externaltools.gnu-tools-for-stm32.11.3.rel1.win32_1.1.100.202309141235/tools/bin/../lib/gcc/arm-none-eabi/11.3.1/thumb/v7e-m+fp/hard/crtbegin.o
 .ARM.attributes
                0x0000000000000052       0x34 ./Core/Src/adc.o
 .ARM.attributes
                0x0000000000000086       0x34 ./Core/Src/button.o
 .ARM.attributes
                0x00000000000000ba       0x34 ./Core/Src/dma.o
 .ARM.attributes
                0x00000000000000ee       0x34 ./Core/Src/fsmc.o
 .ARM.attributes
                0x0000000000000122       0x34 ./Core/Src/gpio.o
 .ARM.attributes
                0x0000000000000156       0x34 ./Core/Src/i2c.o
 .ARM.attributes
                0x000000000000018a       0x34 ./Core/Src/lcd.o
 .ARM.attributes
                0x00000000000001be       0x34 ./Core/Src/led_7seg.o
 .ARM.attributes
                0x00000000000001f2       0x34 ./Core/Src/light_control.o
 .ARM.attributes
                0x0000000000000226       0x34 ./Core/Src/main.o
 .ARM.attributes
                0x000000000000025a       0x34 ./Core/Src/picture.o
 .ARM.attributes
                0x000000000000028e       0x34 ./Core/Src/sensor.o
 .ARM.attributes
                0x00000000000002c2       0x34 ./Core/Src/snake.o
 .ARM.attributes
                0x00000000000002f6       0x34 ./Core/Src/software_timer.o
 .ARM.attributes
                0x000000000000032a       0x34 ./Core/Src/spi.o
 .ARM.attributes
                0x000000000000035e       0x34 ./Core/Src/stm32f4xx_hal_msp.o
 .ARM.attributes
                0x0000000000000392       0x34 ./Core/Src/stm32f4xx_it.o
 .ARM.attributes
                0x00000000000003c6       0x34 ./Core/Src/syscalls.o
 .ARM.attributes
                0x00000000000003fa       0x34 ./Core/Src/sysmem.o
 .ARM.attributes
                0x000000000000042e       0x34 ./Core/Src/system_stm32f4xx.o
 .ARM.attributes
                0x0000000000000462       0x34 ./Core/Src/tim.o
 .ARM.attributes
                0x0000000000000496       0x34 ./Core/Src/uart.o
 .ARM.attributes
                0x00000000000004ca       0x34 ./Core/Src/usart.o
 .ARM.attributes