Archive member included to satisfy reference by file (symbol)

c:/st/stm32cubeide_1.7.0/stm32cubeide/plugins/com.st.stm32cube.ide.mcu.externaltools.gnu-tools-for-stm32.9-2020-q2-update.win32_2.0.0.202105311346/tools/bin/../lib/gcc/arm-none-eabi/9.3.1/../../../../arm-none-eabi/lib/thumb/v7e-m+fp/hard\libc_nano.a(lib_a-errno.o)
                              ./Core/Src/syscalls.o (__errno)
c:/st/stm32cubeide_1.7.0/stm32cubeide/plugins/com.st.stm32cube.ide.mcu.externaltools.gnu-tools-for-stm32.9-2020-q2-update.win32_2.0.0.202105311346/tools/bin/../lib/gcc/arm-none-eabi/9.3.1/../../../../arm-none-eabi/lib/thumb/v7e-m+fp/hard\libc_nano.a(lib_a-exit.o)
                              c:/st/stm32cubeide_1.7.0/stm32cubeide/plugins/com.st.stm32cube.ide.mcu.externaltools.gnu-tools-for-stm32.9-2020-q2-update.win32_2.0.0.202105311346/tools/bin/../lib/gcc/arm-none-eabi/9.3.1/../../../../arm-none-eabi/lib/thumb/v7e-m+fp/hard/crt0.o (exit)
c:/st/stm32cubeide_1.7.0/stm32cubeide/plugins/com.st.stm32cube.ide.mcu.externaltools.gnu-tools-for-stm32.9-2020-q2-update.win32_2.0.0.202105311346/tools/bin/../lib/gcc/arm-none-eabi/9.3.1/../../../../arm-none-eabi/lib/thumb/v7e-m+fp/hard\libc_nano.a(lib_a-impure.o)
                              c:/st/stm32cubeide_1.7.0/stm32cubeide/plugins/com.st.stm32cube.ide.mcu.externaltools.gnu-tools-for-stm32.9-2020-q2-update.win32_2.0.0.202105311346/tools/bin/../lib/gcc/arm-none-eabi/9.3.1/../../../../arm-none-eabi/lib/thumb/v7e-m+fp/hard\libc_nano.a(lib_a-exit.o) (_global_impure_ptr)
c:/st/stm32cubeide_1.7.0/stm32cubeide/plugins/com.st.stm32cube.ide.mcu.externaltools.gnu-tools-for-stm32.9-2020-q2-update.win32_2.0.0.202105311346/tools/bin/../lib/gcc/arm-none-eabi/9.3.1/../../../../arm-none-eabi/lib/thumb/v7e-m+fp/hard\libc_nano.a(lib_a-init.o)
                              c:/st/stm32cubeide_1.7.0/stm32cubeide/plugins/com.st.stm32cube.ide.mcu.externaltools.gnu-tools-for-stm32.9-2020-q2-update.win32_2.0.0.202105311346/tools/bin/../lib/gcc/arm-none-eabi/9.3.1/../../../../arm-none-eabi/lib/thumb/v7e-m+fp/hard/crt0.o (__libc_init_array)
c:/st/stm32cubeide_1.7.0/stm32cubeide/plugins/com.st.stm32cube.ide.mcu.externaltools.gnu-tools-for-stm32.9-2020-q2-update.win32_2.0.0.202105311346/tools/bin/../lib/gcc/arm-none-eabi/9.3.1/../../../../arm-none-eabi/lib/thumb/v7e-m+fp/hard\libc_nano.a(lib_a-memset.o)
                              c:/st/stm32cubeide_1.7.0/stm32cubeide/plugins/com.st.stm32cube.ide.mcu.externaltools.gnu-tools-for-stm32.9-2020-q2-update.win32_2.0.0.202105311346/tools/bin/../lib/gcc/arm-none-eabi/9.3.1/../../../../arm-none-eabi/lib/thumb/v7e-m+fp/hard/crt0.o (memset)
c:/st/stm32cubeide_1.7.0/stm32cubeide/plugins/com.st.stm32cube.ide.mcu.externaltools.gnu-tools-for-stm32.9-2020-q2-update.win32_2.0.0.202105311346/tools/bin/../lib/gcc/arm-none-eabi/9.3.1/../../../../arm-none-eabi/lib/thumb/v7e-m+fp/hard\libc_nano.a(lib_a-rand.o)
                              ./Core/Src/snake.o (rand)
c:/st/stm32cubeide_1.7.0/stm32cubeide/plugins/com.st.stm32cube.ide.mcu.externaltools.gnu-tools-for-stm32.9-2020-q2-update.win32_2.0.0.202105311346/tools/bin/../lib/gcc/arm-none-eabi/9.3.1/../../../../arm-none-eabi/lib/thumb/v7e-m+fp/hard\libc_nano.a(lib_a-snprintf.o)
                              ./Core/Src/uart.o (snprintf)
c:/st/stm32cubeide_1.7.0/stm32cubeide/plugins/com.st.stm32cube.ide.mcu.externaltools.gnu-tools-for-stm32.9-2020-q2-update.win32_2.0.0.202105311346/tools/bin/../lib/gcc/arm-none-eabi/9.3.1/../../../../arm-none-eabi/lib/thumb/v7e-m+fp/hard\libc_nano.a(lib_a-sprintf.o)
                              ./Core/Src/uart.o (sprintf)
c:/st/stm32cubeide_1.7.0/stm32cubeide/plugins/com.st.stm32cube.ide.mcu.externaltools.gnu-tools-for-stm32.9-2020-q2-update.win32_2.0.0.202105311346/tools/bin/../lib/gcc/arm-none-eabi/9.3.1/../../../../arm-none-eabi/lib/thumb/v7e-m+fp/hard\libc_nano.a(lib_a-strcat.o)
                              ./Core/Src/uart.o (strcat)
c:/st/stm32cubeide_1.7.0/stm32cubeide/plugins/com.st.stm32cube.ide.mcu.externaltools.gnu-tools-for-stm32.9-2020-q2-update.win32_2.0.0.202105311346/tools/bin/../lib/gcc/arm-none-eabi/9.3.1/../../../../arm-none-eabi/lib/thumb/v7e-m+fp/hard\libc_nano.a(lib_a-strlen.o)
                              ./Core/Src/lcd.o (strlen)
c:/st/stm32cubeide_1.7.0/stm32cubeide/plugins/com.st.stm32cube.ide.mcu.externaltools.gnu-tools-for-stm32.9-2020-q2-update.win32_2.0.0.202105311346/tools/bin/../lib/gcc/arm-none-eabi/9.3.1/../../../../arm-none-eabi/lib/thumb/v7e-m+fp/hard\libc_nano.a(lib_a-assert.o)
                              c:/st/stm32cubeide_1.7.0/stm32cubeide/plugins/com.st.stm32cube.ide.mcu.externaltools.gnu-tools-for-stm32.9-2020-q2-update.win32_2.0.0.202105311346/tools/bin/../lib/gcc/arm-none-eabi/9.3.1/../../../../arm-none-eabi/lib/thumb/v7e-m+fp/hard\libc_nano.a(lib_a-rand.o) (__assert_func)
[...]
Memory Configuration

Name             Origin             Length             Attributes
CCMRAM           0x0000000010000000 0x0000000000010000 xrw
RAM              0x0000000020000000 0x0000000000020000 xrw
FLASH            0x0000000008000000 0x0000000000100000 xr
*default*        0x0000000000000000 0xffffffffffffffff

Linker script and memory map

LOAD c:/st/stm32cubeide_1.7.0/stm32cubeide/plugins/com.st.stm32cube.ide.mcu.externaltools.gnu-tools-for-stm32.9-2020-q2-update.win32_2.0.0.202105311346/tools/bin/../lib/gcc/arm-none-eabi/9.3.1/thumb/v7e-m+fp/hard/crti.o
LOAD c:/st/stm32cubeide_1.7.0/stm32cubeide/plugins/com.st.stm32cube.ide.mcu.externaltools.gnu-tools-for-stm32.9-2020-q2-update.win32_2.0.0.202105311346/tools/bin/../lib/gcc/arm-none-eabi/9.3.1/thumb/v7e-m+fp/hard/crtbegin.o
LOAD c:/st/stm32cubeide_1.7.0/stm32cubeide/plugins/com.st.stm32cube.ide.mcu.externaltools.gnu-tools-for-stm32.9-2020-q2-update.win32_2.0.0.202105311346/tools/bin/../lib/gcc/arm-none-eabi/9.3.1/../../../../arm-none-eabi/lib/thumb/v7e-m+fp/hard/crt0.o
LOAD ./Core/Src/UI.o
LOAD ./Core/Src/adc.o
LOAD ./Core/Src/at24c.o
LOAD ./Core/Src/button.o
LOAD ./Core/Src/buzzer.o
LOAD ./Core/Src/dma.o
LOAD ./Core/Src/ds3231.o
LOAD ./Core/Src/fsmc.o
LOAD ./Core/Src/gpio.o
LOAD ./Core/Src/i2c.o
LOAD ./Core/Src/lcd.o
LOAD ./Core/Src/led_7seg.o
LOAD ./Core/Src/light_control.o
LOAD ./Core/Src/main.o
LOAD ./Core/Src/picture.o
LOAD ./Core/Src/sensor.o
LOAD ./Core/Src/snake.o
LOAD ./Core/Src/software_timer.o
LOAD ./Core/Src/spi.o
LOAD ./Core/Src/stm32f4xx_hal_msp.o
LOAD ./Core/Src/stm32f4xx_it.o
LOAD ./Core/Src/syscalls.o
LOAD ./Core/Src/sysmem.o
LOAD ./Core/Src/system_stm32f4xx.o
LOAD ./Core/Src/tim.o
LOAD ./Core/Src/touch.o
LOAD ./Core/Src/uart.o
LOAD ./Core/Src/usart.o
LOAD ./Core/Src/utils.o
LOAD ./Core/Startup/startup_stm32f407zetx.o
LOAD ./Drivers/STM32F4xx_HAL_Driver/Src/stm32f4xx_hal.o
LOAD ./Drivers/STM32F4xx_HAL_Driver/Src/stm32f4xx_hal_adc.o
LOAD ./Drivers/STM32F4xx_HAL_Driver/Src/stm32f4xx_hal_adc_ex.o
LOAD ./Drivers/STM32F4xx_HAL_Driver/Src/stm32f4xx_hal_cortex.o
LOAD ./Drivers/STM32F4xx_HAL_Driver/Src/stm32f4xx_hal_dma.o
LOAD ./Drivers/STM32F4xx_HAL_Driver/Src/stm32f4xx_hal_dma_ex.o
LOAD ./Drivers/STM32F4xx_HAL_Driver/Src/stm32f4xx_hal_exti.o
LOAD ./Drivers/STM32F4xx_HAL_Driver/Src/stm32f4xx_hal_flash.o
LOAD ./Drivers/STM32F4xx_HAL_Driver/Src/stm32f4xx_hal_flash_ex.o
LOAD ./Drivers/STM32F4xx_HAL_Driver/Src/stm32f4xx_hal_flash_ramfunc.o
LOAD ./Drivers/STM32F4xx_HAL_Driver/Src/stm32f4xx_hal_gpio.o
LOAD ./Drivers/STM32F4xx_HAL_Driver/Src/stm32f4xx_hal_i2c.o
LOAD ./Drivers/STM32F4xx_HAL_Driver/Src/stm32f4xx_hal_i2c_ex.o
LOAD ./Drivers/STM32F4xx_HAL_Driver/Src/stm32f4xx_hal_pwr.o
LOAD ./Drivers/STM32F4xx_HAL_Driver/Src/stm32f4xx_hal_pwr_ex.o
LOAD ./Drivers/STM32F4xx_HAL_Driver/Src/stm32f4xx_hal_rcc.o
LOAD ./Drivers/STM32F4xx_HAL_Driver/Src/stm32f4xx_hal_rcc_ex.o
LOAD ./Drivers/STM32F4xx_HAL_Driver/Src/stm32f4xx_hal_spi.o
LOAD ./Drivers/STM32F4xx_HAL_Driver/Src/stm32f4xx_hal_sram.o
LOAD ./Drivers/STM32F4xx_HAL_Driver/Src/stm32f4xx_hal_tim.o
LOAD ./Drivers/STM32F4xx_HAL_Driver/Src/stm32f4xx_hal_tim_ex.o
LOAD ./Drivers/STM32F4xx_HAL_Driver/Src/stm32f4xx_hal_uart.o
LOAD ./Drivers/STM32F4xx_HAL_Driver/Src/stm32f4xx_ll_adc.o
LOAD ./Drivers/STM32F4xx_HAL_Driver/Src/stm32f4xx_ll_fsmc.o
START GROUP
LOAD c:/st/stm32cubeide_1.7.0/stm32cubeide/plugins/com.st.stm32cube.ide.mcu.externaltools.gnu-tools-for-stm32.9-2020-q2-update.win32_2.0.0.202105311346/tools/bin/../lib/gcc/arm-none-eabi/9.3.1/../../../../arm-none-eabi/lib/thumb/v7e-m+fp/hard\libc_nano.a
LOAD c:/st/stm32cubeide_1.7.0/stm32cubeide/plugins/com.st.stm32cube.ide.mcu.externaltools.gnu-tools-for-stm32.9-2020-q2-update.win32_2.0.0.202105311346/tools/bin/../lib/gcc/arm-none-eabi/9.3.1/../../../../arm-none-eabi/lib/thumb/v7e-m+fp/hard\libm.a
END GROUP
START GROUP
LOAD c:/st/stm32cubeide_1.7.0/stm32cubeide/plugins/com.st.stm32cube.ide.mcu.externaltools.gnu-tools-for-stm32.9-2020-q2-update.win32_2.0.0.202105311346/tools/bin/../lib/gcc/arm-none-eabi/9.3.1/thumb/v7e-m+fp/hard\libgcc.a
LOAD c:/st/stm32cubeide_1.7.0/stm32cubeide/plugins/com.st.stm32cube.ide.mcu.externaltools.gnu-tools-for-stm32.9-2020-q2-update.win32_2.0.0.202105311346/tools/bin/../lib/gcc/arm-none-eabi/9.3.1/../../../../arm-none-eabi/lib/thumb/v7e-m+fp/hard\libc_nano.a
END GROUP
START GROUP
LOAD c:/st/stm32cubeide_1.7.0/stm32cubeide/plugins/com.st.stm32cube.ide.mcu.externaltools.gnu-tools-for-stm32.9-2020-q2-update.win32_2.0.0.202105311346/tools/bin/../lib/gcc/arm-none-eabi/9.3.1/thumb/v7e-m+fp/hard\libgcc.a
LOAD c:/st/stm32cubeide_1.7.0/stm32cubeide/plugins/com.st.stm32cube.ide.mcu.externaltools.gnu-tools-for-stm32.9-2020-q2-update.win32_2.0.0.202105311346/tools/bin/../lib/gcc/arm-none-eabi/9.3.1/../../../../arm-none-eabi/lib/thumb/v7e-m+fp/hard\libc_nano.a
LOAD c:/st/stm32cubeide_1.7.0/stm32cubeide/plugins/com.st.stm32cube.ide.mcu.externaltools.gnu-tools-for-stm32.9-2020-q2-update.win32_2.0.0.202105311346/tools/bin/../lib/gcc/arm-none-eabi/9.3.1/../../../../arm-none-eabi/lib/thumb/v7e-m+fp/hard\libnosys.a
END GROUP
START GROUP
LOAD c:/st/stm32cubeide_1.7.0/stm32cubeide/plugins/com.st.stm32cube.ide.mcu.externaltools.gnu-tools-for-stm32.9-2020-q2-update.win32_2.0.0.202105311346/tools/bin/../lib/gcc/arm-none-eabi/9.3.1/thumb/v7e-m+fp/hard\libgcc.a
LOAD c:/st/stm32cubeide_1.7.0/stm32cubeide/plugins/com.st.stm32cube.ide.mcu.externaltools.gnu-tools-for-stm32.9-2020-q2-update.win32_2.0.0.202105311346/tools/bin/../lib/gcc/arm-none-eabi/9.3.1/../../../../arm-none-eabi/lib/thumb/v7e-m+fp/hard\libc_nano.a
LOAD c:/st/stm32cubeide_1.7.0/stm32cubeide/plugins/com.st.stm32cube.ide.mcu.externaltools.gnu-tools-for-stm32.9-2020-q2-update.win32_2.0.0.202105311346/tools/bin/../lib/gcc/arm-none-eabi/9.3.1/../../../../arm-none-eabi/lib/thumb/v7e-m+fp/hard\libnosys.a
END GROUP
LOAD c:/st/stm32cubeide_1.7.0/stm32cubeide/plugins/com.st.stm32cube.ide.mcu.externaltools.gnu-tools-for-stm32.9-2020-q2-update.win32_2.0.0.202105311346/tools/bin/../lib/gcc/arm-none-eabi/9.3.1/thumb/v7e-m+fp/hard/crtend.o
LOAD c:/st/stm32cubeide_1.7.0/stm32cubeide/plugins/com.st.stm32cube.ide.mcu.externaltools.gnu-tools-for-stm32.9-2020-q2-update.win32_2.0.0.202105311346/tools/bin/../lib/gcc/arm-none-eabi/9.3.1/thumb/v7e-m+fp/hard/crtn.o
                0x0000000020020000                _estack = (ORIGIN (RAM) + LENGTH (RAM))
                0x0000000000000200                _Min_Heap_Size = 0x200
                0x0000000000000400                _Min_Stack_Size = 0x400

.isr_vector     0x0000000008000000      0x188
                0x0000000008000000                . = ALIGN (0x4)
 *(.isr_vector)
 .isr_vector    0x0000000008000000      0x188 ./Core/Startup/startup_stm32f407zetx.o
                0x0000000008000000                g_pfnVectors
                0x0000000008000188                . = ALIGN (0x4)

.text           0x0000000008000190     0xa7c0
                0x0000000008000190                . = ALIGN (0x4)
 *(.text)
 .text          0x0000000008000190       0x40 c:/st/stm32cubeide_1.7.0/stm32cubeide/plugins/com.st.stm32cube.ide.mcu.externaltools.gnu-tools-for-stm32.9-2020-q2-update.win32_2.0.0.202105311346/tools/bin/../lib/gcc/arm-none-eabi/9.3.1/thumb/v7e-m+fp/hard/crtbegin.o
 .text          0x00000000080001d0       0x10 c:/st/stm32cubeide_1.7.0/stm32cubeide/plugins/com.st.stm32cube.ide.mcu.externaltools.gnu-tools-for-stm32.9-2020-q2-update.win32_2.0.0.202105311346/tools/bin/../lib/gcc/arm-none-eabi/9.3.1/../../../../arm-none-eabi/lib/thumb/v7e-m+fp/hard\libc_nano.a(lib_a-strlen.o)
                0x00000000080001d0                strlen
 .text          0x00000000080001e0       0xa0 c:/st/stm32cubeide_1.7.0/stm32cubeide/plugins/com.st.stm32cube.ide.mcu.externaltools.gnu-tools-for-stm32.9-2020-q2-update.win32_2.0.0.202105311346/tools/bin/../lib/gcc/arm-none-eabi/9.3.1/../../../../arm-none-eabi/lib/thumb/v7e-m+fp/hard\libc_nano.a(lib_a-memchr.o)
                0x00000000080001e0                memchr
 .text          0x0000000008000280       0x30 c:/st/stm32cubeide_1.7.0/stm32cubeide/plugins/com.st.stm32cube.ide.mcu.externaltools.gnu-tools-for-stm32.9-2020-q2-update.win32_2.0.0.202105311346/tools/bin/../lib/gcc/arm-none-eabi/9.3.1/thumb/v7e-m+fp/hard\libgcc.a(_aeabi_uldivmod.o)
                0x0000000008000280                __aeabi_uldivmod
 .text          0x00000000080002b0      0x2c4 c:/st/stm32cubeide_1.7.0/stm32cubeide/plugins/com.st.stm32cube.ide.mcu.externaltools.gnu-tools-for-stm32.9-2020-q2-update.win32_2.0.0.202105311346/tools/bin/../lib/gcc/arm-none-eabi/9.3.1/thumb/v7e-m+fp/hard\libgcc.a(_udivmoddi4.o)
                0x00000000080002b0                __udivmoddi4
 .text          0x0000000008000574        0x4 c:/st/stm32cubeide_1.7.0/stm32cubeide/plugins/com.st.stm32cube.ide.mcu.externaltools.gnu-tools-for-stm32.9-2020-q2-update.win32_2.0.0.202105311346/tools/bin/../lib/gcc/arm-none-eabi/9.3.1/thumb/v7e-m+fp/hard\libgcc.a(_dvmd_tls.o)
                0x0000000008000574                __aeabi_idiv0
                0x0000000008000574                __aeabi_ldiv0
 *(.text*)
 .text.MX_ADC1_Init
                0x0000000008000578      0x114 ./Core/Src/adc.o
                0x0000000008000578                MX_ADC1_Init
 .text.HAL_ADC_MspInit
                0x000000000800068c      0x128 ./Core/Src/adc.o
                0x000000000800068c                HAL_ADC_MspInit
 .text.button_init
                0x00000000080007b4       0x18 ./Core/Src/button.o
                0x00000000080007b4                button_init
 .text.button_Scan
                0x00000000080007cc       0xd8 ./Core/Src/button.o
                0x00000000080007cc                button_Scan
 .text.MX_DMA_Init
                0x00000000080008a4       0x40 ./Core/Src/dma.o
                0x00000000080008a4                MX_DMA_Init
 .text.MX_FSMC_Init
                0x00000000080008e4       0xf4 ./Core/Src/fsmc.o
                0x00000000080008e4                MX_FSMC_Init
 .text.HAL_FSMC_MspInit
                0x00000000080009d8       0x98 ./Core/Src/fsmc.o
 .text.HAL_SRAM_MspInit
                0x0000000008000a70       0x14 ./Core/Src/fsmc.o
                0x0000000008000a70                HAL_SRAM_MspInit
 .text.MX_GPIO_Init
                0x0000000008000a84      0x274 ./Core/Src/gpio.o
                0x0000000008000a84                MX_GPIO_Init
 .text.MX_I2C1_Init
                0x0000000008000cf8       0x5c ./Core/Src/i2c.o
                0x0000000008000cf8                MX_I2C1_Init
 .text.HAL_I2C_MspInit
                0x0000000008000d54       0x90 ./Core/Src/i2c.o
                0x0000000008000d54                HAL_I2C_MspInit
 .text.LCD_WR_REG
                0x0000000008000de4       0x20 ./Core/Src/lcd.o
                0x0000000008000de4                LCD_WR_REG
 .text.LCD_WR_DATA
                0x0000000008000e04       0x20 ./Core/Src/lcd.o
 .text.LCD_RD_DATA
                0x0000000008000e24       0x24 ./Core/Src/lcd.o
 .text.lcd_AddressSet
                0x0000000008000e48       0x98 ./Core/Src/lcd.o
                0x0000000008000e48                lcd_AddressSet
 .text.lcd_Clear
                0x0000000008000ee0       0x64 ./Core/Src/lcd.o
                0x0000000008000ee0                lcd_Clear
 .text.lcd_Fill
                0x0000000008000f44       0x6c ./Core/Src/lcd.o
                0x0000000008000f44                lcd_Fill
 .text.lcd_DrawPoint
                0x0000000008000fb0       0x2e ./Core/Src/lcd.o
                0x0000000008000fb0                lcd_DrawPoint
 .text.lcd_DrawLine
                0x0000000008000fde      0x108 ./Core/Src/lcd.o
                0x0000000008000fde                lcd_DrawLine
 .text.lcd_DrawRectangle
                0x00000000080010e6       0x6e ./Core/Src/lcd.o
                0x00000000080010e6                lcd_DrawRectangle
 .text.lcd_ShowChar
                0x0000000008001154      0x1a0 ./Core/Src/lcd.o
                0x0000000008001154                lcd_ShowChar
 .text.mypow    0x00000000080012f4       0x38 ./Core/Src/lcd.o
                0x00000000080012f4                mypow
 .text.lcd_ShowIntNum
                0x000000000800132c       0xfc ./Core/Src/lcd.o
                0x000000000800132c                lcd_ShowIntNum
 .text.lcd_ShowPicture
                0x0000000008001428       0xac ./Core/Src/lcd.o
                0x0000000008001428                lcd_ShowPicture
 .text.lcd_SetDir
                0x00000000080014d4       0x48 ./Core/Src/lcd.o
                0x00000000080014d4                lcd_SetDir
 .text.lcd_init
                0x000000000800151c      0x2c0 ./Core/Src/lcd.o
                0x000000000800151c                lcd_init
 .text.lcd_ShowStr
                0x00000000080017dc       0xc8 ./Core/Src/lcd.o
                0x00000000080017dc                lcd_ShowStr
 .text.led7_init
                0x00000000080018a4       0x18 ./Core/Src/led_7seg.o
                0x00000000080018a4                led7_init
 .text.led7_Scan
                0x00000000080018bc      0x118 ./Core/Src/led_7seg.o
                0x00000000080018bc                led7_Scan
 .text.led7_SetDigit
                0x00000000080019d4       0x48 ./Core/Src/led_7seg.o
                0x00000000080019d4                led7_SetDigit
 .text.main     0x0000000008001a1c      0x108 ./Core/Src/main.o
                0x0000000008001a1c                main
 .text.SystemClock_Config
                0x0000000008001b24       0xd4 ./Core/Src/main.o
                0x0000000008001b24                SystemClock_Config
 .text.system_init
                0x0000000008001bf8       0x50 ./Core/Src/main.o
                0x0000000008001bf8                system_init
 .text.display_UI
                0x0000000008001c48       0xf4 ./Core/Src/main.o
                0x0000000008001c48                display_UI
 .text.choose_level
                0x0000000008001d3c      0x100 ./Core/Src/main.o
                0x0000000008001d3c                choose_level
 .text.display_UI_Snake_Game
                0x0000000008001e3c       0xc4 ./Core/Src/main.o
                0x0000000008001e3c                display_UI_Snake_Game
 .text.Error_Handler
                0x0000000008001f00        0xa ./Core/Src/main.o
                0x0000000008001f00                Error_Handler
 *fill*         0x0000000008001f0a        0x2 
 .text.sensor_init
                0x0000000008001f0c       0x1c ./Core/Src/sensor.o
                0x0000000008001f0c                sensor_init
 .text.sensor_Read
                0x0000000008001f28       0x1c ./Core/Src/sensor.o
                0x0000000008001f28                sensor_Read
 .text.sensor_GetLight
                0x0000000008001f44       0x18 ./Core/Src/sensor.o
                0x0000000008001f44                sensor_GetLight
 .text.sensor_GetPotentiometer
                0x0000000008001f5c       0x18 ./Core/Src/sensor.o
                0x0000000008001f5c                sensor_GetPotentiometer
 .text.sensor_GetTemperature
                0x0000000008001f74       0x3c ./Core/Src/sensor.o
                0x0000000008001f74                sensor_GetTemperature
 .text.random_eat
                0x0000000008001fb0       0x38 ./Core/Src/snake.o
                0x0000000008001fb0                random_eat
 .text.createWall_color
                0x0000000008001fe8       0x30 ./Core/Src/snake.o
                0x0000000008001fe8                createWall_color
 .text.createWall
                0x0000000008002018       0x64 ./Core/Src/snake.o
                0x0000000008002018                createWall
 .text.snake_init
                0x000000000800207c       0x38 ./Core/Src/snake.o
                0x000000000800207c                snake_init
 .text.reset_game
                0x00000000080020b4      0x190 ./Core/Src/snake.o
                0x00000000080020b4                reset_game
 .text.game_over
                0x0000000008002244       0xfc ./Core/Src/snake.o
                0x0000000008002244                game_over
 .text.checkBite
                0x0000000008002340      0x1b4 ./Core/Src/snake.o
                0x0000000008002340                checkBite
 .text.snakeSelfBite
                0x00000000080024f4       0x84 ./Core/Src/snake.o
                0x00000000080024f4                snakeSelfBite
 .text.moveWall
                0x0000000008002578      0x2c0 ./Core/Src/snake.o
                0x0000000008002578                moveWall
 .text.checkCollision
                0x0000000008002838      0x180 ./Core/Src/snake.o
                0x0000000008002838                checkCollision
 .text.delete_path
                0x00000000080029b8      0x2ec ./Core/Src/snake.o
                0x00000000080029b8                delete_path
 .text.right    0x0000000008002ca4      0x204 ./Core/Src/snake.o
                0x0000000008002ca4                right
 .text.left     0x0000000008002ea8      0x204 ./Core/Src/snake.o
                0x0000000008002ea8                left
 .text.up       0x00000000080030ac      0x21c ./Core/Src/snake.o
                0x00000000080030ac                up
 .text.down     0x00000000080032c8      0x204 ./Core/Src/snake.o
                0x00000000080032c8                down
 .text.eat_food_success
                0x00000000080034cc       0x64 ./Core/Src/snake.o
                0x00000000080034cc                eat_food_success
 .text.food     0x0000000008003530      0x220 ./Core/Src/snake.o
                0x0000000008003530                food
 .text.move     0x0000000008003750      0x1e8 ./Core/Src/snake.o
                0x0000000008003750                move
 .text.wall     0x0000000008003938      0x154 ./Core/Src/snake.o
                0x0000000008003938                wall
 .text.timer_init
                0x0000000008003a8c       0x1c ./Core/Src/software_timer.o
                0x0000000008003a8c                timer_init
 .text.setTimer2
                0x0000000008003aa8       0x38 ./Core/Src/software_timer.o
                0x0000000008003aa8                setTimer2
 .text.setTimerSendSensor
                0x0000000008003ae0       0x38 ./Core/Src/software_timer.o
                0x0000000008003ae0                setTimerSendSensor
 .text.HAL_TIM_PeriodElapsedCallback
                0x0000000008003b18       0x8c ./Core/Src/software_timer.o
                0x0000000008003b18                HAL_TIM_PeriodElapsedCallback
 .text.MX_SPI1_Init
                0x0000000008003ba4       0x6c ./Core/Src/spi.o
                0x0000000008003ba4                MX_SPI1_Init
 .text.HAL_SPI_MspInit
                0x0000000008003c10       0x90 ./Core/Src/spi.o
                0x0000000008003c10                HAL_SPI_MspInit
 .text.HAL_MspInit
                0x0000000008003ca0       0x50 ./Core/Src/stm32f4xx_hal_msp.o
                0x0000000008003ca0                HAL_MspInit
 .text.NMI_Handler
                0x0000000008003cf0        0x6 ./Core/Src/stm32f4xx_it.o
                0x0000000008003cf0                NMI_Handler
 .text.HardFault_Handler
                0x0000000008003cf6        0x6 ./Core/Src/stm32f4xx_it.o
                0x0000000008003cf6                HardFault_Handler
 .text.MemManage_Handler
                0x0000000008003cfc        0x6 ./Core/Src/stm32f4xx_it.o
                0x0000000008003cfc                MemManage_Handler
 .text.BusFault_Handler
                0x0000000008003d02        0x6 ./Core/Src/stm32f4xx_it.o
                0x0000000008003d02                BusFault_Handler
 .text.UsageFault_Handler
                0x0000000008003d08        0x6 ./Core/Src/stm32f4xx_it.o
                0x0000000008003d08                UsageFault_Handler
 .text.SVC_Handler
                0x0000000008003d0e        0xe ./Core/Src/stm32f4xx_it.o
                0x0000000008003d0e                SVC_Handler
 .text.DebugMon_Handler
                0x0000000008003d1c        0xe ./Core/Src/stm32f4xx_it.o
                0x0000000008003d1c                DebugMon_Handler
 .text.PendSV_Handler
                0x0000000008003d2a        0xe ./Core/Src/stm32f4xx_it.o
                0x0000000008003d2a                PendSV_Handler
 .text.SysTick_Handler
                0x0000000008003d38        0xc ./Core/Src/stm32f4xx_it.o
                0x0000000008003d38                SysTick_Handler
 .text.TIM2_IRQHandler
                0x0000000008003d44       0x14 ./Core/Src/stm32f4xx_it.o
                0x0000000008003d44                TIM2_IRQHandler
 .text.USART1_IRQHandler
                0x0000000008003d58       0x14 ./Core/Src/stm32f4xx_it.o
                0x0000000008003d58                USART1_IRQHandler
 .text.USART2_IRQHandler
                0x0000000008003d6c       0x14 ./Core/Src/stm32f4xx_it.o
                0x0000000008003d6c                USART2_IRQHandler
 .text.DMA2_Stream0_IRQHandler
                0x0000000008003d80       0x14 ./Core/Src/stm32f4xx_it.o
                0x0000000008003d80                DMA2_Stream0_IRQHandler
 .text._getpid  0x0000000008003d94       0x10 ./Core/Src/syscalls.o
                0x0000000008003d94                _getpid
 .text._kill    0x0000000008003da4       0x20 ./Core/Src/syscalls.o
                0x0000000008003da4                _kill
 .text._exit    0x0000000008003dc4       0x14 ./Core/Src/syscalls.o
                0x0000000008003dc4                _exit
 .text._read    0x0000000008003dd8       0x3a ./Core/Src/syscalls.o
                0x0000000008003dd8                _read
 .text._write   0x0000000008003e12       0x38 ./Core/Src/syscalls.o
                0x0000000008003e12                _write
 .text._close   0x0000000008003e4a       0x18 ./Core/Src/syscalls.o
                0x0000000008003e4a                _close
 .text._fstat   0x0000000008003e62       0x20 ./Core/Src/syscalls.o
                0x0000000008003e62                _fstat
 .text._isatty  0x0000000008003e82       0x16 ./Core/Src/syscalls.o
                0x0000000008003e82                _isatty
 .text._lseek   0x0000000008003e98       0x1a ./Core/Src/syscalls.o
                0x0000000008003e98                _lseek
 *fill*         0x0000000008003eb2        0x2 
 .text._sbrk    0x0000000008003eb4       0x6c ./Core/Src/sysmem.o
                0x0000000008003eb4                _sbrk
 .text.SystemInit
                0x0000000008003f20       0x24 ./Core/Src/system_stm32f4xx.o
                0x0000000008003f20                SystemInit
 .text.MX_TIM1_Init
                0x0000000008003f44       0xa0 ./Core/Src/tim.o
                0x0000000008003f44                MX_TIM1_Init
 .text.MX_TIM2_Init
                0x0000000008003fe4       0x98 ./Core/Src/tim.o
                0x0000000008003fe4                MX_TIM2_Init
 .text.MX_TIM13_Init
                0x000000000800407c       0x9c ./Core/Src/tim.o
                0x000000000800407c                MX_TIM13_Init
 .text.HAL_TIM_Base_MspInit
                0x0000000008004118       0xa4 ./Core/Src/tim.o
                0x0000000008004118                HAL_TIM_Base_MspInit
 .text.HAL_TIM_MspPostInit
                0x00000000080041bc       0x74 ./Core/Src/tim.o
                0x00000000080041bc                HAL_TIM_MspPostInit
 .text.uart_init_esp
                0x0000000008004230       0x2c ./Core/Src/uart.o
                0x0000000008004230                uart_init_esp
 .text.uart_EspSendBytes
                0x000000000800425c       0x24 ./Core/Src/uart.o
                0x000000000800425c                uart_EspSendBytes
 .text.HAL_UART_RxCpltCallback
                0x0000000008004280       0x94 ./Core/Src/uart.o
                0x0000000008004280                HAL_UART_RxCpltCallback
 .text.uartSendSensor
                0x0000000008004314       0xf4 ./Core/Src/uart.o
                0x0000000008004314                uartSendSensor
 .text.MX_USART1_UART_Init
                0x0000000008004408       0x54 ./Core/Src/usart.o
                0x0000000008004408                MX_USART1_UART_Init
 .text.MX_USART2_UART_Init
                0x000000000800445c       0x54 ./Core/Src/usart.o
                0x000000000800445c                MX_USART2_UART_Init
 .text.HAL_UART_MspInit
                0x00000000080044b0      0x118 ./Core/Src/usart.o
                0x00000000080044b0                HAL_UART_MspInit
 .text.Reset_Handler
                0x00000000080045c8       0x50 ./Core/Startup/startup_stm32f407zetx.o
                0x00000000080045c8                Reset_Handler
 .text.Default_Handler
                0x0000000008004618        0x2 ./Core/Startup/startup_stm32f407zetx.o
                0x0000000008004618                RTC_Alarm_IRQHandler
                0x0000000008004618                HASH_RNG_IRQHandler
                0x0000000008004618                EXTI2_IRQHandler
                0x0000000008004618                TIM8_CC_IRQHandler
                0x0000000008004618                TIM1_CC_IRQHandler
                0x0000000008004618                DMA2_Stream5_IRQHandler
                0x0000000008004618                DMA1_Stream5_IRQHandler
                0x0000000008004618                PVD_IRQHandler
                0x0000000008004618                SDIO_IRQHandler
                0x0000000008004618                TAMP_STAMP_IRQHandler
                0x0000000008004618                CAN2_RX1_IRQHandler
                0x0000000008004618                EXTI3_IRQHandler
                0x0000000008004618                TIM8_TRG_COM_TIM14_IRQHandler
                0x0000000008004618                TIM1_UP_TIM10_IRQHandler
                0x0000000008004618                TIM8_UP_TIM13_IRQHandler
                0x0000000008004618                I2C3_ER_IRQHandler
                0x0000000008004618                EXTI0_IRQHandler
                0x0000000008004618                I2C2_EV_IRQHandler
                0x0000000008004618                DMA1_Stream2_IRQHandler
                0x0000000008004618                CAN1_RX0_IRQHandler
                0x0000000008004618                FPU_IRQHandler
                0x0000000008004618                OTG_HS_WKUP_IRQHandler
                0x0000000008004618                CAN2_SCE_IRQHandler
                0x0000000008004618                DMA2_Stream2_IRQHandler
                0x0000000008004618                SPI1_IRQHandler
                0x0000000008004618                TIM6_DAC_IRQHandler
                0x0000000008004618                TIM1_BRK_TIM9_IRQHandler
                0x0000000008004618                DCMI_IRQHandler
                0x0000000008004618                CAN2_RX0_IRQHandler
                0x0000000008004618                DMA2_Stream3_IRQHandler
                0x0000000008004618                USART6_IRQHandler
                0x0000000008004618                USART3_IRQHandler
                0x0000000008004618                CAN1_RX1_IRQHandler
                0x0000000008004618                UART5_IRQHandler
                0x0000000008004618                TIM4_IRQHandler
                0x0000000008004618                I2C1_EV_IRQHandler
                0x0000000008004618                DMA1_Stream6_IRQHandler
                0x0000000008004618                DMA1_Stream1_IRQHandler
                0x0000000008004618                UART4_IRQHandler
                0x0000000008004618                TIM3_IRQHandler
                0x0000000008004618                RCC_IRQHandler
                0x0000000008004618                TIM8_BRK_TIM12_IRQHandler
                0x0000000008004618                Default_Handler
                0x0000000008004618                EXTI15_10_IRQHandler
                0x0000000008004618                ADC_IRQHandler
                0x0000000008004618                DMA1_Stream7_IRQHandler
                0x0000000008004618                TIM7_IRQHandler
                0x0000000008004618                CAN2_TX_IRQHandler
                0x0000000008004618                TIM5_IRQHandler
                0x0000000008004618                DMA2_Stream7_IRQHandler
                0x0000000008004618                I2C3_EV_IRQHandler
                0x0000000008004618                EXTI9_5_IRQHandler
                0x0000000008004618                RTC_WKUP_IRQHandler
                0x0000000008004618                ETH_WKUP_IRQHandler
                0x0000000008004618                SPI2_IRQHandler
                0x0000000008004618                OTG_HS_EP1_IN_IRQHandler
                0x0000000008004618                DMA1_Stream0_IRQHandler
                0x0000000008004618                CAN1_TX_IRQHandler
                0x0000000008004618                EXTI4_IRQHandler
                0x0000000008004618                FSMC_IRQHandler
                0x0000000008004618                ETH_IRQHandler
                0x0000000008004618                OTG_HS_EP1_OUT_IRQHandler
                0x0000000008004618                WWDG_IRQHandler
                0x0000000008004618                OTG_FS_WKUP_IRQHandler
                0x0000000008004618                TIM1_TRG_COM_TIM11_IRQHandler
                0x0000000008004618                OTG_HS_IRQHandler
                0x0000000008004618                EXTI1_IRQHandler
                0x0000000008004618                I2C2_ER_IRQHandler
                0x0000000008004618                DMA2_Stream1_IRQHandler
                0x0000000008004618                CAN1_SCE_IRQHandler
                0x0000000008004618                FLASH_IRQHandler
                0x0000000008004618                DMA2_Stream4_IRQHandler
                0x0000000008004618                OTG_FS_IRQHandler
                0x0000000008004618                SPI3_IRQHandler
                0x0000000008004618                DMA1_Stream4_IRQHandler
                0x0000000008004618                I2C1_ER_IRQHandler
                0x0000000008004618                DMA2_Stream6_IRQHandler
                0x0000000008004618                DMA1_Stream3_IRQHandler
 *fill*         0x000000000800461a        0x2 
 .text.HAL_Init
                0x000000000800461c       0x44 ./Drivers/STM32F4xx_HAL_Driver/Src/stm32f4xx_hal.o
                0x000000000800461c                HAL_Init
 .text.HAL_InitTick
                0x0000000008004660       0x60 ./Drivers/STM32F4xx_HAL_Driver/Src/stm32f4xx_hal.o
                0x0000000008004660                HAL_InitTick
 .text.HAL_IncTick
                0x00000000080046c0       0x28 ./Drivers/STM32F4xx_HAL_Driver/Src/stm32f4xx_hal.o
                0x00000000080046c0                HAL_IncTick
 .text.HAL_GetTick
                0x00000000080046e8       0x18 ./Drivers/STM32F4xx_HAL_Driver/Src/stm32f4xx_hal.o
                0x00000000080046e8                HAL_GetTick
 .text.HAL_Delay
                0x0000000008004700       0x48 ./Drivers/STM32F4xx_HAL_Driver/Src/stm32f4xx_hal.o
                0x0000000008004700                HAL_Delay
 .text.HAL_ADC_Init
                0x0000000008004748       0x86 ./Drivers/STM32F4xx_HAL_Driver/Src/stm32f4xx_hal_adc.o
                0x0000000008004748                HAL_ADC_Init
 *fill*         0x00000000080047ce        0x2 
 .text.HAL_ADC_Start_DMA
                0x00000000080047d0      0x220 ./Drivers/STM32F4xx_HAL_Driver/Src/stm32f4xx_hal_adc.o
                0x00000000080047d0                HAL_ADC_Start_DMA
 .text.HAL_ADC_ConvCpltCallback
                0x00000000080049f0       0x14 ./Drivers/STM32F4xx_HAL_Driver/Src/stm32f4xx_hal_adc.o
                0x00000000080049f0                HAL_ADC_ConvCpltCallback
 .text.HAL_ADC_ConvHalfCpltCallback
                0x0000000008004a04       0x14 ./Drivers/STM32F4xx_HAL_Driver/Src/stm32f4xx_hal_adc.o
                0x0000000008004a04                HAL_ADC_ConvHalfCpltCallback
 .text.HAL_ADC_ErrorCallback
                0x0000000008004a18       0x14 ./Drivers/STM32F4xx_HAL_Driver/Src/stm32f4xx_hal_adc.o
                0x0000000008004a18                HAL_ADC_ErrorCallback
 .text.HAL_ADC_ConfigChannel
                0x0000000008004a2c      0x244 ./Drivers/STM32F4xx_HAL_Driver/Src/stm32f4xx_hal_adc.o
                0x0000000008004a2c                HAL_ADC_ConfigChannel
 .text.ADC_Init
                0x0000000008004c70      0x1f8 ./Drivers/STM32F4xx_HAL_Driver/Src/stm32f4xx_hal_adc.o
 .text.ADC_DMAConvCplt
                0x0000000008004e68       0xba ./Drivers/STM32F4xx_HAL_Driver/Src/stm32f4xx_hal_adc.o
 .text.ADC_DMAHalfConvCplt
                0x0000000008004f22       0x1c ./Drivers/STM32F4xx_HAL_Driver/Src/stm32f4xx_hal_adc.o
 .text.ADC_DMAError
                0x0000000008004f3e       0x2e ./Drivers/STM32F4xx_HAL_Driver/Src/stm32f4xx_hal_adc.o
 .text.__NVIC_SetPriorityGrouping
                0x0000000008004f6c       0x48 ./Drivers/STM32F4xx_HAL_Driver/Src/stm32f4xx_hal_cortex.o
 .text.__NVIC_GetPriorityGrouping
                0x0000000008004fb4       0x1c ./Drivers/STM32F4xx_HAL_Driver/Src/stm32f4xx_hal_cortex.o
 .text.__NVIC_EnableIRQ
                0x0000000008004fd0       0x3c ./Drivers/STM32F4xx_HAL_Driver/Src/stm32f4xx_hal_cortex.o
 .text.__NVIC_SetPriority
                0x000000000800500c       0x54 ./Drivers/STM32F4xx_HAL_Driver/Src/stm32f4xx_hal_cortex.o
 .text.NVIC_EncodePriority
                0x0000000008005060       0x66 ./Drivers/STM32F4xx_HAL_Driver/Src/stm32f4xx_hal_cortex.o
 *fill*         0x00000000080050c6        0x2 
 .text.SysTick_Config
                0x00000000080050c8       0x44 ./Drivers/STM32F4xx_HAL_Driver/Src/stm32f4xx_hal_cortex.o
 .text.HAL_NVIC_SetPriorityGrouping
                0x000000000800510c       0x16 ./Drivers/STM32F4xx_HAL_Driver/Src/stm32f4xx_hal_cortex.o
                0x000000000800510c                HAL_NVIC_SetPriorityGrouping
 .text.HAL_NVIC_SetPriority
                0x0000000008005122       0x38 ./Drivers/STM32F4xx_HAL_Driver/Src/stm32f4xx_hal_cortex.o
                0x0000000008005122                HAL_NVIC_SetPriority
 .text.HAL_NVIC_EnableIRQ
                0x000000000800515a       0x1c ./Drivers/STM32F4xx_HAL_Driver/Src/stm32f4xx_hal_cortex.o
                0x000000000800515a                HAL_NVIC_EnableIRQ
 .text.HAL_SYSTICK_Config
                0x0000000008005176       0x18 ./Drivers/STM32F4xx_HAL_Driver/Src/stm32f4xx_hal_cortex.o
                0x0000000008005176                HAL_SYSTICK_Config
 *fill*         0x000000000800518e        0x2 
 .text.HAL_DMA_Init
                0x0000000008005190      0x15c ./Drivers/STM32F4xx_HAL_Driver/Src/stm32f4xx_hal_dma.o
                0x0000000008005190                HAL_DMA_Init
 .text.HAL_DMA_Start_IT
                0x00000000080052ec       0xb0 ./Drivers/STM32F4xx_HAL_Driver/Src/stm32f4xx_hal_dma.o
                0x00000000080052ec                HAL_DMA_Start_IT
 .text.HAL_DMA_Abort
                0x000000000800539c       0xe0 ./Drivers/STM32F4xx_HAL_Driver/Src/stm32f4xx_hal_dma.o
                0x000000000800539c                HAL_DMA_Abort
 .text.HAL_DMA_Abort_IT
                0x000000000800547c       0x44 ./Drivers/STM32F4xx_HAL_Driver/Src/stm32f4xx_hal_dma.o
                0x000000000800547c                HAL_DMA_Abort_IT
 .text.HAL_DMA_IRQHandler
                0x00000000080054c0      0x314 ./Drivers/STM32F4xx_HAL_Driver/Src/stm32f4xx_hal_dma.o
                0x00000000080054c0                HAL_DMA_IRQHandler
 .text.DMA_SetConfig
                0x00000000080057d4       0x5c ./Drivers/STM32F4xx_HAL_Driver/Src/stm32f4xx_hal_dma.o
 .text.DMA_CalcBaseAndBitshift
                0x0000000008005830       0x6c ./Drivers/STM32F4xx_HAL_Driver/Src/stm32f4xx_hal_dma.o
 .text.DMA_CheckFifoParam
                0x000000000800589c       0xf8 ./Drivers/STM32F4xx_HAL_Driver/Src/stm32f4xx_hal_dma.o
 .text.HAL_GPIO_Init
                0x0000000008005994      0x338 ./Drivers/STM32F4xx_HAL_Driver/Src/stm32f4xx_hal_gpio.o
                0x0000000008005994                HAL_GPIO_Init
 .text.HAL_GPIO_WritePin
                0x0000000008005ccc       0x32 ./Drivers/STM32F4xx_HAL_Driver/Src/stm32f4xx_hal_gpio.o
                0x0000000008005ccc                HAL_GPIO_WritePin
 *fill*         0x0000000008005cfe        0x2 
 .text.HAL_I2C_Init
                0x0000000008005d00      0x288 ./Drivers/STM32F4xx_HAL_Driver/Src/stm32f4xx_hal_i2c.o
                0x0000000008005d00                HAL_I2C_Init
 .text.HAL_RCC_OscConfig
                0x0000000008005f88      0x4f0 ./Drivers/STM32F4xx_HAL_Driver/Src/stm32f4xx_hal_rcc.o
                0x0000000008005f88                HAL_RCC_OscConfig
 .text.HAL_RCC_ClockConfig
                0x0000000008006478      0x1cc ./Drivers/STM32F4xx_HAL_Driver/Src/stm32f4xx_hal_rcc.o
                0x0000000008006478                HAL_RCC_ClockConfig
 .text.HAL_RCC_GetSysClockFreq
                0x0000000008006644      0x1c4 ./Drivers/STM32F4xx_HAL_Driver/Src/stm32f4xx_hal_rcc.o
                0x0000000008006644                HAL_RCC_GetSysClockFreq
 .text.HAL_RCC_GetHCLKFreq
                0x0000000008006808       0x18 ./Drivers/STM32F4xx_HAL_Driver/Src/stm32f4xx_hal_rcc.o
                0x0000000008006808                HAL_RCC_GetHCLKFreq
 .text.HAL_RCC_GetPCLK1Freq
                0x0000000008006820       0x28 ./Drivers/STM32F4xx_HAL_Driver/Src/stm32f4xx_hal_rcc.o
                0x0000000008006820                HAL_RCC_GetPCLK1Freq
 .text.HAL_RCC_GetPCLK2Freq
                0x0000000008006848       0x28 ./Drivers/STM32F4xx_HAL_Driver/Src/stm32f4xx_hal_rcc.o
                0x0000000008006848                HAL_RCC_GetPCLK2Freq
 .text.HAL_SPI_Init
                0x0000000008006870      0x112 ./Drivers/STM32F4xx_HAL_Driver/Src/stm32f4xx_hal_spi.o
                0x0000000008006870                HAL_SPI_Init
 .text.HAL_SPI_Transmit
                0x0000000008006982      0x278 ./Drivers/STM32F4xx_HAL_Driver/Src/stm32f4xx_hal_spi.o
                0x0000000008006982                HAL_SPI_Transmit
 .text.HAL_SPI_Receive
                0x0000000008006bfa      0x222 ./Drivers/STM32F4xx_HAL_Driver/Src/stm32f4xx_hal_spi.o
                0x0000000008006bfa                HAL_SPI_Receive
 .text.HAL_SPI_TransmitReceive
                0x0000000008006e1c      0x344 ./Drivers/STM32F4xx_HAL_Driver/Src/stm32f4xx_hal_spi.o
                0x0000000008006e1c                HAL_SPI_TransmitReceive
 .text.SPI_WaitFlagStateUntilTimeout
                0x0000000008007160      0x110 ./Drivers/STM32F4xx_HAL_Driver/Src/stm32f4xx_hal_spi.o
 .text.SPI_EndRxTransaction
                0x0000000008007270       0xca ./Drivers/STM32F4xx_HAL_Driver/Src/stm32f4xx_hal_spi.o
 *fill*         0x000000000800733a        0x2 
 .text.SPI_EndRxTxTransaction
                0x000000000800733c       0x84 ./Drivers/STM32F4xx_HAL_Driver/Src/stm32f4xx_hal_spi.o
 .text.HAL_SRAM_Init
                0x00000000080073c0       0x88 ./Drivers/STM32F4xx_HAL_Driver/Src/stm32f4xx_hal_sram.o
                0x00000000080073c0                HAL_SRAM_Init
 .text.HAL_TIM_Base_Init
                0x0000000008007448       0x9e ./Drivers/STM32F4xx_HAL_Driver/Src/stm32f4xx_hal_tim.o
                0x0000000008007448                HAL_TIM_Base_Init
 *fill*         0x00000000080074e6        0x2 
 .text.HAL_TIM_Base_Start
                0x00000000080074e8       0xd0 ./Drivers/STM32F4xx_HAL_Driver/Src/stm32f4xx_hal_tim.o
                0x00000000080074e8                HAL_TIM_Base_Start
 .text.HAL_TIM_Base_Start_IT
                0x00000000080075b8       0xe0 ./Drivers/STM32F4xx_HAL_Driver/Src/stm32f4xx_hal_tim.o
                0x00000000080075b8                HAL_TIM_Base_Start_IT
 .text.HAL_TIM_PWM_Init
                0x0000000008007698       0x9e ./Drivers/STM32F4xx_HAL_Driver/Src/stm32f4xx_hal_tim.o
                0x0000000008007698                HAL_TIM_PWM_Init
 .text.HAL_TIM_PWM_MspInit
                0x0000000008007736       0x14 ./Drivers/STM32F4xx_HAL_Driver/Src/stm32f4xx_hal_tim.o
                0x0000000008007736                HAL_TIM_PWM_MspInit
 .text.HAL_TIM_IRQHandler
                0x000000000800774a      0x210 ./Drivers/STM32F4xx_HAL_Driver/Src/stm32f4xx_hal_tim.o
                0x000000000800774a                HAL_TIM_IRQHandler
 *fill*         0x000000000800795a        0x2 
 .text.HAL_TIM_PWM_ConfigChannel
                0x000000000800795c      0x184 ./Drivers/STM32F4xx_HAL_Driver/Src/stm32f4xx_hal_tim.o
                0x000000000800795c                HAL_TIM_PWM_ConfigChannel
 .text.HAL_TIM_ConfigClockSource
                0x0000000008007ae0      0x18e ./Drivers/STM32F4xx_HAL_Driver/Src/stm32f4xx_hal_tim.o
                0x0000000008007ae0                HAL_TIM_ConfigClockSource
 .text.HAL_TIM_OC_DelayElapsedCallback
                0x0000000008007c6e       0x14 ./Drivers/STM32F4xx_HAL_Driver/Src/stm32f4xx_hal_tim.o
                0x0000000008007c6e                HAL_TIM_OC_DelayElapsedCallback
 .text.HAL_TIM_IC_CaptureCallback
                0x0000000008007c82       0x14 ./Drivers/STM32F4xx_HAL_Driver/Src/stm32f4xx_hal_tim.o
                0x0000000008007c82                HAL_TIM_IC_CaptureCallback
 .text.HAL_TIM_PWM_PulseFinishedCallback
                0x0000000008007c96       0x14 ./Drivers/STM32F4xx_HAL_Driver/Src/stm32f4xx_hal_tim.o
                0x0000000008007c96                HAL_TIM_PWM_PulseFinishedCallback
 .text.HAL_TIM_TriggerCallback
                0x0000000008007caa       0x14 ./Drivers/STM32F4xx_HAL_Driver/Src/stm32f4xx_hal_tim.o
                0x0000000008007caa                HAL_TIM_TriggerCallback
 *fill*         0x0000000008007cbe        0x2 
 .text.TIM_Base_SetConfig
                0x0000000008007cc0      0x140 ./Drivers/STM32F4xx_HAL_Driver/Src/stm32f4xx_hal_tim.o
                0x0000000008007cc0                TIM_Base_SetConfig
 .text.TIM_OC1_SetConfig
                0x0000000008007e00       0xe0 ./Drivers/STM32F4xx_HAL_Driver/Src/stm32f4xx_hal_tim.o
 .text.TIM_OC2_SetConfig
                0x0000000008007ee0       0xec ./Drivers/STM32F4xx_HAL_Driver/Src/stm32f4xx_hal_tim.o
                0x0000000008007ee0                TIM_OC2_SetConfig
 .text.TIM_OC3_SetConfig
                0x0000000008007fcc       0xe8 ./Drivers/STM32F4xx_HAL_Driver/Src/stm32f4xx_hal_tim.o
 .text.TIM_OC4_SetConfig
                0x00000000080080b4       0xac ./Drivers/STM32F4xx_HAL_Driver/Src/stm32f4xx_hal_tim.o
 .text.TIM_TI1_ConfigInputStage
                0x0000000008008160       0x5e ./Drivers/STM32F4xx_HAL_Driver/Src/stm32f4xx_hal_tim.o
 .text.TIM_TI2_ConfigInputStage
                0x00000000080081be       0x60 ./Drivers/STM32F4xx_HAL_Driver/Src/stm32f4xx_hal_tim.o
 .text.TIM_ITRx_SetConfig
                0x000000000800821e       0x36 ./Drivers/STM32F4xx_HAL_Driver/Src/stm32f4xx_hal_tim.o
 .text.TIM_ETR_SetConfig
                0x0000000008008254       0x40 ./Drivers/STM32F4xx_HAL_Driver/Src/stm32f4xx_hal_tim.o
                0x0000000008008254                TIM_ETR_SetConfig
 .text.HAL_TIMEx_MasterConfigSynchronization
                0x0000000008008294       0xf8 ./Drivers/STM32F4xx_HAL_Driver/Src/stm32f4xx_hal_tim_ex.o
                0x0000000008008294                HAL_TIMEx_MasterConfigSynchronization
 .text.HAL_TIMEx_CommutCallback
                0x000000000800838c       0x14 ./Drivers/STM32F4xx_HAL_Driver/Src/stm32f4xx_hal_tim_ex.o
                0x000000000800838c                HAL_TIMEx_CommutCallback
 .text.HAL_TIMEx_BreakCallback
                0x00000000080083a0       0x14 ./Drivers/STM32F4xx_HAL_Driver/Src/stm32f4xx_hal_tim_ex.o
                0x00000000080083a0                HAL_TIMEx_BreakCallback
 .text.HAL_UART_Init
                0x00000000080083b4       0x9a ./Drivers/STM32F4xx_HAL_Driver/Src/stm32f4xx_hal_uart.o
                0x00000000080083b4                HAL_UART_Init
 .text.HAL_UART_Transmit
                0x000000000800844e      0x124 ./Drivers/STM32F4xx_HAL_Driver/Src/stm32f4xx_hal_uart.o
                0x000000000800844e                HAL_UART_Transmit
 .text.HAL_UART_Receive_IT
                0x0000000008008572       0x60 ./Drivers/STM32F4xx_HAL_Driver/Src/stm32f4xx_hal_uart.o
                0x0000000008008572                HAL_UART_Receive_IT
 *fill*         0x00000000080085d2        0x2 
 .text.HAL_UART_IRQHandler
                0x00000000080085d4      0x51c ./Drivers/STM32F4xx_HAL_Driver/Src/stm32f4xx_hal_uart.o
                0x00000000080085d4                HAL_UART_IRQHandler
 .text.HAL_UART_TxCpltCallback
                0x0000000008008af0       0x14 ./Drivers/STM32F4xx_HAL_Driver/Src/stm32f4xx_hal_uart.o
                0x0000000008008af0                HAL_UART_TxCpltCallback
 .text.HAL_UART_ErrorCallback
                0x0000000008008b04       0x14 ./Drivers/STM32F4xx_HAL_Driver/Src/stm32f4xx_hal_uart.o
                0x0000000008008b04                HAL_UART_ErrorCallback
 .text.HAL_UARTEx_RxEventCallback
                0x0000000008008b18       0x18 ./Drivers/STM32F4xx_HAL_Driver/Src/stm32f4xx_hal_uart.o
                0x0000000008008b18                HAL_UARTEx_RxEventCallback
 .text.UART_WaitOnFlagUntilTimeout
                0x0000000008008b30       0xdc ./Drivers/STM32F4xx_HAL_Driver/Src/stm32f4xx_hal_uart.o
 .text.UART_Start_Receive_IT
                0x0000000008008c0c       0x74 ./Drivers/STM32F4xx_HAL_Driver/Src/stm32f4xx_hal_uart.o
                0x0000000008008c0c                UART_Start_Receive_IT
 .text.UART_EndRxTransfer
                0x0000000008008c80       0xc6 ./Drivers/STM32F4xx_HAL_Driver/Src/stm32f4xx_hal_uart.o
 .text.UART_DMAAbortOnError
                0x0000000008008d46       0x28 ./Drivers/STM32F4xx_HAL_Driver/Src/stm32f4xx_hal_uart.o
 .text.UART_Transmit_IT
                0x0000000008008d6e       0xa0 ./Drivers/STM32F4xx_HAL_Driver/Src/stm32f4xx_hal_uart.o
 .text.UART_EndTransmit_IT
                0x0000000008008e0e       0x30 ./Drivers/STM32F4xx_HAL_Driver/Src/stm32f4xx_hal_uart.o
 .text.UART_Receive_IT
                0x0000000008008e3e      0x176 ./Drivers/STM32F4xx_HAL_Driver/Src/stm32f4xx_hal_uart.o
 .text.UART_SetConfig
                0x0000000008008fb4      0x390 ./Drivers/STM32F4xx_HAL_Driver/Src/stm32f4xx_hal_uart.o
 .text.FSMC_NORSRAM_Init
                0x0000000008009344       0xa4 ./Drivers/STM32F4xx_HAL_Driver/Src/stm32f4xx_ll_fsmc.o
                0x0000000008009344                FSMC_NORSRAM_Init
 .text.FSMC_NORSRAM_Timing_Init
                0x00000000080093e8       0x7a ./Drivers/STM32F4xx_HAL_Driver/Src/stm32f4xx_ll_fsmc.o
                0x00000000080093e8                FSMC_NORSRAM_Timing_Init
 *fill*         0x0000000008009462        0x2 
 .text.FSMC_NORSRAM_Extended_Timing_Init
                0x0000000008009464       0x80 ./Drivers/STM32F4xx_HAL_Driver/Src/stm32f4xx_ll_fsmc.o
                0x0000000008009464                FSMC_NORSRAM_Extended_Timing_Init
 .text.__errno  0x00000000080094e4        0xc c:/st/stm32cubeide_1.7.0/stm32cubeide/plugins/com.st.stm32cube.ide.mcu.externaltools.gnu-tools-for-stm32.9-2020-q2-update.win32_2.0.0.202105311346/tools/bin/../lib/gcc/arm-none-eabi/9.3.1/../../../../arm-none-eabi/lib/thumb/v7e-m+fp/hard\libc_nano.a(lib_a-errno.o)
                0x00000000080094e4                __errno
 .text.__libc_init_array
                0x00000000080094f0       0x48 c:/st/stm32cubeide_1.7.0/stm32cubeide/plugins/com.st.stm32cube.ide.mcu.externaltools.gnu-tools-for-stm32.9-2020-q2-update.win32_2.0.0.202105311346/tools/bin/../lib/gcc/arm-none-eabi/9.3.1/../../../../arm-none-eabi/lib/thumb/v7e-m+fp/hard\libc_nano.a(lib_a-init.o)
                0x00000000080094f0                __libc_init_array
 .text.memset   0x0000000008009538       0x10 c:/st/stm32cubeide_1.7.0/stm32cubeide/plugins/com.st.stm32cube.ide.mcu.externaltools.gnu-tools-for-stm32.9-2020-q2-update.win32_2.0.0.202105311346/tools/bin/../lib/gcc/arm-none-eabi/9.3.1/../../../../arm-none-eabi/lib/thumb/v7e-m+fp/hard\libc_nano.a(lib_a-memset.o)
                0x0000000008009538                memset
 .text.rand     0x0000000008009548       0x80 c:/st/stm32cubeide_1.7.0/stm32cubeide/plugins/com.st.stm32cube.ide.mcu.externaltools.gnu-tools-for-stm32.9-2020-q2-update.win32_2.0.0.202105311346/tools/bin/../lib/gcc/arm-none-eabi/9.3.1/../../../../arm-none-eabi/lib/thumb/v7e-m+fp/hard\libc_nano.a(lib_a-rand.o)
                0x0000000008009548                rand
 .text.snprintf
                0x00000000080095c8       0x68 c:/st/stm32cubeide_1.7.0/stm32cubeide/plugins/com.st.stm32cube.ide.mcu.externaltools.gnu-tools-for-stm32.9-2020-q2-update.win32_2.0.0.202105311346/tools/bin/../lib/gcc/arm-none-eabi/9.3.1/../../../../arm-none-eabi/lib/thumb/v7e-m+fp/hard\libc_nano.a(lib_a-snprintf.o)
                0x00000000080095c8                sniprintf
                0x00000000080095c8                snprintf
 .text.strcat   0x0000000008009630       0x1e c:/st/stm32cubeide_1.7.0/stm32cubeide/plugins/com.st.stm32cube.ide.mcu.externaltools.gnu-tools-for-stm32.9-2020-q2-update.win32_2.0.0.202105311346/tools/bin/../lib/gcc/arm-none-eabi/9.3.1/../../../../arm-none-eabi/lib/thumb/v7e-m+fp/hard\libc_nano.a(lib_a-strcat.o)
                0x0000000008009630                strcat
 *fill*         0x000000000800964e        0x2 
 .text.__assert_func
                0x0000000008009650       0x3c c:/st/stm32cubeide_1.7.0/stm32cubeide/plugins/com.st.stm32cube.ide.mcu.externaltools.gnu-tools-for-stm32.9-2020-q2-update.win32_2.0.0.202105311346/tools/bin/../lib/gcc/arm-none-eabi/9.3.1/../../../../arm-none-eabi/lib/thumb/v7e-m+fp/hard\libc_nano.a(lib_a-assert.o)
                0x0000000008009650                __assert_func
 .text.fprintf  0x000000000800968c       0x24 c:/st/stm32cubeide_1.7.0/stm32cubeide/plugins/com.st.stm32cube.ide.mcu.externaltools.gnu-tools-for-stm32.9-2020-q2-update.win32_2.0.0.202105311346/tools/bin/../lib/gcc/arm-none-eabi/9.3.1/../../../../arm-none-eabi/lib/thumb/v7e-m+fp/hard\libc_nano.a(lib_a-fprintf.o)
                0x000000000800968c                fiprintf
                0x000000000800968c                fprintf
 .text.malloc   0x00000000080096b0       0x10 c:/st/stm32cubeide_1.7.0/stm32cubeide/plugins/com.st.stm32cube.ide.mcu.externaltools.gnu-tools-for-stm32.9-2020-q2-update.win32_2.0.0.202105311346/tools/bin/../lib/gcc/arm-none-eabi/9.3.1/../../../../arm-none-eabi/lib/thumb/v7e-m+fp/hard\libc_nano.a(lib_a-malloc.o)
                0x00000000080096b0                malloc
 .text._free_r  0x00000000080096c0       0xa0 c:/st/stm32cubeide_1.7.0/stm32cubeide/plugins/com.st.stm32cube.ide.mcu.externaltools.gnu-tools-for-stm32.9-2020-q2-update.win32_2.0.0.202105311346/tools/bin/../lib/gcc/arm-none-eabi/9.3.1/../../../../arm-none-eabi/lib/thumb/v7e-m+fp/hard\libc_nano.a(lib_a-nano-freer.o)
                0x00000000080096c0                _free_r
 .text._malloc_r
                0x0000000008009760       0xb4 c:/st/stm32cubeide_1.7.0/stm32cubeide/plugins/com.st.stm32cube.ide.mcu.externaltools.gnu-tools-for-stm32.9-2020-q2-update.win32_2.0.0.202105311346/tools/bin/../lib/gcc/arm-none-eabi/9.3.1/../../../../arm-none-eabi/lib/thumb/v7e-m+fp/hard\libc_nano.a(lib_a-nano-mallocr.o)
                0x0000000008009760                _malloc_r
 .text.__ssputs_r
                0x0000000008009814       0xb6 c:/st/stm32cubeide_1.7.0/stm32cubeide/plugins/com.st.stm32cube.ide.mcu.externaltools.gnu-tools-for-stm32.9-2020-q2-update.win32_2.0.0.202105311346/tools/bin/../lib/gcc/arm-none-eabi/9.3.1/../../../../arm-none-eabi/lib/thumb/v7e-m+fp/hard\libc_nano.a(lib_a-nano-svfprintf.o)
                0x0000000008009814                __ssputs_r
 *fill*         0x00000000080098ca        0x2 
 .text._svfprintf_r
                0x00000000080098cc      0x200 c:/st/stm32cubeide_1.7.0/stm32cubeide/plugins/com.st.stm32cube.ide.mcu.externaltools.gnu-tools-for-stm32.9-2020-q2-update.win32_2.0.0.202105311346/tools/bin/../lib/gcc/arm-none-eabi/9.3.1/../../../../arm-none-eabi/lib/thumb/v7e-m+fp/hard\libc_nano.a(lib_a-nano-svfprintf.o)
                0x00000000080098cc                _svfiprintf_r
                0x00000000080098cc                _svfprintf_r
 .text.__sfputc_r
                0x0000000008009acc       0x2e c:/st/stm32cubeide_1.7.0/stm32cubeide/plugins/com.st.stm32cube.ide.mcu.externaltools.gnu-tools-for-stm32.9-2020-q2-update.win32_2.0.0.202105311346/tools/bin/../lib/gcc/arm-none-eabi/9.3.1/../../../../arm-none-eabi/lib/thumb/v7e-m+fp/hard\libc_nano.a(lib_a-nano-vfprintf.o)
 .text.__sfputs_r
                0x0000000008009afa       0x24 c:/st/stm32cubeide_1.7.0/stm32cubeide/plugins/com.st.stm32cube.ide.mcu.externaltools.gnu-tools-for-stm32.9-2020-q2-update.win32_2.0.0.202105311346/tools/bin/../lib/gcc/arm-none-eabi/9.3.1/../../../../arm-none-eabi/lib/thumb/v7e-m+fp/hard\libc_nano.a(lib_a-nano-vfprintf.o)
                0x0000000008009afa                __sfputs_r
 *fill*         0x0000000008009b1e        0x2 
 .text._vfprintf_r
                0x0000000008009b20      0x260 c:/st/stm32cubeide_1.7.0/stm32cubeide/plugins/com.st.stm32cube.ide.mcu.externaltools.gnu-tools-for-stm32.9-2020-q2-update.win32_2.0.0.202105311346/tools/bin/../lib/gcc/arm-none-eabi/9.3.1/../../../../arm-none-eabi/lib/thumb/v7e-m+fp/hard\libc_nano.a(lib_a-nano-vfprintf.o)
                0x0000000008009b20                _vfprintf_r
                0x0000000008009b20                _vfiprintf_r
 .text._printf_common
                0x0000000008009d80       0xda c:/st/stm32cubeide_1.7.0/stm32cubeide/plugins/com.st.stm32cube.ide.mcu.externaltools.gnu-tools-for-stm32.9-2020-q2-update.win32_2.0.0.202105311346/tools/bin/../lib/gcc/arm-none-eabi/9.3.1/../../../../arm-none-eabi/lib/thumb/v7e-m+fp/hard\libc_nano.a(lib_a-nano-vfprintf_i.o)
                0x0000000008009d80                _printf_common
 *fill*         0x0000000008009e5a        0x2 
 .text._printf_i
                0x0000000008009e5c      0x24c c:/st/stm32cubeide_1.7.0/stm32cubeide/plugins/com.st.stm32cube.ide.mcu.externaltools.gnu-tools-for-stm32.9-2020-q2-update.win32_2.0.0.202105311346/tools/bin/../lib/gcc/arm-none-eabi/9.3.1/../../../../arm-none-eabi/lib/thumb/v7e-m+fp/hard\libc_nano.a(lib_a-nano-vfprintf_i.o)
                0x0000000008009e5c                _printf_i
 .text._sbrk_r  0x000000000800a0a8       0x20 c:/st/stm32cubeide_1.7.0/stm32cubeide/plugins/com.st.stm32cube.ide.mcu.externaltools.gnu-tools-for-stm32.9-2020-q2-update.win32_2.0.0.202105311346/tools/bin/../lib/gcc/arm-none-eabi/9.3.1/../../../../arm-none-eabi/lib/thumb/v7e-m+fp/hard\libc_nano.a(lib_a-sbrkr.o)
                0x000000000800a0a8                _sbrk_r
 .text.__swbuf_r
                0x000000000800a0c8       0xa4 c:/st/stm32cubeide_1.7.0/stm32cubeide/plugins/com.st.stm32cube.ide.mcu.externaltools.gnu-tools-for-stm32.9-2020-q2-update.win32_2.0.0.202105311346/tools/bin/../lib/gcc/arm-none-eabi/9.3.1/../../../../arm-none-eabi/lib/thumb/v7e-m+fp/hard\libc_nano.a(lib_a-wbuf.o)
                0x000000000800a0c8                __swbuf_r
 .text.__swsetup_r
                0x000000000800a16c       0xdc c:/st/stm32cubeide_1.7.0/stm32cubeide/plugins/com.st.stm32cube.ide.mcu.externaltools.gnu-tools-for-stm32.9-2020-q2-update.win32_2.0.0.202105311346/tools/bin/../lib/gcc/arm-none-eabi/9.3.1/../../../../arm-none-eabi/lib/thumb/v7e-m+fp/hard\libc_nano.a(lib_a-wsetup.o)
                0x000000000800a16c                __swsetup_r
 .text.abort    0x000000000800a248        0xe c:/st/stm32cubeide_1.7.0/stm32cubeide/plugins/com.st.stm32cube.ide.mcu.externaltools.gnu-tools-for-stm32.9-2020-q2-update.win32_2.0.0.202105311346/tools/bin/../lib/gcc/arm-none-eabi/9.3.1/../../../../arm-none-eabi/lib/thumb/v7e-m+fp/hard\libc_nano.a(lib_a-abort.o)
                0x000000000800a248                abort
 *fill*         0x000000000800a256        0x2 
 .text.__sflush_r
                0x000000000800a258      0x10c c:/st/stm32cubeide_1.7.0/stm32cubeide/plugins/com.st.stm32cube.ide.mcu.externaltools.gnu-tools-for-stm32.9-2020-q2-update.win32_2.0.0.202105311346/tools/bin/../lib/gcc/arm-none-eabi/9.3.1/../../../../arm-none-eabi/lib/thumb/v7e-m+fp/hard\libc_nano.a(lib_a-fflush.o)
                0x000000000800a258                __sflush_r
 .text._fflush_r
                0x000000000800a364       0x78 c:/st/stm32cubeide_1.7.0/stm32cubeide/plugins/com.st.stm32cube.ide.mcu.externaltools.gnu-tools-for-stm32.9-2020-q2-update.win32_2.0.0.202105311346/tools/bin/../lib/gcc/arm-none-eabi/9.3.1/../../../../arm-none-eabi/lib/thumb/v7e-m+fp/hard\libc_nano.a(lib_a-fflush.o)
                0x000000000800a364                _fflush_r
 .text.std      0x000000000800a3dc       0x48 c:/st/stm32cubeide_1.7.0/stm32cubeide/plugins/com.st.stm32cube.ide.mcu.externaltools.gnu-tools-for-stm32.9-2020-q2-update.win32_2.0.0.202105311346/tools/bin/../lib/gcc/arm-none-eabi/9.3.1/../../../../arm-none-eabi/lib/thumb/v7e-m+fp/hard\libc_nano.a(lib_a-findfp.o)
 .text._cleanup_r
                0x000000000800a424        0xc c:/st/stm32cubeide_1.7.0/stm32cubeide/plugins/com.st.stm32cube.ide.mcu.externaltools.gnu-tools-for-stm32.9-2020-q2-update.win32_2.0.0.202105311346/tools/bin/../lib/gcc/arm-none-eabi/9.3.1/../../../../arm-none-eabi/lib/thumb/v7e-m+fp/hard\libc_nano.a(lib_a-findfp.o)
                0x000000000800a424                _cleanup_r
 .text.__sfmoreglue
                0x000000000800a430       0x2c c:/st/stm32cubeide_1.7.0/stm32cubeide/plugins/com.st.stm32cube.ide.mcu.externaltools.gnu-tools-for-stm32.9-2020-q2-update.win32_2.0.0.202105311346/tools/bin/../lib/gcc/arm-none-eabi/9.3.1/../../../../arm-none-eabi/lib/thumb/v7e-m+fp/hard\libc_nano.a(lib_a-findfp.o)
                0x000000000800a430                __sfmoreglue
 .text.__sfp_lock_acquire
                0x000000000800a45c        0xc c:/st/stm32cubeide_1.7.0/stm32cubeide/plugins/com.st.stm32cube.ide.mcu.externaltools.gnu-tools-for-stm32.9-2020-q2-update.win32_2.0.0.202105311346/tools/bin/../lib/gcc/arm-none-eabi/9.3.1/../../../../arm-none-eabi/lib/thumb/v7e-m+fp/hard\libc_nano.a(lib_a-findfp.o)
                0x000000000800a45c                __sfp_lock_acquire
 .text.__sfp_lock_release
                0x000000000800a468        0xc c:/st/stm32cubeide_1.7.0/stm32cubeide/plugins/com.st.stm32cube.ide.mcu.externaltools.gnu-tools-for-stm32.9-2020-q2-update.win32_2.0.0.202105311346/tools/bin/../lib/gcc/arm-none-eabi/9.3.1/../../../../arm-none-eabi/lib/thumb/v7e-m+fp/hard\libc_nano.a(lib_a-findfp.o)
                0x000000000800a468                __sfp_lock_release
 .text.__sinit_lock_acquire
                0x000000000800a474        0xc c:/st/stm32cubeide_1.7.0/stm32cubeide/plugins/com.st.stm32cube.ide.mcu.externaltools.gnu-tools-for-stm32.9-2020-q2-update.win32_2.0.0.202105311346/tools/bin/../lib/gcc/arm-none-eabi/9.3.1/../../../../arm-none-eabi/lib/thumb/v7e-m+fp/hard\libc_nano.a(lib_a-findfp.o)
                0x000000000800a474                __sinit_lock_acquire
 .text.__sinit_lock_release
                0x000000000800a480        0xc c:/st/stm32cubeide_1.7.0/stm32cubeide/plugins/com.st.stm32cube.ide.mcu.externaltools.gnu-tools-for-stm32.9-2020-q2-update.win32_2.0.0.202105311346/tools/bin/../lib/gcc/arm-none-eabi/9.3.1/../../../../arm-none-eabi/lib/thumb/v7e-m+fp/hard\libc_nano.a(lib_a-findfp.o)
                0x000000000800a480                __sinit_lock_release
 .text.__sinit  0x000000000800a48c       0x70 c:/st/stm32cubeide_1.7.0/stm32cubeide/plugins/com.st.stm32cube.ide.mcu.externaltools.gnu-tools-for-stm32.9-2020-q2-update.win32_2.0.0.202105311346/tools/bin/../lib/gcc/arm-none-eabi/9.3.1/../../../../arm-none-eabi/lib/thumb/v7e-m+fp/hard\libc_nano.a(lib_a-findfp.o)
                0x000000000800a48c                __sinit
 .text.__sfp    0x000000000800a4fc       0x8c c:/st/stm32cubeide_1.7.0/stm32cubeide/plugins/com.st.stm32cube.ide.mcu.externaltools.gnu-tools-for-stm32.9-2020-q2-update.win32_2.0.0.202105311346/tools/bin/../lib/gcc/arm-none-eabi/9.3.1/../../../../arm-none-eabi/lib/thumb/v7e-m+fp/hard\libc_nano.a(lib_a-findfp.o)
                0x000000000800a4fc                __sfp
 .text._fwalk_reent
                0x000000000800a588       0x3e c:/st/stm32cubeide_1.7.0/stm32cubeide/plugins/com.st.stm32cube.ide.mcu.externaltools.gnu-tools-for-stm32.9-2020-q2-update.win32_2.0.0.202105311346/tools/bin/../lib/gcc/arm-none-eabi/9.3.1/../../../../arm-none-eabi/lib/thumb/v7e-m+fp/hard\libc_nano.a(lib_a-fwalk.o)
                0x000000000800a588                _fwalk_reent
 .text.__retarget_lock_init_recursive
                0x000000000800a5c6        0x2 c:/st/stm32cubeide_1.7.0/stm32cubeide/plugins/com.st.stm32cube.ide.mcu.externaltools.gnu-tools-for-stm32.9-2020-q2-update.win32_2.0.0.202105311346/tools/bin/../lib/gcc/arm-none-eabi/9.3.1/../../../../arm-none-eabi/lib/thumb/v7e-m+fp/hard\libc_nano.a(lib_a-lock.o)
                0x000000000800a5c6                __retarget_lock_init_recursive
 .text.__retarget_lock_acquire_recursive
                0x000000000800a5c8        0x2 c:/st/stm32cubeide_1.7.0/stm32cubeide/plugins/com.st.stm32cube.ide.mcu.externaltools.gnu-tools-for-stm32.9-2020-q2-update.win32_2.0.0.202105311346/tools/bin/../lib/gcc/arm-none-eabi/9.3.1/../../../../arm-none-eabi/lib/thumb/v7e-m+fp/hard\libc_nano.a(lib_a-lock.o)
                0x000000000800a5c8                __retarget_lock_acquire_recursive
 .text.__retarget_lock_release_recursive
                0x000000000800a5ca        0x2 c:/st/stm32cubeide_1.7.0/stm32cubeide/plugins/com.st.stm32cube.ide.mcu.externaltools.gnu-tools-for-stm32.9-2020-q2-update.win32_2.0.0.202105311346/tools/bin/../lib/gcc/arm-none-eabi/9.3.1/../../../../arm-none-eabi/lib/thumb/v7e-m+fp/hard\libc_nano.a(lib_a-lock.o)
                0x000000000800a5ca                __retarget_lock_release_recursive
 .text.__swhatbuf_r
                0x000000000800a5cc       0x48 c:/st/stm32cubeide_1.7.0/stm32cubeide/plugins/com.st.stm32cube.ide.mcu.externaltools.gnu-tools-for-stm32.9-2020-q2-update.win32_2.0.0.202105311346/tools/bin/../lib/gcc/arm-none-eabi/9.3.1/../../../../arm-none-eabi/lib/thumb/v7e-m+fp/hard\libc_nano.a(lib_a-makebuf.o)
                0x000000000800a5cc                __swhatbuf_r
 .text.__smakebuf_r
                0x000000000800a614       0x80 c:/st/stm32cubeide_1.7.0/stm32cubeide/plugins/com.st.stm32cube.ide.mcu.externaltools.gnu-tools-for-stm32.9-2020-q2-update.win32_2.0.0.202105311346/tools/bin/../lib/gcc/arm-none-eabi/9.3.1/../../../../arm-none-eabi/lib/thumb/v7e-m+fp/hard\libc_nano.a(lib_a-makebuf.o)
                0x000000000800a614                __smakebuf_r
 .text.memcpy   0x000000000800a694       0x1c c:/st/stm32cubeide_1.7.0/stm32cubeide/plugins/com.st.stm32cube.ide.mcu.externaltools.gnu-tools-for-stm32.9-2020-q2-update.win32_2.0.0.202105311346/tools/bin/../lib/gcc/arm-none-eabi/9.3.1/../../../../arm-none-eabi/lib/thumb/v7e-m+fp/hard\libc_nano.a(lib_a-memcpy-stub.o)
                0x000000000800a694                memcpy
 .text.memmove  0x000000000800a6b0       0x34 c:/st/stm32cubeide_1.7.0/stm32cubeide/plugins/com.st.stm32cube.ide.mcu.externaltools.gnu-tools-for-stm32.9-2020-q2-update.win32_2.0.0.202105311346/tools/bin/../lib/gcc/arm-none-eabi/9.3.1/../../../../arm-none-eabi/lib/thumb/v7e-m+fp/hard\libc_nano.a(lib_a-memmove.o)
                0x000000000800a6b0                memmove
 .text.__malloc_lock
                0x000000000800a6e4        0xc c:/st/stm32cubeide_1.7.0/stm32cubeide/plugins/com.st.stm32cube.ide.mcu.externaltools.gnu-tools-for-stm32.9-2020-q2-update.win32_2.0.0.202105311346/tools/bin/../lib/gcc/arm-none-eabi/9.3.1/../../../../arm-none-eabi/lib/thumb/v7e-m+fp/hard\libc_nano.a(lib_a-mlock.o)
                0x000000000800a6e4                __malloc_lock
 .text.__malloc_unlock
                0x000000000800a6f0        0xc c:/st/stm32cubeide_1.7.0/stm32cubeide/plugins/com.st.stm32cube.ide.mcu.externaltools.gnu-tools-for-stm32.9-2020-q2-update.win32_2.0.0.202105311346/tools/bin/../lib/gcc/arm-none-eabi/9.3.1/../../../../arm-none-eabi/lib/thumb/v7e-m+fp/hard\libc_nano.a(lib_a-mlock.o)
                0x000000000800a6f0                __malloc_unlock
 .text._realloc_r
                0x000000000800a6fc       0x4c c:/st/stm32cubeide_1.7.0/stm32cubeide/plugins/com.st.stm32cube.ide.mcu.externaltools.gnu-tools-for-stm32.9-2020-q2-update.win32_2.0.0.202105311346/tools/bin/../lib/gcc/arm-none-eabi/9.3.1/../../../../arm-none-eabi/lib/thumb/v7e-m+fp/hard\libc_nano.a(lib_a-nano-reallocr.o)
                0x000000000800a6fc                _realloc_r
 .text._raise_r
                0x000000000800a748       0x50 c:/st/stm32cubeide_1.7.0/stm32cubeide/plugins/com.st.stm32cube.ide.mcu.externaltools.gnu-tools-for-stm32.9-2020-q2-update.win32_2.0.0.202105311346/tools/bin/../lib/gcc/arm-none-eabi/9.3.1/../../../../arm-none-eabi/lib/thumb/v7e-m+fp/hard\libc_nano.a(lib_a-signal.o)
                0x000000000800a748                _raise_r
 .text.raise    0x000000000800a798       0x10 c:/st/stm32cubeide_1.7.0/stm32cubeide/plugins/com.st.stm32cube.ide.mcu.externaltools.gnu-tools-for-stm32.9-2020-q2-update.win32_2.0.0.202105311346/tools/bin/../lib/gcc/arm-none-eabi/9.3.1/../../../../arm-none-eabi/lib/thumb/v7e-m+fp/hard\libc_nano.a(lib_a-signal.o)
                0x000000000800a798                raise
 .text._kill_r  0x000000000800a7a8       0x24 c:/st/stm32cubeide_1.7.0/stm32cubeide/plugins/com.st.stm32cube.ide.mcu.externaltools.gnu-tools-for-stm32.9-2020-q2-update.win32_2.0.0.202105311346/tools/bin/../lib/gcc/arm-none-eabi/9.3.1/../../../../arm-none-eabi/lib/thumb/v7e-m+fp/hard\libc_nano.a(lib_a-signalr.o)
                0x000000000800a7a8                _kill_r
 .text._getpid_r
                0x000000000800a7cc        0x4 c:/st/stm32cubeide_1.7.0/stm32cubeide/plugins/com.st.stm32cube.ide.mcu.externaltools.gnu-tools-for-stm32.9-2020-q2-update.win32_2.0.0.202105311346/tools/bin/../lib/gcc/arm-none-eabi/9.3.1/../../../../arm-none-eabi/lib/thumb/v7e-m+fp/hard\libc_nano.a(lib_a-signalr.o)
                0x000000000800a7cc                _getpid_r
 .text.__sread  0x000000000800a7d0       0x22 c:/st/stm32cubeide_1.7.0/stm32cubeide/plugins/com.st.stm32cube.ide.mcu.externaltools.gnu-tools-for-stm32.9-2020-q2-update.win32_2.0.0.202105311346/tools/bin/../lib/gcc/arm-none-eabi/9.3.1/../../../../arm-none-eabi/lib/thumb/v7e-m+fp/hard\libc_nano.a(lib_a-stdio.o)
                0x000000000800a7d0                __sread
 .text.__swrite
                0x000000000800a7f2       0x38 c:/st/stm32cubeide_1.7.0/stm32cubeide/plugins/com.st.stm32cube.ide.mcu.externaltools.gnu-tools-for-stm32.9-2020-q2-update.win32_2.0.0.202105311346/tools/bin/../lib/gcc/arm-none-eabi/9.3.1/../../../../arm-none-eabi/lib/thumb/v7e-m+fp/hard\libc_nano.a(lib_a-stdio.o)
                0x000000000800a7f2                __swrite
 .text.__sseek  0x000000000800a82a       0x24 c:/st/stm32cubeide_1.7.0/stm32cubeide/plugins/com.st.stm32cube.ide.mcu.externaltools.gnu-tools-for-stm32.9-2020-q2-update.win32_2.0.0.202105311346/tools/bin/../lib/gcc/arm-none-eabi/9.3.1/../../../../arm-none-eabi/lib/thumb/v7e-m+fp/hard\libc_nano.a(lib_a-stdio.o)
                0x000000000800a82a                __sseek
 .text.__sclose
                0x000000000800a84e        0x8 c:/st/stm32cubeide_1.7.0/stm32cubeide/plugins/com.st.stm32cube.ide.mcu.externaltools.gnu-tools-for-stm32.9-2020-q2-update.win32_2.0.0.202105311346/tools/bin/../lib/gcc/arm-none-eabi/9.3.1/../../../../arm-none-eabi/lib/thumb/v7e-m+fp/hard\libc_nano.a(lib_a-stdio.o)
                0x000000000800a84e                __sclose
 *fill*         0x000000000800a856        0x2 
 .text._write_r
                0x000000000800a858       0x24 c:/st/stm32cubeide_1.7.0/stm32cubeide/plugins/com.st.stm32cube.ide.mcu.externaltools.gnu-tools-for-stm32.9-2020-q2-update.win32_2.0.0.202105311346/tools/bin/../lib/gcc/arm-none-eabi/9.3.1/../../../../arm-none-eabi/lib/thumb/v7e-m+fp/hard\libc_nano.a(lib_a-writer.o)
                0x000000000800a858                _write_r
 .text._close_r
                0x000000000800a87c       0x20 c:/st/stm32cubeide_1.7.0/stm32cubeide/plugins/com.st.stm32cube.ide.mcu.externaltools.gnu-tools-for-stm32.9-2020-q2-update.win32_2.0.0.202105311346/tools/bin/../lib/gcc/arm-none-eabi/9.3.1/../../../../arm-none-eabi/lib/thumb/v7e-m+fp/hard\libc_nano.a(lib_a-closer.o)
                0x000000000800a87c                _close_r
 .text._fstat_r
                0x000000000800a89c       0x24 c:/st/stm32cubeide_1.7.0/stm32cubeide/plugins/com.st.stm32cube.ide.mcu.externaltools.gnu-tools-for-stm32.9-2020-q2-update.win32_2.0.0.202105311346/tools/bin/../lib/gcc/arm-none-eabi/9.3.1/../../../../arm-none-eabi/lib/thumb/v7e-m+fp/hard\libc_nano.a(lib_a-fstatr.o)
                0x000000000800a89c                _fstat_r
 .text._isatty_r
                0x000000000800a8c0       0x20 c:/st/stm32cubeide_1.7.0/stm32cubeide/plugins/com.st.stm32cube.ide.mcu.externaltools.gnu-tools-for-stm32.9-2020-q2-update.win32_2.0.0.202105311346/tools/bin/../lib/gcc/arm-none-eabi/9.3.1/../../../../arm-none-eabi/lib/thumb/v7e-m+fp/hard\libc_nano.a(lib_a-isattyr.o)
                0x000000000800a8c0                _isatty_r
 .text._lseek_r
                0x000000000800a8e0       0x24 c:/st/stm32cubeide_1.7.0/stm32cubeide/plugins/com.st.stm32cube.ide.mcu.externaltools.gnu-tools-for-stm32.9-2020-q2-update.win32_2.0.0.202105311346/tools/bin/../lib/gcc/arm-none-eabi/9.3.1/../../../../arm-none-eabi/lib/thumb/v7e-m+fp/hard\libc_nano.a(lib_a-lseekr.o)
                0x000000000800a8e0                _lseek_r
 .text._malloc_usable_size_r
                0x000000000800a904       0x10 c:/st/stm32cubeide_1.7.0/stm32cubeide/plugins/com.st.stm32cube.ide.mcu.externaltools.gnu-tools-for-stm32.9-2020-q2-update.win32_2.0.0.202105311346/tools/bin/../lib/gcc/arm-none-eabi/9.3.1/../../../../arm-none-eabi/lib/thumb/v7e-m+fp/hard\libc_nano.a(lib_a-nano-msizer.o)
                0x000000000800a904                _malloc_usable_size_r
 .text._read_r  0x000000000800a914       0x24 c:/st/stm32cubeide_1.7.0/stm32cubeide/plugins/com.st.stm32cube.ide.mcu.externaltools.gnu-tools-for-stm32.9-2020-q2-update.win32_2.0.0.202105311346/tools/bin/../lib/gcc/arm-none-eabi/9.3.1/../../../../arm-none-eabi/lib/thumb/v7e-m+fp/hard\libc_nano.a(lib_a-readr.o)
                0x000000000800a914                _read_r
 *(.glue_7)
 .glue_7        0x000000000800a938        0x0 linker stubs
 *(.glue_7t)
 .glue_7t       0x000000000800a938        0x0 linker stubs
 *(.eh_frame)
 .eh_frame      0x000000000800a938        0x0 c:/st/stm32cubeide_1.7.0/stm32cubeide/plugins/com.st.stm32cube.ide.mcu.externaltools.gnu-tools-for-stm32.9-2020-q2-update.win32_2.0.0.202105311346/tools/bin/../lib/gcc/arm-none-eabi/9.3.1/thumb/v7e-m+fp/hard/crtbegin.o
 *(.init)
 .init          0x000000000800a938        0x4 c:/st/stm32cubeide_1.7.0/stm32cubeide/plugins/com.st.stm32cube.ide.mcu.externaltools.gnu-tools-for-stm32.9-2020-q2-update.win32_2.0.0.202105311346/tools/bin/../lib/gcc/arm-none-eabi/9.3.1/thumb/v7e-m+fp/hard/crti.o
                0x000000000800a938                _init
 .init          0x000000000800a93c        0x8 c:/st/stm32cubeide_1.7.0/stm32cubeide/plugins/com.st.stm32cube.ide.mcu.externaltools.gnu-tools-for-stm32.9-2020-q2-update.win32_2.0.0.202105311346/tools/bin/../lib/gcc/arm-none-eabi/9.3.1/thumb/v7e-m+fp/hard/crtn.o
 *(.fini)
 .fini          0x000000000800a944        0x4 c:/st/stm32cubeide_1.7.0/stm32cubeide/plugins/com.st.stm32cube.ide.mcu.externaltools.gnu-tools-for-stm32.9-2020-q2-update.win32_2.0.0.202105311346/tools/bin/../lib/gcc/arm-none-eabi/9.3.1/thumb/v7e-m+fp/hard/crti.o
                0x000000000800a944                _fini
 .fini          0x000000000800a948        0x8 c:/st/stm32cubeide_1.7.0/stm32cubeide/plugins/com.st.stm32cube.ide.mcu.externaltools.gnu-tools-for-stm32.9-2020-q2-update.win32_2.0.0.202105311346/tools/bin/../lib/gcc/arm-none-eabi/9.3.1/thumb/v7e-m+fp/hard/crtn.o
                0x000000000800a950                . = ALIGN (0x4)
                0x000000000800a950                _etext = .

.vfp11_veneer   0x000000000800a950        0x0
 .vfp11_veneer  0x000000000800a950        0x0 linker stubs

.v4_bx          0x000000000800a950        0x0
 .v4_bx         0x000000000800a950        0x0 linker stubs

.iplt           0x000000000800a950        0x0
 .iplt          0x000000000800a950        0x0 c:/st/stm32cubeide_1.7.0/stm32cubeide/plugins/com.st.stm32cube.ide.mcu.externaltools.gnu-tools-for-stm32.9-2020-q2-update.win32_2.0.0.202105311346/tools/bin/../lib/gcc/arm-none-eabi/9.3.1/thumb/v7e-m+fp/hard/crtbegin.o

.rodata         0x000000000800a950     0x71dc
                0x000000000800a950                . = ALIGN (0x4)
 *(.rodata)
 .rodata        0x000000000800a950       0xb1 ./Core/Src/main.o
 *fill*         0x000000000800aa01        0x3 
 .rodata        0x000000000800aa04       0xa5 ./Core/Src/snake.o
 *fill*         0x000000000800aaa9        0x3 
 .rodata        0x000000000800aaac       0x4a ./Core/Src/uart.o
 *(.rodata*)
 *fill*         0x000000000800aaf6        0x2 
 .rodata.ascii_1608
                0x000000000800aaf8      0x5f0 ./Core/Src/lcd.o
                0x000000000800aaf8                ascii_1608
 .rodata.ascii_2412
                0x000000000800b0e8     0x11d0 ./Core/Src/lcd.o
                0x000000000800b0e8                ascii_2412
 .rodata.ascii_3216
                0x000000000800c2b8     0x17c0 ./Core/Src/lcd.o
                0x000000000800c2b8                ascii_3216
 .rodata.gImage_logo
                0x000000000800da78     0x3f48 ./Core/Src/picture.o
                0x000000000800da78                gImage_logo
 .rodata.AHBPrescTable
                0x00000000080119c0       0x10 ./Core/Src/system_stm32f4xx.o
                0x00000000080119c0                AHBPrescTable
 .rodata.APBPrescTable
                0x00000000080119d0        0x8 ./Core/Src/system_stm32f4xx.o
                0x00000000080119d0                APBPrescTable
 .rodata.flagBitshiftOffset.9376
                0x00000000080119d8        0x8 ./Drivers/STM32F4xx_HAL_Driver/Src/stm32f4xx_hal_dma.o
 .rodata._global_impure_ptr
                0x00000000080119e0        0x4 c:/st/stm32cubeide_1.7.0/stm32cubeide/plugins/com.st.stm32cube.ide.mcu.externaltools.gnu-tools-for-stm32.9-2020-q2-update.win32_2.0.0.202105311346/tools/bin/../lib/gcc/arm-none-eabi/9.3.1/../../../../arm-none-eabi/lib/thumb/v7e-m+fp/hard\libc_nano.a(lib_a-impure.o)
                0x00000000080119e0                _global_impure_ptr
 .rodata.srand.str1.1
                0x00000000080119e4       0x76 c:/st/stm32cubeide_1.7.0/stm32cubeide/plugins/com.st.stm32cube.ide.mcu.externaltools.gnu-tools-for-stm32.9-2020-q2-update.win32_2.0.0.202105311346/tools/bin/../lib/gcc/arm-none-eabi/9.3.1/../../../../arm-none-eabi/lib/thumb/v7e-m+fp/hard\libc_nano.a(lib_a-rand.o)
 .rodata.__assert_func.str1.1
                0x0000000008011a5a       0x3c c:/st/stm32cubeide_1.7.0/stm32cubeide/plugins/com.st.stm32cube.ide.mcu.externaltools.gnu-tools-for-stm32.9-2020-q2-update.win32_2.0.0.202105311346/tools/bin/../lib/gcc/arm-none-eabi/9.3.1/../../../../arm-none-eabi/lib/thumb/v7e-m+fp/hard\libc_nano.a(lib_a-assert.o)
                                         0x3d (size before relaxing)
 .rodata._svfprintf_r.str1.1
                0x0000000008011a96       0x11 c:/st/stm32cubeide_1.7.0/stm32cubeide/plugins/com.st.stm32cube.ide.mcu.externaltools.gnu-tools-for-stm32.9-2020-q2-update.win32_2.0.0.202105311346/tools/bin/../lib/gcc/arm-none-eabi/9.3.1/../../../../arm-none-eabi/lib/thumb/v7e-m+fp/hard\libc_nano.a(lib_a-nano-svfprintf.o)
 .rodata._vfprintf_r.str1.1
                0x0000000008011aa7       0x11 c:/st/stm32cubeide_1.7.0/stm32cubeide/plugins/com.st.stm32cube.ide.mcu.externaltools.gnu-tools-for-stm32.9-2020-q2-update.win32_2.0.0.202105311346/tools/bin/../lib/gcc/arm-none-eabi/9.3.1/../../../../arm-none-eabi/lib/thumb/v7e-m+fp/hard\libc_nano.a(lib_a-nano-vfprintf.o)
 .rodata._printf_i.str1.1
                0x0000000008011aa7       0x22 c:/st/stm32cubeide_1.7.0/stm32cubeide/plugins/com.st.stm32cube.ide.mcu.externaltools.gnu-tools-for-stm32.9-2020-q2-update.win32_2.0.0.202105311346/tools/bin/../lib/gcc/arm-none-eabi/9.3.1/../../../../arm-none-eabi/lib/thumb/v7e-m+fp/hard\libc_nano.a(lib_a-nano-vfprintf_i.o)
 *fill*         0x0000000008011ac9        0x3 
 .rodata.__sf_fake_stderr
                0x0000000008011acc       0x20 c:/st/stm32cubeide_1.7.0/stm32cubeide/plugins/com.st.stm32cube.ide.mcu.externaltools.gnu-tools-for-stm32.9-2020-q2-update.win32_2.0.0.202105311346/tools/bin/../lib/gcc/arm-none-eabi/9.3.1/../../../../arm-none-eabi/lib/thumb/v7e-m+fp/hard\libc_nano.a(lib_a-findfp.o)
                0x0000000008011acc                __sf_fake_stderr
 .rodata.__sf_fake_stdin
                0x0000000008011aec       0x20 c:/st/stm32cubeide_1.7.0/stm32cubeide/plugins/com.st.stm32cube.ide.mcu.externaltools.gnu-tools-for-stm32.9-2020-q2-update.win32_2.0.0.202105311346/tools/bin/../lib/gcc/arm-none-eabi/9.3.1/../../../../arm-none-eabi/lib/thumb/v7e-m+fp/hard\libc_nano.a(lib_a-findfp.o)
                0x0000000008011aec                __sf_fake_stdin
 .rodata.__sf_fake_stdout
                0x0000000008011b0c       0x20 c:/st/stm32cubeide_1.7.0/stm32cubeide/plugins/com.st.stm32cube.ide.mcu.externaltools.gnu-tools-for-stm32.9-2020-q2-update.win32_2.0.0.202105311346/tools/bin/../lib/gcc/arm-none-eabi/9.3.1/../../../../arm-none-eabi/lib/thumb/v7e-m+fp/hard\libc_nano.a(lib_a-findfp.o)
                0x0000000008011b0c                __sf_fake_stdout
                0x0000000008011b2c                . = ALIGN (0x4)

.ARM.extab      0x0000000008011b2c        0x0
                0x0000000008011b2c                . = ALIGN (0x4)
 *(.ARM.extab* .gnu.linkonce.armextab.*)
                0x0000000008011b2c                . = ALIGN (0x4)

.ARM            0x0000000008011b2c        0x8
                0x0000000008011b2c                . = ALIGN (0x4)
                0x0000000008011b2c                __exidx_start = .
 *(.ARM.exidx*)
 .ARM.exidx     0x0000000008011b2c        0x8 c:/st/stm32cubeide_1.7.0/stm32cubeide/plugins/com.st.stm32cube.ide.mcu.externaltools.gnu-tools-for-stm32.9-2020-q2-update.win32_2.0.0.202105311346/tools/bin/../lib/gcc/arm-none-eabi/9.3.1/thumb/v7e-m+fp/hard\libgcc.a(_udivmoddi4.o)
                0x0000000008011b34                __exidx_end = .
                0x0000000008011b34                . = ALIGN (0x4)

.rel.dyn        0x0000000008011b34        0x0
 .rel.iplt      0x0000000008011b34        0x0 c:/st/stm32cubeide_1.7.0/stm32cubeide/plugins/com.st.stm32cube.ide.mcu.externaltools.gnu-tools-for-stm32.9-2020-q2-update.win32_2.0.0.202105311346/tools/bin/../lib/gcc/arm-none-eabi/9.3.1/thumb/v7e-m+fp/hard/crtbegin.o

.preinit_array  0x0000000008011b34        0x0
                0x0000000008011b34                . = ALIGN (0x4)
                0x0000000008011b34                PROVIDE (__preinit_array_start = .)
 *(.preinit_array*)
                0x0000000008011b34                PROVIDE (__preinit_array_end = .)
                0x0000000008011b34                . = ALIGN (0x4)

.init_array     0x0000000008011b34        0x4
                0x0000000008011b34                . = ALIGN (0x4)
                0x0000000008011b34                PROVIDE (__init_array_start = .)
 *(SORT_BY_NAME(.init_array.*))
 *(.init_array*)
 .init_array    0x0000000008011b34        0x4 c:/st/stm32cubeide_1.7.0/stm32cubeide/plugins/com.st.stm32cube.ide.mcu.externaltools.gnu-tools-for-stm32.9-2020-q2-update.win32_2.0.0.202105311346/tools/bin/../lib/gcc/arm-none-eabi/9.3.1/thumb/v7e-m+fp/hard/crtbegin.o
                0x0000000008011b38                PROVIDE (__init_array_end = .)
                0x0000000008011b38                . = ALIGN (0x4)

.fini_array     0x0000000008011b38        0x4
                0x0000000008011b38                . = ALIGN (0x4)
                [!provide]                        PROVIDE (__fini_array_start = .)
 *(SORT_BY_NAME(.fini_array.*))
 *(.fini_array*)
 .fini_array    0x0000000008011b38        0x4 c:/st/stm32cubeide_1.7.0/stm32cubeide/plugins/com.st.stm32cube.ide.mcu.externaltools.gnu-tools-for-stm32.9-2020-q2-update.win32_2.0.0.202105311346/tools/bin/../lib/gcc/arm-none-eabi/9.3.1/thumb/v7e-m+fp/hard/crtbegin.o
                [!provide]                        PROVIDE (__fini_array_end = .)
                0x0000000008011b3c                . = ALIGN (0x4)
                0x0000000008011b3c                _sidata = LOADADDR (.data)

.data           0x0000000020000000      0x124 load address 0x0000000008011b3c
                0x0000000020000000                . = ALIGN (0x4)
                0x0000000020000000                _sdata = .
 *(.data)
 *(.data*)
 .data.led7seg  0x0000000020000000        0x4 ./Core/Src/led_7seg.o
                0x0000000020000000                led7seg
 .data.arrayOfNum
                0x0000000020000004        0xa ./Core/Src/led_7seg.o
                0x0000000020000004                arrayOfNum
 .data.spi_buffer
                0x000000002000000e        0x2 ./Core/Src/led_7seg.o
                0x000000002000000e                spi_buffer
 .data.difficult
                0x0000000020000010        0x2 ./Core/Src/main.o
                0x0000000020000010                difficult
 .data.x1       0x0000000020000012        0x2 ./Core/Src/snake.o
                0x0000000020000012                x1
 .data.y1       0x0000000020000014        0x2 ./Core/Src/snake.o
                0x0000000020000014                y1
 .data.x2       0x0000000020000016        0x2 ./Core/Src/snake.o
                0x0000000020000016                x2
 .data.y2       0x0000000020000018        0x2 ./Core/Src/snake.o
                0x0000000020000018                y2
 .data.firstState
                0x000000002000001a        0x1 ./Core/Src/snake.o
                0x000000002000001a                firstState
 .data.prevState
                0x000000002000001b        0x1 ./Core/Src/snake.o
                0x000000002000001b                prevState
 .data.init_len
                0x000000002000001c        0x2 ./Core/Src/snake.o
                0x000000002000001c                init_len
 .data.snakeTailLen
                0x000000002000001e        0x2 ./Core/Src/snake.o
                0x000000002000001e                snakeTailLen
 .data.speed    0x0000000020000020        0x2 ./Core/Src/snake.o
                0x0000000020000020                speed
 .data.CREATE_FOOD
                0x0000000020000022        0x2 ./Core/Src/snake.o
                0x0000000020000022                CREATE_FOOD
 .data.obstacles
                0x0000000020000024       0x90 ./Core/Src/snake.o
                0x0000000020000024                obstacles
 .data.SystemCoreClock
                0x00000000200000b4        0x4 ./Core/Src/system_stm32f4xx.o
                0x00000000200000b4                SystemCoreClock
 .data.uwTickPrio
                0x00000000200000b8        0x4 ./Drivers/STM32F4xx_HAL_Driver/Src/stm32f4xx_hal.o
                0x00000000200000b8                uwTickPrio
 .data.uwTickFreq
                0x00000000200000bc        0x1 ./Drivers/STM32F4xx_HAL_Driver/Src/stm32f4xx_hal.o
                0x00000000200000bc                uwTickFreq
 *fill*         0x00000000200000bd        0x3 
 .data._impure_ptr
                0x00000000200000c0        0x4 c:/st/stm32cubeide_1.7.0/stm32cubeide/plugins/com.st.stm32cube.ide.mcu.externaltools.gnu-tools-for-stm32.9-2020-q2-update.win32_2.0.0.202105311346/tools/bin/../lib/gcc/arm-none-eabi/9.3.1/../../../../arm-none-eabi/lib/thumb/v7e-m+fp/hard\libc_nano.a(lib_a-impure.o)
                0x00000000200000c0                _impure_ptr
 .data.impure_data
                0x00000000200000c4       0x60 c:/st/stm32cubeide_1.7.0/stm32cubeide/plugins/com.st.stm32cube.ide.mcu.externaltools.gnu-tools-for-stm32.9-2020-q2-update.win32_2.0.0.202105311346/tools/bin/../lib/gcc/arm-none-eabi/9.3.1/../../../../arm-none-eabi/lib/thumb/v7e-m+fp/hard\libc_nano.a(lib_a-impure.o)
 *(.RamFunc)
 *(.RamFunc*)
                0x0000000020000124                . = ALIGN (0x4)
                0x0000000020000124                _edata = .
                0x0000000008011c60                _siccmram = LOADADDR (.ccmram)

.igot.plt       0x0000000020000124        0x0 load address 0x0000000008011c60
 .igot.plt      0x0000000020000124        0x0 c:/st/stm32cubeide_1.7.0/stm32cubeide/plugins/com.st.stm32cube.ide.mcu.externaltools.gnu-tools-for-stm32.9-2020-q2-update.win32_2.0.0.202105311346/tools/bin/../lib/gcc/arm-none-eabi/9.3.1/thumb/v7e-m+fp/hard/crtbegin.o

.ccmram         0x0000000010000000        0x0 load address 0x0000000008011c60
                0x0000000010000000                . = ALIGN (0x4)
                0x0000000010000000                _sccmram = .
 *(.ccmram)
 *(.ccmram*)
                0x0000000010000000                . = ALIGN (0x4)
                0x0000000010000000                _eccmram = .
                0x0000000010000000                . = ALIGN (0x4)

.bss            0x0000000020000124      0x6ac
                0x0000000020000124                _sbss = .
                0x0000000020000124                __bss_start__ = _sbss
 *(.bss)
 .bss           0x0000000020000124       0x1c c:/st/stm32cubeide_1.7.0/stm32cubeide/plugins/com.st.stm32cube.ide.mcu.externaltools.gnu-tools-for-stm32.9-2020-q2-update.win32_2.0.0.202105311346/tools/bin/../lib/gcc/arm-none-eabi/9.3.1/thumb/v7e-m+fp/hard/crtbegin.o
 *(.bss*)
 .bss.spi_button
                0x0000000020000140        0x2 ./Core/Src/button.o
                0x0000000020000140                spi_button
 *fill*         0x0000000020000142        0x2 
 .bss.FSMC_Initialized
                0x0000000020000144        0x4 ./Core/Src/fsmc.o
 .bss.led7_index
                0x0000000020000148        0x4 ./Core/Src/led_7seg.o
                0x0000000020000148                led7_index
 .bss.light_status
                0x000000002000014c        0x1 ./Core/Src/light_control.o
                0x000000002000014c                light_status
 *fill*         0x000000002000014d        0x1 
 .bss.status    0x000000002000014e        0x2 ./Core/Src/main.o
                0x000000002000014e                status
 .bss.level     0x0000000020000150        0x2 ./Core/Src/snake.o
                0x0000000020000150                level
 .bss.currentIndex
                0x0000000020000152        0x1 ./Core/Src/snake.o
                0x0000000020000152                currentIndex
 .bss.flag      0x0000000020000153        0x1 ./Core/Src/snake.o
                0x0000000020000153                flag
 .bss.flag1     0x0000000020000154        0x1 ./Core/Src/snake.o
                0x0000000020000154                flag1
 .bss.flag2     0x0000000020000155        0x1 ./Core/Src/snake.o
                0x0000000020000155                flag2
 .bss.count     0x0000000020000156        0x2 ./Core/Src/snake.o
                0x0000000020000156                count
 .bss.max_count
                0x0000000020000158        0x2 ./Core/Src/snake.o
                0x0000000020000158                max_count
 .bss.flag_timer2
                0x000000002000015a        0x2 ./Core/Src/software_timer.o
                0x000000002000015a                flag_timer2
 .bss.timer2_counter
                0x000000002000015c        0x2 ./Core/Src/software_timer.o
                0x000000002000015c                timer2_counter
 .bss.timer2_MUL
                0x000000002000015e        0x2 ./Core/Src/software_timer.o
                0x000000002000015e                timer2_MUL
 .bss.flag_Sensor
                0x0000000020000160        0x2 ./Core/Src/software_timer.o
                0x0000000020000160                flag_Sensor
 .bss.timer_Sensor
                0x0000000020000162        0x2 ./Core/Src/software_timer.o
                0x0000000020000162                timer_Sensor
 .bss.timer_Sensor_MUL
                0x0000000020000164        0x2 ./Core/Src/software_timer.o
                0x0000000020000164                timer_Sensor_MUL
 *fill*         0x0000000020000166        0x2 
 .bss.__sbrk_heap_end
                0x0000000020000168        0x4 ./Core/Src/sysmem.o
 .bss.receive_buffer1
                0x000000002000016c        0x1 ./Core/Src/uart.o
                0x000000002000016c                receive_buffer1
 .bss.receive_buffer2
                0x000000002000016d        0x1 ./Core/Src/uart.o
                0x000000002000016d                receive_buffer2
 .bss.check_esp
                0x000000002000016e        0x1 ./Core/Src/uart.o
                0x000000002000016e                check_esp
 *fill*         0x000000002000016f        0x1 
 .bss.__malloc_free_list
                0x0000000020000170        0x4 c:/st/stm32cubeide_1.7.0/stm32cubeide/plugins/com.st.stm32cube.ide.mcu.externaltools.gnu-tools-for-stm32.9-2020-q2-update.win32_2.0.0.202105311346/tools/bin/../lib/gcc/arm-none-eabi/9.3.1/../../../../arm-none-eabi/lib/thumb/v7e-m+fp/hard\libc_nano.a(lib_a-nano-mallocr.o)
                0x0000000020000170                __malloc_free_list
 .bss.__malloc_sbrk_start
                0x0000000020000174        0x4 c:/st/stm32cubeide_1.7.0/stm32cubeide/plugins/com.st.stm32cube.ide.mcu.externaltools.gnu-tools-for-stm32.9-2020-q2-update.win32_2.0.0.202105311346/tools/bin/../lib/gcc/arm-none-eabi/9.3.1/../../../../arm-none-eabi/lib/thumb/v7e-m+fp/hard\libc_nano.a(lib_a-nano-mallocr.o)
                0x0000000020000174                __malloc_sbrk_start
 *(COMMON)
 COMMON         0x0000000020000178       0xa8 ./Core/Src/adc.o
                0x0000000020000178                hadc1
                0x00000000200001c0                hdma_adc1
 COMMON         0x0000000020000220       0x20 ./Core/Src/button.o
                0x0000000020000220                button_count
 COMMON         0x0000000020000240       0x50 ./Core/Src/fsmc.o
                0x0000000020000240                hsram1
 COMMON         0x0000000020000290       0x54 ./Core/Src/i2c.o
                0x0000000020000290                hi2c1
 COMMON         0x00000000200002e4       0x3a ./Core/Src/lcd.o
                0x00000000200002e4                lcddev
                0x00000000200002ec                s
 *fill*         0x000000002000031e        0x2 
 COMMON         0x0000000020000320        0xa ./Core/Src/sensor.o
                0x0000000020000320                adc_receive
 *fill*         0x000000002000032a        0x2 
 COMMON         0x000000002000032c      0x2d6 ./Core/Src/snake.o
                0x000000002000032c                x_food
                0x0000000020000330                allPath
                0x0000000020000600                y_food
 *fill*         0x0000000020000602        0x2 
 COMMON         0x0000000020000604       0x58 ./Core/Src/spi.o
                0x0000000020000604                hspi1
 COMMON         0x000000002000065c       0xd8 ./Core/Src/tim.o
                0x000000002000065c                htim13
                0x00000000200006a4                htim1
                0x00000000200006ec                htim2
 COMMON         0x0000000020000734       0x88 ./Core/Src/usart.o
                0x0000000020000734                huart1
                0x0000000020000778                huart2
 COMMON         0x00000000200007bc        0x4 ./Drivers/STM32F4xx_HAL_Driver/Src/stm32f4xx_hal.o
                0x00000000200007bc                uwTick
 COMMON         0x00000000200007c0        0x9 c:/st/stm32cubeide_1.7.0/stm32cubeide/plugins/com.st.stm32cube.ide.mcu.externaltools.gnu-tools-for-stm32.9-2020-q2-update.win32_2.0.0.202105311346/tools/bin/../lib/gcc/arm-none-eabi/9.3.1/../../../../arm-none-eabi/lib/thumb/v7e-m+fp/hard\libc_nano.a(lib_a-lock.o)
                0x00000000200007c0                __lock___atexit_recursive_mutex
                0x00000000200007c1                __lock___arc4random_mutex
                0x00000000200007c2                __lock___env_recursive_mutex
                0x00000000200007c3                __lock___sinit_recursive_mutex
                0x00000000200007c4                __lock___malloc_recursive_mutex
                0x00000000200007c5                __lock___at_quick_exit_mutex
                0x00000000200007c6                __lock___dd_hash_mutex
                0x00000000200007c7                __lock___tz_mutex
                0x00000000200007c8                __lock___sfp_recursive_mutex
 *fill*         0x00000000200007c9        0x3 
 COMMON         0x00000000200007cc        0x4 c:/st/stm32cubeide_1.7.0/stm32cubeide/plugins/com.st.stm32cube.ide.mcu.externaltools.gnu-tools-for-stm32.9-2020-q2-update.win32_2.0.0.202105311346/tools/bin/../lib/gcc/arm-none-eabi/9.3.1/../../../../arm-none-eabi/lib/thumb/v7e-m+fp/hard\libc_nano.a(lib_a-reent.o)
                0x00000000200007cc                errno
                0x00000000200007d0                . = ALIGN (0x4)
                0x00000000200007d0                _ebss = .
                0x00000000200007d0                __bss_end__ = _ebss

._user_heap_stack
                0x00000000200007d0      0x600
                0x00000000200007d0                . = ALIGN (0x8)
                [!provide]                        PROVIDE (end = .)
                0x00000000200007d0                PROVIDE (_end = .)
                0x00000000200009d0                . = (. + _Min_Heap_Size)
 *fill*         0x00000000200007d0      0x200 
                0x0000000020000dd0                . = (. + _Min_Stack_Size)
 *fill*         0x00000000200009d0      0x400 
                0x0000000020000dd0                . = ALIGN (0x8)

/DISCARD/
 libc.a(*)
 libm.a(*)
 libgcc.a(*)

.ARM.attributes
                0x0000000000000000       0x30
 *(.ARM.attributes)
 .ARM.attributes
                0x0000000000000000       0x1e c:/st/stm32cubeide_1.7.0/stm32cubeide/plugins/com.st.stm32cube.ide.mcu.externaltools.gnu-tools-for-stm32.9-2020-q2-update.win32_2.0.0.202105311346/tools/bin/../lib/gcc/arm-none-eabi/9.3.1/thumb/v7e-m+fp/hard/crti.o
 .ARM.attributes
                0x000000000000001e       0x34 c:/st/stm32cubeide_1.7.0/stm32cubeide/plugins/com.st.stm32cube.ide.mcu.externaltools.gnu-tools-for-stm32.9-2020-q2-update.win32_2.0.0.202105311346/tools/bin/../lib/gcc/arm-none-eabi/9.3.1/thumb/v7e-m+fp/hard/crtbegin.o
 .ARM.attributes
                0x0000000000000052       0x34 ./Core/Src/adc.o
 .ARM.attributes
                0x0000000000000086       0x34 ./Core/Src/button.o
 .ARM.attributes
                0x00000000000000ba       0x34 ./Core/Src/dma.o
 .ARM.attributes
                0x00000000000000ee       0x34 ./Core/Src/fsmc.o
 .ARM.attributes
                0x0000000000000122       0x34 ./Core/Src/gpio.o
 .ARM.attributes
                0x0000000000000156       0x34 ./Core/Src/i2c.o
 .ARM.attributes
                0x000000000000018a       0x34 ./Core/Src/lcd.o
 .ARM.attributes
                0x00000000000001be       0x34 ./Core/Src/led_7seg.o
 .ARM.attributes
                0x00000000000001f2       0x34 ./Core/Src/light_control.o
 .ARM.attributes