../Core/Src/snake.c:18:10:random_eat	16	static
../Core/Src/snake.c:29:6:snake_init	56	static
../Core/Src/snake.c:36:6:display	24	static
../Core/Src/snake.c:42:6:fill_white	4	static
../Core/Src/snake.c:45:6:game_over	32	static
../Core/Src/snake.c:59:6:delete_path	32	static
../Core/Src/snake.c:104:6:right	24	static
../Core/Src/snake.c:136:6:left	24	static
../Core/Src/snake.c:168:6:up	24	static
../Core/Src/snake.c:199:6:down	24	static
../Core/Src/snake.c:228:6:eat_food_success	24	static
../Core/Src/snake.c:236:6:food	24	static
../Core/Src/snake.c:282:6:move	8	static
../Core/Src/snake.c:341:6:wall	16	static
../Core/Src/snake.c:345:6:start_game	24	static
