../Core/Src/snake.c:19:10:random_eat	16	static
../Core/Src/snake.c:29:6:snake_init	24	static
../Core/Src/snake.c:32:6:display	24	static
../Core/Src/snake.c:38:6:game_over	32	static
../Core/Src/snake.c:52:6:delete_path	32	static
../Core/Src/snake.c:104:6:right	24	static
../Core/Src/snake.c:134:6:left	24	static
../Core/Src/snake.c:168:6:up	24	static
../Core/Src/snake.c:204:6:down	24	static
../Core/Src/snake.c:235:6:eat_food_success	24	static
../Core/Src/snake.c:243:6:food	24	static
../Core/Src/snake.c:289:6:move	8	static
../Core/Src/snake.c:348:6:wall	16	static
../Core/Src/snake.c:352:6:start_game	24	static
